Archive member included to satisfy reference by file (symbol)

c:/program files (x86)/atmel/studio/7.0/toolchain/avr8/avr8-gnu-toolchain/bin/../lib/gcc/avr/5.4.0/avrxmega6\libgcc.a(_udivmodsi4.o)
                              src/rtc32_example.o (__udivmodsi4)
c:/program files (x86)/atmel/studio/7.0/toolchain/avr8/avr8-gnu-toolchain/bin/../lib/gcc/avr/5.4.0/avrxmega6\libgcc.a(_exit.o)
                              C:/Program Files (x86)/Atmel/Studio/7.0/Packs/atmel/XMEGAA_DFP/1.1.68/gcc/dev/atxmega256a3b/avrxmega6/crtatxmega256a3b.o (exit)
c:/program files (x86)/atmel/studio/7.0/toolchain/avr8/avr8-gnu-toolchain/bin/../lib/gcc/avr/5.4.0/avrxmega6\libgcc.a(_copy_data.o)
                              src/ASF/common/services/sleepmgr/xmega/sleepmgr.o (__do_copy_data)
c:/program files (x86)/atmel/studio/7.0/toolchain/avr8/avr8-gnu-toolchain/bin/../lib/gcc/avr/5.4.0/avrxmega6\libgcc.a(_clear_bss.o)
                              src/ASF/common/services/sleepmgr/xmega/sleepmgr.o (__do_clear_bss)

Allocating common symbols
Common symbol       size              file

rtc_data            0x2               src/ASF/xmega/drivers/rtc32/rtc32.o
sleepmgr_locks      0x6               src/ASF/common/services/sleepmgr/xmega/sleepmgr.o

Discarded input sections

 .data          0x00000000        0x0 C:/Program Files (x86)/Atmel/Studio/7.0/Packs/atmel/XMEGAA_DFP/1.1.68/gcc/dev/atxmega256a3b/avrxmega6/crtatxmega256a3b.o
 .bss           0x00000000        0x0 C:/Program Files (x86)/Atmel/Studio/7.0/Packs/atmel/XMEGAA_DFP/1.1.68/gcc/dev/atxmega256a3b/avrxmega6/crtatxmega256a3b.o
 .group         0x00000000        0x8 src/ASF/common/services/clock/xmega/sysclk.o
 .group         0x00000000        0x8 src/ASF/common/services/clock/xmega/sysclk.o
 .group         0x00000000        0x8 src/ASF/common/services/clock/xmega/sysclk.o
 .group         0x00000000        0x8 src/ASF/common/services/clock/xmega/sysclk.o
 .group         0x00000000        0x8 src/ASF/common/services/clock/xmega/sysclk.o
 .group         0x00000000        0x8 src/ASF/common/services/clock/xmega/sysclk.o
 .group         0x00000000        0x8 src/ASF/common/services/clock/xmega/sysclk.o
 .group         0x00000000        0x8 src/ASF/common/services/clock/xmega/sysclk.o
 .group         0x00000000        0x8 src/ASF/common/services/clock/xmega/sysclk.o
 .group         0x00000000        0x8 src/ASF/common/services/clock/xmega/sysclk.o
 .group         0x00000000        0x8 src/ASF/common/services/clock/xmega/sysclk.o
 .group         0x00000000        0x8 src/ASF/common/services/clock/xmega/sysclk.o
 .group         0x00000000        0x8 src/ASF/common/services/clock/xmega/sysclk.o
 .group         0x00000000        0x8 src/ASF/common/services/clock/xmega/sysclk.o
 .group         0x00000000        0x8 src/ASF/common/services/clock/xmega/sysclk.o
 .group         0x00000000        0x8 src/ASF/common/services/clock/xmega/sysclk.o
 .group         0x00000000        0x8 src/ASF/common/services/clock/xmega/sysclk.o
 .group         0x00000000        0x8 src/ASF/common/services/clock/xmega/sysclk.o
 .group         0x00000000        0x8 src/ASF/common/services/clock/xmega/sysclk.o
 .group         0x00000000        0x8 src/ASF/common/services/clock/xmega/sysclk.o
 .group         0x00000000        0x8 src/ASF/common/services/clock/xmega/sysclk.o
 .group         0x00000000        0x8 src/ASF/common/services/clock/xmega/sysclk.o
 .group         0x00000000        0x8 src/ASF/common/services/clock/xmega/sysclk.o
 .group         0x00000000        0x8 src/ASF/common/services/clock/xmega/sysclk.o
 .group         0x00000000        0x8 src/ASF/common/services/clock/xmega/sysclk.o
 .group         0x00000000        0x8 src/ASF/common/services/clock/xmega/sysclk.o
 .group         0x00000000        0x8 src/ASF/common/services/clock/xmega/sysclk.o
 .group         0x00000000        0x8 src/ASF/common/services/clock/xmega/sysclk.o
 .group         0x00000000        0x8 src/ASF/common/services/clock/xmega/sysclk.o
 .group         0x00000000        0x8 src/ASF/common/services/clock/xmega/sysclk.o
 .group         0x00000000        0x8 src/ASF/common/services/clock/xmega/sysclk.o
 .group         0x00000000        0x8 src/ASF/common/services/clock/xmega/sysclk.o
 .group         0x00000000        0x8 src/ASF/common/services/clock/xmega/sysclk.o
 .group         0x00000000        0x8 src/ASF/common/services/clock/xmega/sysclk.o
 .group         0x00000000        0x8 src/ASF/common/services/clock/xmega/sysclk.o
 .group         0x00000000        0x8 src/ASF/common/services/clock/xmega/sysclk.o
 .text          0x00000000        0x0 src/ASF/common/services/clock/xmega/sysclk.o
 .data          0x00000000        0x0 src/ASF/common/services/clock/xmega/sysclk.o
 .bss           0x00000000        0x0 src/ASF/common/services/clock/xmega/sysclk.o
 .text.sysclk_disable_module
                0x00000000       0x2a src/ASF/common/services/clock/xmega/sysclk.o
 .group         0x00000000        0x8 src/ASF/common/services/ioport/xmega/ioport_compat.o
 .group         0x00000000        0x8 src/ASF/common/services/ioport/xmega/ioport_compat.o
 .group         0x00000000        0x8 src/ASF/common/services/ioport/xmega/ioport_compat.o
 .group         0x00000000        0x8 src/ASF/common/services/ioport/xmega/ioport_compat.o
 .group         0x00000000        0x8 src/ASF/common/services/ioport/xmega/ioport_compat.o
 .group         0x00000000        0x8 src/ASF/common/services/ioport/xmega/ioport_compat.o
 .group         0x00000000        0x8 src/ASF/common/services/ioport/xmega/ioport_compat.o
 .group         0x00000000        0x8 src/ASF/common/services/ioport/xmega/ioport_compat.o
 .group         0x00000000        0x8 src/ASF/common/services/ioport/xmega/ioport_compat.o
 .group         0x00000000        0x8 src/ASF/common/services/ioport/xmega/ioport_compat.o
 .group         0x00000000        0x8 src/ASF/common/services/ioport/xmega/ioport_compat.o
 .group         0x00000000        0x8 src/ASF/common/services/ioport/xmega/ioport_compat.o
 .group         0x00000000        0x8 src/ASF/common/services/ioport/xmega/ioport_compat.o
 .group         0x00000000        0x8 src/ASF/common/services/ioport/xmega/ioport_compat.o
 .group         0x00000000        0x8 src/ASF/common/services/ioport/xmega/ioport_compat.o
 .group         0x00000000        0x8 src/ASF/common/services/ioport/xmega/ioport_compat.o
 .group         0x00000000        0x8 src/ASF/common/services/ioport/xmega/ioport_compat.o
 .group         0x00000000        0x8 src/ASF/common/services/ioport/xmega/ioport_compat.o
 .group         0x00000000        0x8 src/ASF/common/services/ioport/xmega/ioport_compat.o
 .group         0x00000000        0x8 src/ASF/common/services/ioport/xmega/ioport_compat.o
 .group         0x00000000        0x8 src/ASF/common/services/ioport/xmega/ioport_compat.o
 .group         0x00000000        0x8 src/ASF/common/services/ioport/xmega/ioport_compat.o
 .group         0x00000000        0x8 src/ASF/common/services/ioport/xmega/ioport_compat.o
 .group         0x00000000        0x8 src/ASF/common/services/ioport/xmega/ioport_compat.o
 .group         0x00000000        0x8 src/ASF/common/services/ioport/xmega/ioport_compat.o
 .group         0x00000000        0x8 src/ASF/common/services/ioport/xmega/ioport_compat.o
 .group         0x00000000        0x8 src/ASF/common/services/ioport/xmega/ioport_compat.o
 .group         0x00000000        0x8 src/ASF/common/services/ioport/xmega/ioport_compat.o
 .group         0x00000000        0x8 src/ASF/common/services/ioport/xmega/ioport_compat.o
 .group         0x00000000        0x8 src/ASF/common/services/ioport/xmega/ioport_compat.o
 .group         0x00000000        0x8 src/ASF/common/services/ioport/xmega/ioport_compat.o
 .group         0x00000000        0x8 src/ASF/common/services/ioport/xmega/ioport_compat.o
 .group         0x00000000        0x8 src/ASF/common/services/ioport/xmega/ioport_compat.o
 .text          0x00000000        0x0 src/ASF/common/services/ioport/xmega/ioport_compat.o
 .data          0x00000000        0x0 src/ASF/common/services/ioport/xmega/ioport_compat.o
 .bss           0x00000000        0x0 src/ASF/common/services/ioport/xmega/ioport_compat.o
 .debug_macro   0x00000000      0xa8a src/ASF/common/services/ioport/xmega/ioport_compat.o
 .debug_macro   0x00000000      0x64b src/ASF/common/services/ioport/xmega/ioport_compat.o
 .debug_macro   0x00000000       0x10 src/ASF/common/services/ioport/xmega/ioport_compat.o
 .debug_macro   0x00000000      0x1c9 src/ASF/common/services/ioport/xmega/ioport_compat.o
 .debug_macro   0x00000000      0x2fc src/ASF/common/services/ioport/xmega/ioport_compat.o
 .debug_macro   0x00000000       0x9e src/ASF/common/services/ioport/xmega/ioport_compat.o
 .debug_macro   0x00000000     0x4da2 src/ASF/common/services/ioport/xmega/ioport_compat.o
 .debug_macro   0x00000000       0x9a src/ASF/common/services/ioport/xmega/ioport_compat.o
 .debug_macro   0x00000000       0xf1 src/ASF/common/services/ioport/xmega/ioport_compat.o
 .debug_macro   0x00000000       0x34 src/ASF/common/services/ioport/xmega/ioport_compat.o
 .debug_macro   0x00000000       0x16 src/ASF/common/services/ioport/xmega/ioport_compat.o
 .debug_macro   0x00000000       0x18 src/ASF/common/services/ioport/xmega/ioport_compat.o
 .debug_macro   0x00000000       0x5e src/ASF/common/services/ioport/xmega/ioport_compat.o
 .debug_macro   0x00000000       0x10 src/ASF/common/services/ioport/xmega/ioport_compat.o
 .debug_macro   0x00000000       0x22 src/ASF/common/services/ioport/xmega/ioport_compat.o
 .debug_macro   0x00000000      0x16d src/ASF/common/services/ioport/xmega/ioport_compat.o
 .debug_macro   0x00000000       0x1c src/ASF/common/services/ioport/xmega/ioport_compat.o
 .debug_macro   0x00000000       0x35 src/ASF/common/services/ioport/xmega/ioport_compat.o
 .debug_macro   0x00000000       0x66 src/ASF/common/services/ioport/xmega/ioport_compat.o
 .debug_macro   0x00000000       0x97 src/ASF/common/services/ioport/xmega/ioport_compat.o
 .debug_macro   0x00000000       0x17 src/ASF/common/services/ioport/xmega/ioport_compat.o
 .debug_macro   0x00000000      0x250 src/ASF/common/services/ioport/xmega/ioport_compat.o
 .debug_macro   0x00000000       0x76 src/ASF/common/services/ioport/xmega/ioport_compat.o
 .debug_macro   0x00000000       0x16 src/ASF/common/services/ioport/xmega/ioport_compat.o
 .debug_macro   0x00000000      0x6e3 src/ASF/common/services/ioport/xmega/ioport_compat.o
 .debug_macro   0x00000000       0x10 src/ASF/common/services/ioport/xmega/ioport_compat.o
 .debug_macro   0x00000000      0x175 src/ASF/common/services/ioport/xmega/ioport_compat.o
 .debug_macro   0x00000000       0x40 src/ASF/common/services/ioport/xmega/ioport_compat.o
 .debug_macro   0x00000000       0x69 src/ASF/common/services/ioport/xmega/ioport_compat.o
 .debug_macro   0x00000000       0x32 src/ASF/common/services/ioport/xmega/ioport_compat.o
 .debug_macro   0x00000000       0xe4 src/ASF/common/services/ioport/xmega/ioport_compat.o
 .group         0x00000000        0x8 src/ASF/common/services/sleepmgr/xmega/sleepmgr.o
 .group         0x00000000        0x8 src/ASF/common/services/sleepmgr/xmega/sleepmgr.o
 .group         0x00000000        0x8 src/ASF/common/services/sleepmgr/xmega/sleepmgr.o
 .group         0x00000000        0x8 src/ASF/common/services/sleepmgr/xmega/sleepmgr.o
 .group         0x00000000        0x8 src/ASF/common/services/sleepmgr/xmega/sleepmgr.o
 .group         0x00000000        0x8 src/ASF/common/services/sleepmgr/xmega/sleepmgr.o
 .group         0x00000000        0x8 src/ASF/common/services/sleepmgr/xmega/sleepmgr.o
 .group         0x00000000        0x8 src/ASF/common/services/sleepmgr/xmega/sleepmgr.o
 .group         0x00000000        0x8 src/ASF/common/services/sleepmgr/xmega/sleepmgr.o
 .group         0x00000000        0x8 src/ASF/common/services/sleepmgr/xmega/sleepmgr.o
 .group         0x00000000        0x8 src/ASF/common/services/sleepmgr/xmega/sleepmgr.o
 .group         0x00000000        0x8 src/ASF/common/services/sleepmgr/xmega/sleepmgr.o
 .group         0x00000000        0x8 src/ASF/common/services/sleepmgr/xmega/sleepmgr.o
 .group         0x00000000        0x8 src/ASF/common/services/sleepmgr/xmega/sleepmgr.o
 .group         0x00000000        0x8 src/ASF/common/services/sleepmgr/xmega/sleepmgr.o
 .group         0x00000000        0x8 src/ASF/common/services/sleepmgr/xmega/sleepmgr.o
 .group         0x00000000        0x8 src/ASF/common/services/sleepmgr/xmega/sleepmgr.o
 .group         0x00000000        0x8 src/ASF/common/services/sleepmgr/xmega/sleepmgr.o
 .group         0x00000000        0x8 src/ASF/common/services/sleepmgr/xmega/sleepmgr.o
 .group         0x00000000        0x8 src/ASF/common/services/sleepmgr/xmega/sleepmgr.o
 .group         0x00000000        0x8 src/ASF/common/services/sleepmgr/xmega/sleepmgr.o
 .group         0x00000000        0x8 src/ASF/common/services/sleepmgr/xmega/sleepmgr.o
 .group         0x00000000        0x8 src/ASF/common/services/sleepmgr/xmega/sleepmgr.o
 .group         0x00000000        0x8 src/ASF/common/services/sleepmgr/xmega/sleepmgr.o
 .group         0x00000000        0x8 src/ASF/common/services/sleepmgr/xmega/sleepmgr.o
 .group         0x00000000        0x8 src/ASF/common/services/sleepmgr/xmega/sleepmgr.o
 .group         0x00000000        0x8 src/ASF/common/services/sleepmgr/xmega/sleepmgr.o
 .group         0x00000000        0x8 src/ASF/common/services/sleepmgr/xmega/sleepmgr.o
 .group         0x00000000        0x8 src/ASF/common/services/sleepmgr/xmega/sleepmgr.o
 .group         0x00000000        0x8 src/ASF/common/services/sleepmgr/xmega/sleepmgr.o
 .group         0x00000000        0x8 src/ASF/common/services/sleepmgr/xmega/sleepmgr.o
 .group         0x00000000        0x8 src/ASF/common/services/sleepmgr/xmega/sleepmgr.o
 .group         0x00000000        0x8 src/ASF/common/services/sleepmgr/xmega/sleepmgr.o
 .text          0x00000000        0x0 src/ASF/common/services/sleepmgr/xmega/sleepmgr.o
 .data          0x00000000        0x0 src/ASF/common/services/sleepmgr/xmega/sleepmgr.o
 .bss           0x00000000        0x0 src/ASF/common/services/sleepmgr/xmega/sleepmgr.o
 .debug_macro   0x00000000      0xa8a src/ASF/common/services/sleepmgr/xmega/sleepmgr.o
 .debug_macro   0x00000000       0x10 src/ASF/common/services/sleepmgr/xmega/sleepmgr.o
 .debug_macro   0x00000000      0x1c9 src/ASF/common/services/sleepmgr/xmega/sleepmgr.o
 .debug_macro   0x00000000      0x2fc src/ASF/common/services/sleepmgr/xmega/sleepmgr.o
 .debug_macro   0x00000000       0x9e src/ASF/common/services/sleepmgr/xmega/sleepmgr.o
 .debug_macro   0x00000000     0x4da2 src/ASF/common/services/sleepmgr/xmega/sleepmgr.o
 .debug_macro   0x00000000       0x9a src/ASF/common/services/sleepmgr/xmega/sleepmgr.o
 .debug_macro   0x00000000       0xf1 src/ASF/common/services/sleepmgr/xmega/sleepmgr.o
 .debug_macro   0x00000000       0x34 src/ASF/common/services/sleepmgr/xmega/sleepmgr.o
 .debug_macro   0x00000000       0x16 src/ASF/common/services/sleepmgr/xmega/sleepmgr.o
 .debug_macro   0x00000000       0x18 src/ASF/common/services/sleepmgr/xmega/sleepmgr.o
 .debug_macro   0x00000000       0x5e src/ASF/common/services/sleepmgr/xmega/sleepmgr.o
 .debug_macro   0x00000000       0x10 src/ASF/common/services/sleepmgr/xmega/sleepmgr.o
 .debug_macro   0x00000000       0x22 src/ASF/common/services/sleepmgr/xmega/sleepmgr.o
 .debug_macro   0x00000000      0x16d src/ASF/common/services/sleepmgr/xmega/sleepmgr.o
 .debug_macro   0x00000000       0x1c src/ASF/common/services/sleepmgr/xmega/sleepmgr.o
 .debug_macro   0x00000000       0x35 src/ASF/common/services/sleepmgr/xmega/sleepmgr.o
 .debug_macro   0x00000000       0x66 src/ASF/common/services/sleepmgr/xmega/sleepmgr.o
 .debug_macro   0x00000000      0x64b src/ASF/common/services/sleepmgr/xmega/sleepmgr.o
 .debug_macro   0x00000000       0x97 src/ASF/common/services/sleepmgr/xmega/sleepmgr.o
 .debug_macro   0x00000000       0x17 src/ASF/common/services/sleepmgr/xmega/sleepmgr.o
 .debug_macro   0x00000000      0x250 src/ASF/common/services/sleepmgr/xmega/sleepmgr.o
 .debug_macro   0x00000000       0x76 src/ASF/common/services/sleepmgr/xmega/sleepmgr.o
 .debug_macro   0x00000000       0x16 src/ASF/common/services/sleepmgr/xmega/sleepmgr.o
 .debug_macro   0x00000000      0x6e3 src/ASF/common/services/sleepmgr/xmega/sleepmgr.o
 .debug_macro   0x00000000       0x10 src/ASF/common/services/sleepmgr/xmega/sleepmgr.o
 .debug_macro   0x00000000      0x175 src/ASF/common/services/sleepmgr/xmega/sleepmgr.o
 .debug_macro   0x00000000       0x40 src/ASF/common/services/sleepmgr/xmega/sleepmgr.o
 .debug_macro   0x00000000       0x69 src/ASF/common/services/sleepmgr/xmega/sleepmgr.o
 .debug_macro   0x00000000       0x32 src/ASF/common/services/sleepmgr/xmega/sleepmgr.o
 .debug_macro   0x00000000       0xe4 src/ASF/common/services/sleepmgr/xmega/sleepmgr.o
 .group         0x00000000        0x8 src/ASF/xmega/boards/stk600/rc064x/init.o
 .group         0x00000000        0x8 src/ASF/xmega/boards/stk600/rc064x/init.o
 .group         0x00000000        0x8 src/ASF/xmega/boards/stk600/rc064x/init.o
 .group         0x00000000        0x8 src/ASF/xmega/boards/stk600/rc064x/init.o
 .group         0x00000000        0x8 src/ASF/xmega/boards/stk600/rc064x/init.o
 .group         0x00000000        0x8 src/ASF/xmega/boards/stk600/rc064x/init.o
 .group         0x00000000        0x8 src/ASF/xmega/boards/stk600/rc064x/init.o
 .group         0x00000000        0x8 src/ASF/xmega/boards/stk600/rc064x/init.o
 .group         0x00000000        0x8 src/ASF/xmega/boards/stk600/rc064x/init.o
 .group         0x00000000        0x8 src/ASF/xmega/boards/stk600/rc064x/init.o
 .group         0x00000000        0x8 src/ASF/xmega/boards/stk600/rc064x/init.o
 .group         0x00000000        0x8 src/ASF/xmega/boards/stk600/rc064x/init.o
 .group         0x00000000        0x8 src/ASF/xmega/boards/stk600/rc064x/init.o
 .group         0x00000000        0x8 src/ASF/xmega/boards/stk600/rc064x/init.o
 .group         0x00000000        0x8 src/ASF/xmega/boards/stk600/rc064x/init.o
 .group         0x00000000        0x8 src/ASF/xmega/boards/stk600/rc064x/init.o
 .group         0x00000000        0x8 src/ASF/xmega/boards/stk600/rc064x/init.o
 .group         0x00000000        0x8 src/ASF/xmega/boards/stk600/rc064x/init.o
 .group         0x00000000        0x8 src/ASF/xmega/boards/stk600/rc064x/init.o
 .group         0x00000000        0x8 src/ASF/xmega/boards/stk600/rc064x/init.o
 .group         0x00000000        0x8 src/ASF/xmega/boards/stk600/rc064x/init.o
 .group         0x00000000        0x8 src/ASF/xmega/boards/stk600/rc064x/init.o
 .group         0x00000000        0x8 src/ASF/xmega/boards/stk600/rc064x/init.o
 .group         0x00000000        0x8 src/ASF/xmega/boards/stk600/rc064x/init.o
 .group         0x00000000        0x8 src/ASF/xmega/boards/stk600/rc064x/init.o
 .group         0x00000000        0x8 src/ASF/xmega/boards/stk600/rc064x/init.o
 .group         0x00000000        0x8 src/ASF/xmega/boards/stk600/rc064x/init.o
 .group         0x00000000        0x8 src/ASF/xmega/boards/stk600/rc064x/init.o
 .group         0x00000000        0x8 src/ASF/xmega/boards/stk600/rc064x/init.o
 .group         0x00000000        0x8 src/ASF/xmega/boards/stk600/rc064x/init.o
 .group         0x00000000        0x8 src/ASF/xmega/boards/stk600/rc064x/init.o
 .group         0x00000000        0x8 src/ASF/xmega/boards/stk600/rc064x/init.o
 .group         0x00000000        0x8 src/ASF/xmega/boards/stk600/rc064x/init.o
 .group         0x00000000        0x8 src/ASF/xmega/boards/stk600/rc064x/init.o
 .group         0x00000000        0x8 src/ASF/xmega/boards/stk600/rc064x/init.o
 .group         0x00000000        0x8 src/ASF/xmega/boards/stk600/rc064x/init.o
 .text          0x00000000        0x0 src/ASF/xmega/boards/stk600/rc064x/init.o
 .data          0x00000000        0x0 src/ASF/xmega/boards/stk600/rc064x/init.o
 .bss           0x00000000        0x0 src/ASF/xmega/boards/stk600/rc064x/init.o
 .debug_macro   0x00000000      0xa8a src/ASF/xmega/boards/stk600/rc064x/init.o
 .debug_macro   0x00000000       0x10 src/ASF/xmega/boards/stk600/rc064x/init.o
 .debug_macro   0x00000000      0x1c9 src/ASF/xmega/boards/stk600/rc064x/init.o
 .debug_macro   0x00000000      0x2fc src/ASF/xmega/boards/stk600/rc064x/init.o
 .debug_macro   0x00000000       0x9e src/ASF/xmega/boards/stk600/rc064x/init.o
 .debug_macro   0x00000000     0x4da2 src/ASF/xmega/boards/stk600/rc064x/init.o
 .debug_macro   0x00000000       0x9a src/ASF/xmega/boards/stk600/rc064x/init.o
 .debug_macro   0x00000000       0xf1 src/ASF/xmega/boards/stk600/rc064x/init.o
 .debug_macro   0x00000000       0x34 src/ASF/xmega/boards/stk600/rc064x/init.o
 .debug_macro   0x00000000       0x16 src/ASF/xmega/boards/stk600/rc064x/init.o
 .debug_macro   0x00000000       0x18 src/ASF/xmega/boards/stk600/rc064x/init.o
 .debug_macro   0x00000000       0x5e src/ASF/xmega/boards/stk600/rc064x/init.o
 .debug_macro   0x00000000       0x10 src/ASF/xmega/boards/stk600/rc064x/init.o
 .debug_macro   0x00000000       0x22 src/ASF/xmega/boards/stk600/rc064x/init.o
 .debug_macro   0x00000000      0x16d src/ASF/xmega/boards/stk600/rc064x/init.o
 .debug_macro   0x00000000       0x1c src/ASF/xmega/boards/stk600/rc064x/init.o
 .debug_macro   0x00000000       0x35 src/ASF/xmega/boards/stk600/rc064x/init.o
 .debug_macro   0x00000000       0x66 src/ASF/xmega/boards/stk600/rc064x/init.o
 .debug_macro   0x00000000      0x64b src/ASF/xmega/boards/stk600/rc064x/init.o
 .debug_macro   0x00000000       0x97 src/ASF/xmega/boards/stk600/rc064x/init.o
 .debug_macro   0x00000000       0x17 src/ASF/xmega/boards/stk600/rc064x/init.o
 .debug_macro   0x00000000      0x250 src/ASF/xmega/boards/stk600/rc064x/init.o
 .debug_macro   0x00000000       0x76 src/ASF/xmega/boards/stk600/rc064x/init.o
 .debug_macro   0x00000000       0x16 src/ASF/xmega/boards/stk600/rc064x/init.o
 .debug_macro   0x00000000      0x6e3 src/ASF/xmega/boards/stk600/rc064x/init.o
 .debug_macro   0x00000000       0x10 src/ASF/xmega/boards/stk600/rc064x/init.o
 .debug_macro   0x00000000      0x175 src/ASF/xmega/boards/stk600/rc064x/init.o
 .debug_macro   0x00000000       0x40 src/ASF/xmega/boards/stk600/rc064x/init.o
 .debug_macro   0x00000000       0x69 src/ASF/xmega/boards/stk600/rc064x/init.o
 .debug_macro   0x00000000       0x32 src/ASF/xmega/boards/stk600/rc064x/init.o
 .debug_macro   0x00000000       0xe4 src/ASF/xmega/boards/stk600/rc064x/init.o
 .debug_macro   0x00000000       0xab src/ASF/xmega/boards/stk600/rc064x/init.o
 .debug_macro   0x00000000       0x82 src/ASF/xmega/boards/stk600/rc064x/init.o
 .debug_macro   0x00000000      0x109 src/ASF/xmega/boards/stk600/rc064x/init.o
 .text          0x00000000        0x0 src/ASF/xmega/drivers/cpu/ccp.o
 .data          0x00000000        0x0 src/ASF/xmega/drivers/cpu/ccp.o
 .bss           0x00000000        0x0 src/ASF/xmega/drivers/cpu/ccp.o
 .group         0x00000000        0x8 src/ASF/xmega/drivers/rtc32/rtc32.o
 .group         0x00000000        0x8 src/ASF/xmega/drivers/rtc32/rtc32.o
 .group         0x00000000        0x8 src/ASF/xmega/drivers/rtc32/rtc32.o
 .group         0x00000000        0x8 src/ASF/xmega/drivers/rtc32/rtc32.o
 .group         0x00000000        0x8 src/ASF/xmega/drivers/rtc32/rtc32.o
 .group         0x00000000        0x8 src/ASF/xmega/drivers/rtc32/rtc32.o
 .group         0x00000000        0x8 src/ASF/xmega/drivers/rtc32/rtc32.o
 .group         0x00000000        0x8 src/ASF/xmega/drivers/rtc32/rtc32.o
 .group         0x00000000        0x8 src/ASF/xmega/drivers/rtc32/rtc32.o
 .group         0x00000000        0x8 src/ASF/xmega/drivers/rtc32/rtc32.o
 .group         0x00000000        0x8 src/ASF/xmega/drivers/rtc32/rtc32.o
 .group         0x00000000        0x8 src/ASF/xmega/drivers/rtc32/rtc32.o
 .group         0x00000000        0x8 src/ASF/xmega/drivers/rtc32/rtc32.o
 .group         0x00000000        0x8 src/ASF/xmega/drivers/rtc32/rtc32.o
 .group         0x00000000        0x8 src/ASF/xmega/drivers/rtc32/rtc32.o
 .group         0x00000000        0x8 src/ASF/xmega/drivers/rtc32/rtc32.o
 .group         0x00000000        0x8 src/ASF/xmega/drivers/rtc32/rtc32.o
 .group         0x00000000        0x8 src/ASF/xmega/drivers/rtc32/rtc32.o
 .group         0x00000000        0x8 src/ASF/xmega/drivers/rtc32/rtc32.o
 .group         0x00000000        0x8 src/ASF/xmega/drivers/rtc32/rtc32.o
 .group         0x00000000        0x8 src/ASF/xmega/drivers/rtc32/rtc32.o
 .group         0x00000000        0x8 src/ASF/xmega/drivers/rtc32/rtc32.o
 .group         0x00000000        0x8 src/ASF/xmega/drivers/rtc32/rtc32.o
 .group         0x00000000        0x8 src/ASF/xmega/drivers/rtc32/rtc32.o
 .group         0x00000000        0x8 src/ASF/xmega/drivers/rtc32/rtc32.o
 .group         0x00000000        0x8 src/ASF/xmega/drivers/rtc32/rtc32.o
 .group         0x00000000        0x8 src/ASF/xmega/drivers/rtc32/rtc32.o
 .group         0x00000000        0x8 src/ASF/xmega/drivers/rtc32/rtc32.o
 .group         0x00000000        0x8 src/ASF/xmega/drivers/rtc32/rtc32.o
 .group         0x00000000        0x8 src/ASF/xmega/drivers/rtc32/rtc32.o
 .group         0x00000000        0x8 src/ASF/xmega/drivers/rtc32/rtc32.o
 .group         0x00000000        0x8 src/ASF/xmega/drivers/rtc32/rtc32.o
 .group         0x00000000        0x8 src/ASF/xmega/drivers/rtc32/rtc32.o
 .group         0x00000000        0x8 src/ASF/xmega/drivers/rtc32/rtc32.o
 .group         0x00000000        0x8 src/ASF/xmega/drivers/rtc32/rtc32.o
 .group         0x00000000        0x8 src/ASF/xmega/drivers/rtc32/rtc32.o
 .group         0x00000000        0x8 src/ASF/xmega/drivers/rtc32/rtc32.o
 .group         0x00000000        0x8 src/ASF/xmega/drivers/rtc32/rtc32.o
 .text          0x00000000        0x0 src/ASF/xmega/drivers/rtc32/rtc32.o
 .data          0x00000000        0x0 src/ASF/xmega/drivers/rtc32/rtc32.o
 .bss           0x00000000        0x0 src/ASF/xmega/drivers/rtc32/rtc32.o
 .text.rtc_set_time
                0x00000000       0x20 src/ASF/xmega/drivers/rtc32/rtc32.o
 .text.rtc_alarm_has_triggered
                0x00000000       0x10 src/ASF/xmega/drivers/rtc32/rtc32.o
 .text.rtc_vbat_system_check
                0x00000000       0x48 src/ASF/xmega/drivers/rtc32/rtc32.o
 .debug_macro   0x00000000      0xa8a src/ASF/xmega/drivers/rtc32/rtc32.o
 .debug_macro   0x00000000       0x10 src/ASF/xmega/drivers/rtc32/rtc32.o
 .debug_macro   0x00000000      0x1c9 src/ASF/xmega/drivers/rtc32/rtc32.o
 .debug_macro   0x00000000      0x2fc src/ASF/xmega/drivers/rtc32/rtc32.o
 .debug_macro   0x00000000       0x9e src/ASF/xmega/drivers/rtc32/rtc32.o
 .debug_macro   0x00000000     0x4da2 src/ASF/xmega/drivers/rtc32/rtc32.o
 .debug_macro   0x00000000       0x9a src/ASF/xmega/drivers/rtc32/rtc32.o
 .debug_macro   0x00000000       0xf1 src/ASF/xmega/drivers/rtc32/rtc32.o
 .debug_macro   0x00000000       0x34 src/ASF/xmega/drivers/rtc32/rtc32.o
 .debug_macro   0x00000000       0x16 src/ASF/xmega/drivers/rtc32/rtc32.o
 .debug_macro   0x00000000       0x18 src/ASF/xmega/drivers/rtc32/rtc32.o
 .debug_macro   0x00000000       0x5e src/ASF/xmega/drivers/rtc32/rtc32.o
 .debug_macro   0x00000000       0x10 src/ASF/xmega/drivers/rtc32/rtc32.o
 .debug_macro   0x00000000       0x22 src/ASF/xmega/drivers/rtc32/rtc32.o
 .debug_macro   0x00000000      0x16d src/ASF/xmega/drivers/rtc32/rtc32.o
 .debug_macro   0x00000000       0x1c src/ASF/xmega/drivers/rtc32/rtc32.o
 .debug_macro   0x00000000       0x35 src/ASF/xmega/drivers/rtc32/rtc32.o
 .debug_macro   0x00000000       0x66 src/ASF/xmega/drivers/rtc32/rtc32.o
 .debug_macro   0x00000000      0x64b src/ASF/xmega/drivers/rtc32/rtc32.o
 .debug_macro   0x00000000       0x97 src/ASF/xmega/drivers/rtc32/rtc32.o
 .debug_macro   0x00000000       0x17 src/ASF/xmega/drivers/rtc32/rtc32.o
 .debug_macro   0x00000000      0x250 src/ASF/xmega/drivers/rtc32/rtc32.o
 .debug_macro   0x00000000       0x76 src/ASF/xmega/drivers/rtc32/rtc32.o
 .debug_macro   0x00000000       0x16 src/ASF/xmega/drivers/rtc32/rtc32.o
 .debug_macro   0x00000000      0x6e3 src/ASF/xmega/drivers/rtc32/rtc32.o
 .debug_macro   0x00000000       0x10 src/ASF/xmega/drivers/rtc32/rtc32.o
 .debug_macro   0x00000000      0x175 src/ASF/xmega/drivers/rtc32/rtc32.o
 .debug_macro   0x00000000       0x40 src/ASF/xmega/drivers/rtc32/rtc32.o
 .debug_macro   0x00000000       0x69 src/ASF/xmega/drivers/rtc32/rtc32.o
 .debug_macro   0x00000000       0x32 src/ASF/xmega/drivers/rtc32/rtc32.o
 .debug_macro   0x00000000       0xe4 src/ASF/xmega/drivers/rtc32/rtc32.o
 .debug_macro   0x00000000      0x2c6 src/ASF/xmega/drivers/rtc32/rtc32.o
 .debug_macro   0x00000000       0xab src/ASF/xmega/drivers/rtc32/rtc32.o
 .debug_macro   0x00000000       0x7d src/ASF/xmega/drivers/rtc32/rtc32.o
 .debug_macro   0x00000000       0x2f src/ASF/xmega/drivers/rtc32/rtc32.o
 .debug_macro   0x00000000      0x154 src/ASF/xmega/drivers/rtc32/rtc32.o
 .group         0x00000000        0x8 src/rtc32_example.o
 .group         0x00000000        0x8 src/rtc32_example.o
 .group         0x00000000        0x8 src/rtc32_example.o
 .group         0x00000000        0x8 src/rtc32_example.o
 .group         0x00000000        0x8 src/rtc32_example.o
 .group         0x00000000        0x8 src/rtc32_example.o
 .group         0x00000000        0x8 src/rtc32_example.o
 .group         0x00000000        0x8 src/rtc32_example.o
 .group         0x00000000        0x8 src/rtc32_example.o
 .group         0x00000000        0x8 src/rtc32_example.o
 .group         0x00000000        0x8 src/rtc32_example.o
 .group         0x00000000        0x8 src/rtc32_example.o
 .group         0x00000000        0x8 src/rtc32_example.o
 .group         0x00000000        0x8 src/rtc32_example.o
 .group         0x00000000        0x8 src/rtc32_example.o
 .group         0x00000000        0x8 src/rtc32_example.o
 .group         0x00000000        0x8 src/rtc32_example.o
 .group         0x00000000        0x8 src/rtc32_example.o
 .group         0x00000000        0x8 src/rtc32_example.o
 .group         0x00000000        0x8 src/rtc32_example.o
 .group         0x00000000        0x8 src/rtc32_example.o
 .group         0x00000000        0x8 src/rtc32_example.o
 .group         0x00000000        0x8 src/rtc32_example.o
 .group         0x00000000        0x8 src/rtc32_example.o
 .group         0x00000000        0x8 src/rtc32_example.o
 .group         0x00000000        0x8 src/rtc32_example.o
 .group         0x00000000        0x8 src/rtc32_example.o
 .group         0x00000000        0x8 src/rtc32_example.o
 .group         0x00000000        0x8 src/rtc32_example.o
 .group         0x00000000        0x8 src/rtc32_example.o
 .group         0x00000000        0x8 src/rtc32_example.o
 .group         0x00000000        0x8 src/rtc32_example.o
 .group         0x00000000        0x8 src/rtc32_example.o
 .group         0x00000000        0x8 src/rtc32_example.o
 .group         0x00000000        0x8 src/rtc32_example.o
 .group         0x00000000        0x8 src/rtc32_example.o
 .group         0x00000000        0x8 src/rtc32_example.o
 .group         0x00000000        0x8 src/rtc32_example.o
 .group         0x00000000        0x8 src/rtc32_example.o
 .group         0x00000000        0x8 src/rtc32_example.o
 .group         0x00000000        0x8 src/rtc32_example.o
 .group         0x00000000        0x8 src/rtc32_example.o
 .group         0x00000000        0x8 src/rtc32_example.o
 .group         0x00000000        0x8 src/rtc32_example.o
 .group         0x00000000        0x8 src/rtc32_example.o
 .text          0x00000000        0x0 src/rtc32_example.o
 .data          0x00000000        0x0 src/rtc32_example.o
 .bss           0x00000000        0x0 src/rtc32_example.o
 .debug_macro   0x00000000      0xa8a src/rtc32_example.o
 .debug_macro   0x00000000       0x10 src/rtc32_example.o
 .debug_macro   0x00000000      0x1c9 src/rtc32_example.o
 .debug_macro   0x00000000      0x2fc src/rtc32_example.o
 .debug_macro   0x00000000       0x9e src/rtc32_example.o
 .debug_macro   0x00000000     0x4da2 src/rtc32_example.o
 .debug_macro   0x00000000       0x9a src/rtc32_example.o
 .debug_macro   0x00000000       0xf1 src/rtc32_example.o
 .debug_macro   0x00000000       0x34 src/rtc32_example.o
 .debug_macro   0x00000000       0x16 src/rtc32_example.o
 .debug_macro   0x00000000       0x18 src/rtc32_example.o
 .debug_macro   0x00000000       0x5e src/rtc32_example.o
 .debug_macro   0x00000000       0x10 src/rtc32_example.o
 .debug_macro   0x00000000       0x22 src/rtc32_example.o
 .debug_macro   0x00000000      0x16d src/rtc32_example.o
 .debug_macro   0x00000000       0x1c src/rtc32_example.o
 .debug_macro   0x00000000       0x35 src/rtc32_example.o
 .debug_macro   0x00000000       0x66 src/rtc32_example.o
 .debug_macro   0x00000000      0x64b src/rtc32_example.o
 .debug_macro   0x00000000       0x97 src/rtc32_example.o
 .debug_macro   0x00000000       0x17 src/rtc32_example.o
 .debug_macro   0x00000000      0x250 src/rtc32_example.o
 .debug_macro   0x00000000       0x76 src/rtc32_example.o
 .debug_macro   0x00000000       0x16 src/rtc32_example.o
 .debug_macro   0x00000000      0x6e3 src/rtc32_example.o
 .debug_macro   0x00000000       0x10 src/rtc32_example.o
 .debug_macro   0x00000000      0x175 src/rtc32_example.o
 .debug_macro   0x00000000       0x40 src/rtc32_example.o
 .debug_macro   0x00000000       0x69 src/rtc32_example.o
 .debug_macro   0x00000000       0x32 src/rtc32_example.o
 .debug_macro   0x00000000       0xe4 src/rtc32_example.o
 .debug_macro   0x00000000      0x2c6 src/rtc32_example.o
 .debug_macro   0x00000000       0xab src/rtc32_example.o
 .debug_macro   0x00000000       0x7d src/rtc32_example.o
 .debug_macro   0x00000000       0x2f src/rtc32_example.o
 .debug_macro   0x00000000      0x154 src/rtc32_example.o
 .debug_macro   0x00000000       0x28 src/rtc32_example.o
 .debug_macro   0x00000000       0x23 src/rtc32_example.o
 .debug_macro   0x00000000       0x82 src/rtc32_example.o
 .debug_macro   0x00000000      0x109 src/rtc32_example.o
 .debug_macro   0x00000000       0x42 src/rtc32_example.o
 .debug_macro   0x00000000       0x10 src/rtc32_example.o
 .text          0x00000000        0x0 c:/program files (x86)/atmel/studio/7.0/toolchain/avr8/avr8-gnu-toolchain/bin/../lib/gcc/avr/5.4.0/avrxmega6\libgcc.a(_udivmodsi4.o)
 .data          0x00000000        0x0 c:/program files (x86)/atmel/studio/7.0/toolchain/avr8/avr8-gnu-toolchain/bin/../lib/gcc/avr/5.4.0/avrxmega6\libgcc.a(_udivmodsi4.o)
 .bss           0x00000000        0x0 c:/program files (x86)/atmel/studio/7.0/toolchain/avr8/avr8-gnu-toolchain/bin/../lib/gcc/avr/5.4.0/avrxmega6\libgcc.a(_udivmodsi4.o)
 .text.libgcc.mul
                0x00000000        0x0 c:/program files (x86)/atmel/studio/7.0/toolchain/avr8/avr8-gnu-toolchain/bin/../lib/gcc/avr/5.4.0/avrxmega6\libgcc.a(_udivmodsi4.o)
 .text.libgcc   0x00000000        0x0 c:/program files (x86)/atmel/studio/7.0/toolchain/avr8/avr8-gnu-toolchain/bin/../lib/gcc/avr/5.4.0/avrxmega6\libgcc.a(_udivmodsi4.o)
 .text.libgcc.prologue
                0x00000000        0x0 c:/program files (x86)/atmel/studio/7.0/toolchain/avr8/avr8-gnu-toolchain/bin/../lib/gcc/avr/5.4.0/avrxmega6\libgcc.a(_udivmodsi4.o)
 .text.libgcc.builtins
                0x00000000        0x0 c:/program files (x86)/atmel/studio/7.0/toolchain/avr8/avr8-gnu-toolchain/bin/../lib/gcc/avr/5.4.0/avrxmega6\libgcc.a(_udivmodsi4.o)
 .text.libgcc.fmul
                0x00000000        0x0 c:/program files (x86)/atmel/studio/7.0/toolchain/avr8/avr8-gnu-toolchain/bin/../lib/gcc/avr/5.4.0/avrxmega6\libgcc.a(_udivmodsi4.o)
 .text.libgcc.fixed
                0x00000000        0x0 c:/program files (x86)/atmel/studio/7.0/toolchain/avr8/avr8-gnu-toolchain/bin/../lib/gcc/avr/5.4.0/avrxmega6\libgcc.a(_udivmodsi4.o)
 .text          0x00000000        0x0 c:/program files (x86)/atmel/studio/7.0/toolchain/avr8/avr8-gnu-toolchain/bin/../lib/gcc/avr/5.4.0/avrxmega6\libgcc.a(_exit.o)
 .data          0x00000000        0x0 c:/program files (x86)/atmel/studio/7.0/toolchain/avr8/avr8-gnu-toolchain/bin/../lib/gcc/avr/5.4.0/avrxmega6\libgcc.a(_exit.o)
 .bss           0x00000000        0x0 c:/program files (x86)/atmel/studio/7.0/toolchain/avr8/avr8-gnu-toolchain/bin/../lib/gcc/avr/5.4.0/avrxmega6\libgcc.a(_exit.o)
 .text.libgcc.mul
                0x00000000        0x0 c:/program files (x86)/atmel/studio/7.0/toolchain/avr8/avr8-gnu-toolchain/bin/../lib/gcc/avr/5.4.0/avrxmega6\libgcc.a(_exit.o)
 .text.libgcc.div
                0x00000000        0x0 c:/program files (x86)/atmel/studio/7.0/toolchain/avr8/avr8-gnu-toolchain/bin/../lib/gcc/avr/5.4.0/avrxmega6\libgcc.a(_exit.o)
 .text.libgcc   0x00000000        0x0 c:/program files (x86)/atmel/studio/7.0/toolchain/avr8/avr8-gnu-toolchain/bin/../lib/gcc/avr/5.4.0/avrxmega6\libgcc.a(_exit.o)
 .text.libgcc.prologue
                0x00000000        0x0 c:/program files (x86)/atmel/studio/7.0/toolchain/avr8/avr8-gnu-toolchain/bin/../lib/gcc/avr/5.4.0/avrxmega6\libgcc.a(_exit.o)
 .text.libgcc.builtins
                0x00000000        0x0 c:/program files (x86)/atmel/studio/7.0/toolchain/avr8/avr8-gnu-toolchain/bin/../lib/gcc/avr/5.4.0/avrxmega6\libgcc.a(_exit.o)
 .text.libgcc.fmul
                0x00000000        0x0 c:/program files (x86)/atmel/studio/7.0/toolchain/avr8/avr8-gnu-toolchain/bin/../lib/gcc/avr/5.4.0/avrxmega6\libgcc.a(_exit.o)
 .text.libgcc.fixed
                0x00000000        0x0 c:/program files (x86)/atmel/studio/7.0/toolchain/avr8/avr8-gnu-toolchain/bin/../lib/gcc/avr/5.4.0/avrxmega6\libgcc.a(_exit.o)
 .text          0x00000000        0x0 c:/program files (x86)/atmel/studio/7.0/toolchain/avr8/avr8-gnu-toolchain/bin/../lib/gcc/avr/5.4.0/avrxmega6\libgcc.a(_copy_data.o)
 .data          0x00000000        0x0 c:/program files (x86)/atmel/studio/7.0/toolchain/avr8/avr8-gnu-toolchain/bin/../lib/gcc/avr/5.4.0/avrxmega6\libgcc.a(_copy_data.o)
 .bss           0x00000000        0x0 c:/program files (x86)/atmel/studio/7.0/toolchain/avr8/avr8-gnu-toolchain/bin/../lib/gcc/avr/5.4.0/avrxmega6\libgcc.a(_copy_data.o)
 .text.libgcc.mul
                0x00000000        0x0 c:/program files (x86)/atmel/studio/7.0/toolchain/avr8/avr8-gnu-toolchain/bin/../lib/gcc/avr/5.4.0/avrxmega6\libgcc.a(_copy_data.o)
 .text.libgcc.div
                0x00000000        0x0 c:/program files (x86)/atmel/studio/7.0/toolchain/avr8/avr8-gnu-toolchain/bin/../lib/gcc/avr/5.4.0/avrxmega6\libgcc.a(_copy_data.o)
 .text.libgcc   0x00000000        0x0 c:/program files (x86)/atmel/studio/7.0/toolchain/avr8/avr8-gnu-toolchain/bin/../lib/gcc/avr/5.4.0/avrxmega6\libgcc.a(_copy_data.o)
 .text.libgcc.prologue
                0x00000000        0x0 c:/program files (x86)/atmel/studio/7.0/toolchain/avr8/avr8-gnu-toolchain/bin/../lib/gcc/avr/5.4.0/avrxmega6\libgcc.a(_copy_data.o)
 .text.libgcc.builtins
                0x00000000        0x0 c:/program files (x86)/atmel/studio/7.0/toolchain/avr8/avr8-gnu-toolchain/bin/../lib/gcc/avr/5.4.0/avrxmega6\libgcc.a(_copy_data.o)
 .text.libgcc.fmul
                0x00000000        0x0 c:/program files (x86)/atmel/studio/7.0/toolchain/avr8/avr8-gnu-toolchain/bin/../lib/gcc/avr/5.4.0/avrxmega6\libgcc.a(_copy_data.o)
 .text.libgcc.fixed
                0x00000000        0x0 c:/program files (x86)/atmel/studio/7.0/toolchain/avr8/avr8-gnu-toolchain/bin/../lib/gcc/avr/5.4.0/avrxmega6\libgcc.a(_copy_data.o)
 .text          0x00000000        0x0 c:/program files (x86)/atmel/studio/7.0/toolchain/avr8/avr8-gnu-toolchain/bin/../lib/gcc/avr/5.4.0/avrxmega6\libgcc.a(_clear_bss.o)
 .data          0x00000000        0x0 c:/program files (x86)/atmel/studio/7.0/toolchain/avr8/avr8-gnu-toolchain/bin/../lib/gcc/avr/5.4.0/avrxmega6\libgcc.a(_clear_bss.o)
 .bss           0x00000000        0x0 c:/program files (x86)/atmel/studio/7.0/toolchain/avr8/avr8-gnu-toolchain/bin/../lib/gcc/avr/5.4.0/avrxmega6\libgcc.a(_clear_bss.o)
 .text.libgcc.mul
                0x00000000        0x0 c:/program files (x86)/atmel/studio/7.0/toolchain/avr8/avr8-gnu-toolchain/bin/../lib/gcc/avr/5.4.0/avrxmega6\libgcc.a(_clear_bss.o)
 .text.libgcc.div
                0x00000000        0x0 c:/program files (x86)/atmel/studio/7.0/toolchain/avr8/avr8-gnu-toolchain/bin/../lib/gcc/avr/5.4.0/avrxmega6\libgcc.a(_clear_bss.o)
 .text.libgcc   0x00000000        0x0 c:/program files (x86)/atmel/studio/7.0/toolchain/avr8/avr8-gnu-toolchain/bin/../lib/gcc/avr/5.4.0/avrxmega6\libgcc.a(_clear_bss.o)
 .text.libgcc.prologue
                0x00000000        0x0 c:/program files (x86)/atmel/studio/7.0/toolchain/avr8/avr8-gnu-toolchain/bin/../lib/gcc/avr/5.4.0/avrxmega6\libgcc.a(_clear_bss.o)
 .text.libgcc.builtins
                0x00000000        0x0 c:/program files (x86)/atmel/studio/7.0/toolchain/avr8/avr8-gnu-toolchain/bin/../lib/gcc/avr/5.4.0/avrxmega6\libgcc.a(_clear_bss.o)
 .text.libgcc.fmul
                0x00000000        0x0 c:/program files (x86)/atmel/studio/7.0/toolchain/avr8/avr8-gnu-toolchain/bin/../lib/gcc/avr/5.4.0/avrxmega6\libgcc.a(_clear_bss.o)
 .text.libgcc.fixed
                0x00000000        0x0 c:/program files (x86)/atmel/studio/7.0/toolchain/avr8/avr8-gnu-toolchain/bin/../lib/gcc/avr/5.4.0/avrxmega6\libgcc.a(_clear_bss.o)

Memory Configuration

Name             Origin             Length             Attributes
text             0x00000000         0x00100000         xr
data             0x00802000         0x0000ffa0         rw !x
eeprom           0x00810000         0x00010000         rw !x
fuse             0x00820000         0x00000006         rw !x
lock             0x00830000         0x00000400         rw !x
signature        0x00840000         0x00000400         rw !x
user_signatures  0x00850000         0x00000400         rw !x
*default*        0x00000000         0xffffffff

Linker script and memory map

LOAD C:/Program Files (x86)/Atmel/Studio/7.0/Packs/atmel/XMEGAA_DFP/1.1.68/gcc/dev/atxmega256a3b/avrxmega6/crtatxmega256a3b.o
LOAD src/ASF/common/services/clock/xmega/sysclk.o
LOAD src/ASF/common/services/ioport/xmega/ioport_compat.o
LOAD src/ASF/common/services/sleepmgr/xmega/sleepmgr.o
LOAD src/ASF/xmega/boards/stk600/rc064x/init.o
LOAD src/ASF/xmega/drivers/cpu/ccp.o
LOAD src/ASF/xmega/drivers/rtc32/rtc32.o
LOAD src/rtc32_example.o
START GROUP
LOAD c:/program files (x86)/atmel/studio/7.0/toolchain/avr8/avr8-gnu-toolchain/bin/../lib/gcc/avr/5.4.0/../../../../avr/lib/avrxmega6\libm.a
END GROUP
Address of section .BOOT set to 0x40000
START GROUP
LOAD c:/program files (x86)/atmel/studio/7.0/toolchain/avr8/avr8-gnu-toolchain/bin/../lib/gcc/avr/5.4.0/avrxmega6\libgcc.a
LOAD c:/program files (x86)/atmel/studio/7.0/toolchain/avr8/avr8-gnu-toolchain/bin/../lib/gcc/avr/5.4.0/../../../../avr/lib/avrxmega6\libm.a
LOAD c:/program files (x86)/atmel/studio/7.0/toolchain/avr8/avr8-gnu-toolchain/bin/../lib/gcc/avr/5.4.0/../../../../avr/lib/avrxmega6\libc.a
LOAD C:/Program Files (x86)/Atmel/Studio/7.0/Packs/atmel/XMEGAA_DFP/1.1.68/gcc/dev/atxmega256a3b/avrxmega6\libatxmega256a3b.a
END GROUP
                0x00100000                __TEXT_REGION_LENGTH__ = DEFINED (__TEXT_REGION_LENGTH__)?__TEXT_REGION_LENGTH__:0x100000
                0x0000ffa0                __DATA_REGION_LENGTH__ = DEFINED (__DATA_REGION_LENGTH__)?__DATA_REGION_LENGTH__:0xffa0
                0x00010000                __EEPROM_REGION_LENGTH__ = DEFINED (__EEPROM_REGION_LENGTH__)?__EEPROM_REGION_LENGTH__:0x10000
                [0x00000006]                __FUSE_REGION_LENGTH__ = DEFINED (__FUSE_REGION_LENGTH__)?__FUSE_REGION_LENGTH__:0x400
                0x00000400                __LOCK_REGION_LENGTH__ = DEFINED (__LOCK_REGION_LENGTH__)?__LOCK_REGION_LENGTH__:0x400
                0x00000400                __SIGNATURE_REGION_LENGTH__ = DEFINED (__SIGNATURE_REGION_LENGTH__)?__SIGNATURE_REGION_LENGTH__:0x400
                0x00000400                __USER_SIGNATURE_REGION_LENGTH__ = DEFINED (__USER_SIGNATURE_REGION_LENGTH__)?__USER_SIGNATURE_REGION_LENGTH__:0x400

.hash
 *(.hash)

.dynsym
 *(.dynsym)

.dynstr
 *(.dynstr)

.gnu.version
 *(.gnu.version)

.gnu.version_d
 *(.gnu.version_d)

.gnu.version_r
 *(.gnu.version_r)

.rel.init
 *(.rel.init)

.rela.init
 *(.rela.init)

.rel.text
 *(.rel.text)
 *(.rel.text.*)
 *(.rel.gnu.linkonce.t*)

.rela.text
 *(.rela.text)
 *(.rela.text.*)
 *(.rela.gnu.linkonce.t*)

.rel.fini
 *(.rel.fini)

.rela.fini
 *(.rela.fini)

.rel.rodata
 *(.rel.rodata)
 *(.rel.rodata.*)
 *(.rel.gnu.linkonce.r*)

.rela.rodata
 *(.rela.rodata)
 *(.rela.rodata.*)
 *(.rela.gnu.linkonce.r*)

.rel.data
 *(.rel.data)
 *(.rel.data.*)
 *(.rel.gnu.linkonce.d*)

.rela.data
 *(.rela.data)
 *(.rela.data.*)
 *(.rela.gnu.linkonce.d*)

.rel.ctors
 *(.rel.ctors)

.rela.ctors
 *(.rela.ctors)

.rel.dtors
 *(.rel.dtors)

.rela.dtors
 *(.rela.dtors)

.rel.got
 *(.rel.got)

.rela.got
 *(.rela.got)

.rel.bss
 *(.rel.bss)

.rela.bss
 *(.rela.bss)

.rel.plt
 *(.rel.plt)

.rela.plt
 *(.rela.plt)

.text           0x00000000      0x5fe
 *(.vectors)
 .vectors       0x00000000      0x1e8 C:/Program Files (x86)/Atmel/Studio/7.0/Packs/atmel/XMEGAA_DFP/1.1.68/gcc/dev/atxmega256a3b/avrxmega6/crtatxmega256a3b.o
                0x00000000                __vector_default
                0x00000000                __vectors
 *(.vectors)
 *(.progmem.gcc*)
                0x000001e8                . = ALIGN (0x2)
                0x000001e8                __trampolines_start = .
 *(.trampolines)
 .trampolines   0x000001e8        0x0 linker stubs
 *(.trampolines*)
                0x000001e8                __trampolines_end = .
 *libprintf_flt.a:*(.progmem.data)
 *libc.a:*(.progmem.data)
 *(.progmem*)
                0x000001e8                . = ALIGN (0x2)
 *(.jumptables)
 *(.jumptables*)
 *(.lowtext)
 *(.lowtext*)
                0x000001e8                __ctors_start = .
 *(.ctors)
                0x000001e8                __ctors_end = .
                0x000001e8                __dtors_start = .
 *(.dtors)
                0x000001e8                __dtors_end = .
 SORT(*)(.ctors)
 SORT(*)(.dtors)
 *(.init0)
 .init0         0x000001e8        0x0 C:/Program Files (x86)/Atmel/Studio/7.0/Packs/atmel/XMEGAA_DFP/1.1.68/gcc/dev/atxmega256a3b/avrxmega6/crtatxmega256a3b.o
                0x000001e8                __init
 *(.init0)
 *(.init1)
 *(.init1)
 *(.init2)
 .init2         0x000001e8       0x10 C:/Program Files (x86)/Atmel/Studio/7.0/Packs/atmel/XMEGAA_DFP/1.1.68/gcc/dev/atxmega256a3b/avrxmega6/crtatxmega256a3b.o
 *(.init2)
 *(.init3)
 *(.init3)
 *(.init4)
 .init4         0x000001f8       0x1a c:/program files (x86)/atmel/studio/7.0/toolchain/avr8/avr8-gnu-toolchain/bin/../lib/gcc/avr/5.4.0/avrxmega6\libgcc.a(_copy_data.o)
                0x000001f8                __do_copy_data
 .init4         0x00000212       0x10 c:/program files (x86)/atmel/studio/7.0/toolchain/avr8/avr8-gnu-toolchain/bin/../lib/gcc/avr/5.4.0/avrxmega6\libgcc.a(_clear_bss.o)
                0x00000212                __do_clear_bss
 *(.init4)
 *(.init5)
 *(.init5)
 *(.init6)
 *(.init6)
 *(.init7)
 *(.init7)
 *(.init8)
 *(.init8)
 *(.init9)
 .init9         0x00000222        0x4 C:/Program Files (x86)/Atmel/Studio/7.0/Packs/atmel/XMEGAA_DFP/1.1.68/gcc/dev/atxmega256a3b/avrxmega6/crtatxmega256a3b.o
 *(.init9)
 *(.text)
 .text          0x00000226        0x2 C:/Program Files (x86)/Atmel/Studio/7.0/Packs/atmel/XMEGAA_DFP/1.1.68/gcc/dev/atxmega256a3b/avrxmega6/crtatxmega256a3b.o
                0x00000226                __vector_38
                0x00000226                __vector_104
                0x00000226                __vector_22
                0x00000226                __vector_63
                0x00000226                __vector_28
                0x00000226                __vector_67
                0x00000226                __vector_1
                0x00000226                __vector_119
                0x00000226                __vector_32
                0x00000226                __vector_75
                0x00000226                __vector_71
                0x00000226                __vector_91
                0x00000226                __vector_34
                0x00000226                __vector_62
                0x00000226                __vector_77
                0x00000226                __vector_102
                0x00000226                __vector_24
                0x00000226                __vector_12
                0x00000226                __vector_55
                0x00000226                __vector_69
                0x00000226                __vector_81
                0x00000226                __vector_90
                0x00000226                __vector_46
                0x00000226                __bad_interrupt
                0x00000226                __vector_72
                0x00000226                __vector_114
                0x00000226                __vector_6
                0x00000226                __vector_110
                0x00000226                __vector_31
                0x00000226                __vector_92
                0x00000226                __vector_35
                0x00000226                __vector_78
                0x00000226                __vector_74
                0x00000226                __vector_117
                0x00000226                __vector_39
                0x00000226                __vector_107
                0x00000226                __vector_3
                0x00000226                __vector_105
                0x00000226                __vector_98
                0x00000226                __vector_23
                0x00000226                __vector_68
                0x00000226                __vector_30
                0x00000226                __vector_73
                0x00000226                __vector_45
                0x00000226                __vector_25
                0x00000226                __vector_93
                0x00000226                __vector_61
                0x00000226                __vector_54
                0x00000226                __vector_99
                0x00000226                __vector_13
                0x00000226                __vector_17
                0x00000226                __vector_19
                0x00000226                __vector_56
                0x00000226                __vector_7
                0x00000226                __vector_49
                0x00000226                __vector_41
                0x00000226                __vector_86
                0x00000226                __vector_100
                0x00000226                __vector_101
                0x00000226                __vector_64
                0x00000226                __vector_88
                0x00000226                __vector_109
                0x00000226                __vector_43
                0x00000226                __vector_27
                0x00000226                __vector_5
                0x00000226                __vector_113
                0x00000226                __vector_33
                0x00000226                __vector_76
                0x00000226                __vector_115
                0x00000226                __vector_47
                0x00000226                __vector_52
                0x00000226                __vector_37
                0x00000226                __vector_95
                0x00000226                __vector_103
                0x00000226                __vector_96
                0x00000226                __vector_89
                0x00000226                __vector_108
                0x00000226                __vector_4
                0x00000226                __vector_44
                0x00000226                __vector_82
                0x00000226                __vector_106
                0x00000226                __vector_118
                0x00000226                __vector_51
                0x00000226                __vector_9
                0x00000226                __vector_2
                0x00000226                __vector_21
                0x00000226                __vector_15
                0x00000226                __vector_66
                0x00000226                __vector_36
                0x00000226                __vector_79
                0x00000226                __vector_58
                0x00000226                __vector_70
                0x00000226                __vector_83
                0x00000226                __vector_29
                0x00000226                __vector_60
                0x00000226                __vector_121
                0x00000226                __vector_40
                0x00000226                __vector_85
                0x00000226                __vector_94
                0x00000226                __vector_8
                0x00000226                __vector_26
                0x00000226                __vector_48
                0x00000226                __vector_116
                0x00000226                __vector_112
                0x00000226                __vector_111
                0x00000226                __vector_80
                0x00000226                __vector_14
                0x00000226                __vector_84
                0x00000226                __vector_57
                0x00000226                __vector_53
                0x00000226                __vector_10
                0x00000226                __vector_50
                0x00000226                __vector_16
                0x00000226                __vector_59
                0x00000226                __vector_18
                0x00000226                __vector_97
                0x00000226                __vector_20
                0x00000226                __vector_42
                0x00000226                __vector_87
                0x00000226                __vector_65
                0x00000226                __vector_120
                0x00000228                . = ALIGN (0x2)
 *(.text.*)
 .text.sysclk_init
                0x00000228       0x20 src/ASF/common/services/clock/xmega/sysclk.o
                0x00000228                sysclk_init
 .text.sysclk_enable_module
                0x00000248       0x2c src/ASF/common/services/clock/xmega/sysclk.o
                0x00000248                sysclk_enable_module
 .text.ioport_configure_port_pin
                0x00000274       0x4e src/ASF/common/services/ioport/xmega/ioport_compat.o
                0x00000274                ioport_configure_port_pin
 .text.board_init
                0x000002c2       0xb6 src/ASF/xmega/boards/stk600/rc064x/init.o
                0x000002c2                board_init
 .text.ccp_write_io
                0x00000378        0xc src/ASF/xmega/drivers/cpu/ccp.o
                0x00000378                ccp_write_io
 .text.__portable_avr_delay_cycles
                0x00000384       0x16 src/ASF/xmega/drivers/rtc32/rtc32.o
 .text.rtc_get_time
                0x0000039a       0x22 src/ASF/xmega/drivers/rtc32/rtc32.o
                0x0000039a                rtc_get_time
 .text.rtc_set_alarm
                0x000003bc       0x16 src/ASF/xmega/drivers/rtc32/rtc32.o
                0x000003bc                rtc_set_alarm
 .text.rtc_set_callback
                0x000003d2        0xa src/ASF/xmega/drivers/rtc32/rtc32.o
                0x000003d2                rtc_set_callback
 .text.rtc_init
                0x000003dc       0x80 src/ASF/xmega/drivers/rtc32/rtc32.o
                0x000003dc                rtc_init
 .text.__vector_11
                0x0000045c       0x6a src/ASF/xmega/drivers/rtc32/rtc32.o
                0x0000045c                __vector_11
 .text.alarm    0x000004c6       0x74 src/rtc32_example.o
 .text.main     0x0000053a       0x7c src/rtc32_example.o
                0x0000053a                main
 .text.libgcc.div
                0x000005b6       0x44 c:/program files (x86)/atmel/studio/7.0/toolchain/avr8/avr8-gnu-toolchain/bin/../lib/gcc/avr/5.4.0/avrxmega6\libgcc.a(_udivmodsi4.o)
                0x000005b6                __udivmodsi4
                0x000005fa                . = ALIGN (0x2)
 *(.fini9)
 .fini9         0x000005fa        0x0 c:/program files (x86)/atmel/studio/7.0/toolchain/avr8/avr8-gnu-toolchain/bin/../lib/gcc/avr/5.4.0/avrxmega6\libgcc.a(_exit.o)
                0x000005fa                _exit
                0x000005fa                exit
 *(.fini9)
 *(.fini8)
 *(.fini8)
 *(.fini7)
 *(.fini7)
 *(.fini6)
 *(.fini6)
 *(.fini5)
 *(.fini5)
 *(.fini4)
 *(.fini4)
 *(.fini3)
 *(.fini3)
 *(.fini2)
 *(.fini2)
 *(.fini1)
 *(.fini1)
 *(.fini0)
 .fini0         0x000005fa        0x4 c:/program files (x86)/atmel/studio/7.0/toolchain/avr8/avr8-gnu-toolchain/bin/../lib/gcc/avr/5.4.0/avrxmega6\libgcc.a(_exit.o)
 *(.fini0)
                0x000005fe                _etext = .

.data           0x00802000        0x6 load address 0x000005fe
                0x00802000                PROVIDE (__data_start, .)
 *(.data)
 *(.data*)
 .data.sleepmgr_configs
                0x00802000        0x6 src/ASF/common/services/sleepmgr/xmega/sleepmgr.o
                0x00802000                sleepmgr_configs
 *(.rodata)
 *(.rodata*)
 *(.gnu.linkonce.d*)
                0x00802006                . = ALIGN (0x2)
                0x00802006                _edata = .
                0x00802006                PROVIDE (__data_end, .)

.bss            0x00802006        0x8
                0x00802006                PROVIDE (__bss_start, .)
 *(.bss)
 *(.bss*)
 *(COMMON)
 COMMON         0x00802006        0x6 src/ASF/common/services/sleepmgr/xmega/sleepmgr.o
                0x00802006                sleepmgr_locks
 COMMON         0x0080200c        0x2 src/ASF/xmega/drivers/rtc32/rtc32.o
                0x0080200c                rtc_data
                0x0080200e                PROVIDE (__bss_end, .)
                0x000005fe                __data_load_start = LOADADDR (.data)
                0x00000604                __data_load_end = (__data_load_start + SIZEOF (.data))

.noinit         0x0080200e        0x0
                [!provide]                PROVIDE (__noinit_start, .)
 *(.noinit*)
                [!provide]                PROVIDE (__noinit_end, .)
                0x0080200e                _end = .
                [!provide]                PROVIDE (__heap_start, .)

.eeprom         0x00810000        0x0
 *(.eeprom*)
                0x00810000                __eeprom_end = .

.fuse
 *(.fuse)
 *(.lfuse)
 *(.hfuse)
 *(.efuse)

.lock
 *(.lock*)

.signature
 *(.signature*)

.user_signatures
 *(.user_signatures*)

.stab
 *(.stab)

.stabstr
 *(.stabstr)

.stab.excl
 *(.stab.excl)

.stab.exclstr
 *(.stab.exclstr)

.stab.index
 *(.stab.index)

.stab.indexstr
 *(.stab.indexstr)

.comment        0x00000000       0x30
 *(.comment)
 .comment       0x00000000       0x30 src/ASF/common/services/clock/xmega/sysclk.o
                                 0x31 (size before relaxing)
 .comment       0x00000030       0x31 src/ASF/common/services/ioport/xmega/ioport_compat.o
 .comment       0x00000030       0x31 src/ASF/common/services/sleepmgr/xmega/sleepmgr.o
 .comment       0x00000030       0x31 src/ASF/xmega/boards/stk600/rc064x/init.o
 .comment       0x00000030       0x31 src/ASF/xmega/drivers/rtc32/rtc32.o
 .comment       0x00000030       0x31 src/rtc32_example.o

.note.gnu.avr.deviceinfo
                0x00000000       0x40
 .note.gnu.avr.deviceinfo
                0x00000000       0x40 C:/Program Files (x86)/Atmel/Studio/7.0/Packs/atmel/XMEGAA_DFP/1.1.68/gcc/dev/atxmega256a3b/avrxmega6/crtatxmega256a3b.o

.note.gnu.build-id
 *(.note.gnu.build-id)

.debug
 *(.debug)

.line
 *(.line)

.debug_srcinfo
 *(.debug_srcinfo)

.debug_sfnames
 *(.debug_sfnames)

.debug_aranges  0x00000000      0x130
 *(.debug_aranges)
 .debug_aranges
                0x00000000       0x30 src/ASF/common/services/clock/xmega/sysclk.o
 .debug_aranges
                0x00000030       0x20 src/ASF/common/services/ioport/xmega/ioport_compat.o
 .debug_aranges
                0x00000050       0x18 src/ASF/common/services/sleepmgr/xmega/sleepmgr.o
 .debug_aranges
                0x00000068       0x20 src/ASF/xmega/boards/stk600/rc064x/init.o
 .debug_aranges
                0x00000088       0x20 src/ASF/xmega/drivers/cpu/ccp.o
 .debug_aranges
                0x000000a8       0x60 src/ASF/xmega/drivers/rtc32/rtc32.o
 .debug_aranges
                0x00000108       0x28 src/rtc32_example.o

.debug_pubnames
 *(.debug_pubnames)

.debug_info     0x00000000     0x47d0
 *(.debug_info .gnu.linkonce.wi.*)
 .debug_info    0x00000000     0x2bae C:/Program Files (x86)/Atmel/Studio/7.0/Packs/atmel/XMEGAA_DFP/1.1.68/gcc/dev/atxmega256a3b/avrxmega6/crtatxmega256a3b.o
 .debug_info    0x00002bae      0x47b src/ASF/common/services/clock/xmega/sysclk.o
 .debug_info    0x00003029      0x121 src/ASF/common/services/ioport/xmega/ioport_compat.o
 .debug_info    0x0000314a      0x129 src/ASF/common/services/sleepmgr/xmega/sleepmgr.o
 .debug_info    0x00003273      0x7bb src/ASF/xmega/boards/stk600/rc064x/init.o
 .debug_info    0x00003a2e       0x91 src/ASF/xmega/drivers/cpu/ccp.o
 .debug_info    0x00003abf      0x71d src/ASF/xmega/drivers/rtc32/rtc32.o
 .debug_info    0x000041dc      0x5f4 src/rtc32_example.o

.debug_abbrev   0x00000000     0x3324
 *(.debug_abbrev)
 .debug_abbrev  0x00000000     0x2962 C:/Program Files (x86)/Atmel/Studio/7.0/Packs/atmel/XMEGAA_DFP/1.1.68/gcc/dev/atxmega256a3b/avrxmega6/crtatxmega256a3b.o
 .debug_abbrev  0x00002962      0x1ea src/ASF/common/services/clock/xmega/sysclk.o
 .debug_abbrev  0x00002b4c       0x95 src/ASF/common/services/ioport/xmega/ioport_compat.o
 .debug_abbrev  0x00002be1       0x84 src/ASF/common/services/sleepmgr/xmega/sleepmgr.o
 .debug_abbrev  0x00002c65      0x14a src/ASF/xmega/boards/stk600/rc064x/init.o
 .debug_abbrev  0x00002daf       0x14 src/ASF/xmega/drivers/cpu/ccp.o
 .debug_abbrev  0x00002dc3      0x2ed src/ASF/xmega/drivers/rtc32/rtc32.o
 .debug_abbrev  0x000030b0      0x274 src/rtc32_example.o

.debug_line     0x00000000     0x2752
 *(.debug_line .debug_line.* .debug_line_end)
 .debug_line    0x00000000      0x37f C:/Program Files (x86)/Atmel/Studio/7.0/Packs/atmel/XMEGAA_DFP/1.1.68/gcc/dev/atxmega256a3b/avrxmega6/crtatxmega256a3b.o
 .debug_line    0x0000037f      0x558 src/ASF/common/services/clock/xmega/sysclk.o
 .debug_line    0x000008d7      0x4b3 src/ASF/common/services/ioport/xmega/ioport_compat.o
 .debug_line    0x00000d8a      0x456 src/ASF/common/services/sleepmgr/xmega/sleepmgr.o
 .debug_line    0x000011e0      0x4d2 src/ASF/xmega/boards/stk600/rc064x/init.o
 .debug_line    0x000016b2       0x6e src/ASF/xmega/drivers/cpu/ccp.o
 .debug_line    0x00001720      0x787 src/ASF/xmega/drivers/rtc32/rtc32.o
 .debug_line    0x00001ea7      0x8ab src/rtc32_example.o

.debug_frame    0x00000000      0x228
 *(.debug_frame)
 .debug_frame   0x00000000       0x64 src/ASF/common/services/clock/xmega/sysclk.o
 .debug_frame   0x00000064       0x30 src/ASF/common/services/ioport/xmega/ioport_compat.o
 .debug_frame   0x00000094       0x24 src/ASF/xmega/boards/stk600/rc064x/init.o
 .debug_frame   0x000000b8      0x10c src/ASF/xmega/drivers/rtc32/rtc32.o
 .debug_frame   0x000001c4       0x64 src/rtc32_example.o

.debug_str      0x00000000    0x27fb6
 *(.debug_str)
 .debug_str     0x00000000     0x1d21 C:/Program Files (x86)/Atmel/Studio/7.0/Packs/atmel/XMEGAA_DFP/1.1.68/gcc/dev/atxmega256a3b/avrxmega6/crtatxmega256a3b.o
 .debug_str     0x00001d21    0x248dc src/ASF/common/services/clock/xmega/sysclk.o
                              0x250eb (size before relaxing)
 .debug_str     0x000265fd      0x68c src/ASF/common/services/ioport/xmega/ioport_compat.o
                              0x23e15 (size before relaxing)
 .debug_str     0x00026c89      0x3d4 src/ASF/common/services/sleepmgr/xmega/sleepmgr.o
                              0x23b5e (size before relaxing)
 .debug_str     0x0002705d      0x349 src/ASF/xmega/boards/stk600/rc064x/init.o
                              0x24d6b (size before relaxing)
 .debug_str     0x000273a6      0x660 src/ASF/xmega/drivers/rtc32/rtc32.o
                              0x25671 (size before relaxing)
 .debug_str     0x00027a06      0x5b0 src/rtc32_example.o
                              0x260d2 (size before relaxing)

.debug_loc      0x00000000      0x889
 *(.debug_loc)
 .debug_loc     0x00000000      0x20d src/ASF/common/services/clock/xmega/sysclk.o
 .debug_loc     0x0000020d       0x66 src/ASF/common/services/ioport/xmega/ioport_compat.o
 .debug_loc     0x00000273      0x26d src/ASF/xmega/boards/stk600/rc064x/init.o
 .debug_loc     0x000004e0      0x1b6 src/ASF/xmega/drivers/rtc32/rtc32.o
 .debug_loc     0x00000696      0x1f3 src/rtc32_example.o

.debug_macinfo
 *(.debug_macinfo)

.debug_weaknames
 *(.debug_weaknames)

.debug_funcnames
 *(.debug_funcnames)

.debug_typenames
 *(.debug_typenames)

.debug_varnames
 *(.debug_varnames)

.debug_pubtypes
 *(.debug_pubtypes)

.debug_ranges   0x00000000       0xf8
 *(.debug_ranges)
 .debug_ranges  0x00000000       0x20 src/ASF/common/services/clock/xmega/sysclk.o
 .debug_ranges  0x00000020       0x10 src/ASF/common/services/ioport/xmega/ioport_compat.o
 .debug_ranges  0x00000030       0x10 src/ASF/xmega/boards/stk600/rc064x/init.o
 .debug_ranges  0x00000040       0x50 src/ASF/xmega/drivers/rtc32/rtc32.o
 .debug_ranges  0x00000090       0x68 src/rtc32_example.o

.debug_macro    0x00000000     0x8d30
 *(.debug_macro)
 .debug_macro   0x00000000      0x1d3 src/ASF/common/services/clock/xmega/sysclk.o
 .debug_macro   0x000001d3      0xa8a src/ASF/common/services/clock/xmega/sysclk.o
 .debug_macro   0x00000c5d       0x10 src/ASF/common/services/clock/xmega/sysclk.o
 .debug_macro   0x00000c6d      0x1c9 src/ASF/common/services/clock/xmega/sysclk.o
 .debug_macro   0x00000e36      0x2fc src/ASF/common/services/clock/xmega/sysclk.o
 .debug_macro   0x00001132       0x9e src/ASF/common/services/clock/xmega/sysclk.o
 .debug_macro   0x000011d0     0x4da2 src/ASF/common/services/clock/xmega/sysclk.o
 .debug_macro   0x00005f72       0x9a src/ASF/common/services/clock/xmega/sysclk.o
 .debug_macro   0x0000600c       0xf1 src/ASF/common/services/clock/xmega/sysclk.o
 .debug_macro   0x000060fd       0x34 src/ASF/common/services/clock/xmega/sysclk.o
 .debug_macro   0x00006131       0x16 src/ASF/common/services/clock/xmega/sysclk.o
 .debug_macro   0x00006147       0x18 src/ASF/common/services/clock/xmega/sysclk.o
 .debug_macro   0x0000615f       0x5e src/ASF/common/services/clock/xmega/sysclk.o
 .debug_macro   0x000061bd       0x10 src/ASF/common/services/clock/xmega/sysclk.o
 .debug_macro   0x000061cd       0x22 src/ASF/common/services/clock/xmega/sysclk.o
 .debug_macro   0x000061ef      0x16d src/ASF/common/services/clock/xmega/sysclk.o
 .debug_macro   0x0000635c       0x1c src/ASF/common/services/clock/xmega/sysclk.o
 .debug_macro   0x00006378       0x35 src/ASF/common/services/clock/xmega/sysclk.o
 .debug_macro   0x000063ad       0x66 src/ASF/common/services/clock/xmega/sysclk.o
 .debug_macro   0x00006413      0x64b src/ASF/common/services/clock/xmega/sysclk.o
 .debug_macro   0x00006a5e       0x97 src/ASF/common/services/clock/xmega/sysclk.o
 .debug_macro   0x00006af5       0x17 src/ASF/common/services/clock/xmega/sysclk.o
 .debug_macro   0x00006b0c      0x250 src/ASF/common/services/clock/xmega/sysclk.o
 .debug_macro   0x00006d5c       0x76 src/ASF/common/services/clock/xmega/sysclk.o
 .debug_macro   0x00006dd2       0x16 src/ASF/common/services/clock/xmega/sysclk.o
 .debug_macro   0x00006de8      0x6e3 src/ASF/common/services/clock/xmega/sysclk.o
 .debug_macro   0x000074cb       0x10 src/ASF/common/services/clock/xmega/sysclk.o
 .debug_macro   0x000074db      0x175 src/ASF/common/services/clock/xmega/sysclk.o
 .debug_macro   0x00007650       0x40 src/ASF/common/services/clock/xmega/sysclk.o
 .debug_macro   0x00007690       0x69 src/ASF/common/services/clock/xmega/sysclk.o
 .debug_macro   0x000076f9       0x32 src/ASF/common/services/clock/xmega/sysclk.o
 .debug_macro   0x0000772b       0xe4 src/ASF/common/services/clock/xmega/sysclk.o
 .debug_macro   0x0000780f      0x2c6 src/ASF/common/services/clock/xmega/sysclk.o
 .debug_macro   0x00007ad5       0xab src/ASF/common/services/clock/xmega/sysclk.o
 .debug_macro   0x00007b80       0x7d src/ASF/common/services/clock/xmega/sysclk.o
 .debug_macro   0x00007bfd       0x2f src/ASF/common/services/clock/xmega/sysclk.o
 .debug_macro   0x00007c2c      0x154 src/ASF/common/services/clock/xmega/sysclk.o
 .debug_macro   0x00007d80      0x195 src/ASF/common/services/ioport/xmega/ioport_compat.o
 .debug_macro   0x00007f15       0x82 src/ASF/common/services/ioport/xmega/ioport_compat.o
 .debug_macro   0x00007f97      0x109 src/ASF/common/services/ioport/xmega/ioport_compat.o
 .debug_macro   0x000080a0      0x1a3 src/ASF/common/services/sleepmgr/xmega/sleepmgr.o
 .debug_macro   0x00008243       0x10 src/ASF/common/services/sleepmgr/xmega/sleepmgr.o
 .debug_macro   0x00008253       0x42 src/ASF/common/services/sleepmgr/xmega/sleepmgr.o
 .debug_macro   0x00008295      0x1bb src/ASF/xmega/boards/stk600/rc064x/init.o
 .debug_macro   0x00008450      0x2c0 src/ASF/xmega/boards/stk600/rc064x/init.o
 .debug_macro   0x00008710       0x6a src/ASF/xmega/boards/stk600/rc064x/init.o
 .debug_macro   0x0000877a      0x217 src/ASF/xmega/drivers/rtc32/rtc32.o
 .debug_macro   0x00008991       0x28 src/ASF/xmega/drivers/rtc32/rtc32.o
 .debug_macro   0x000089b9       0x23 src/ASF/xmega/drivers/rtc32/rtc32.o
 .debug_macro   0x000089dc      0x2c4 src/rtc32_example.o
 .debug_macro   0x00008ca0       0x34 src/rtc32_example.o
 .debug_macro   0x00008cd4       0x40 src/rtc32_example.o
 .debug_macro   0x00008d14       0x1c src/rtc32_example.o
OUTPUT(RTC32_EXAMPLE1.elf elf32-avr)
LOAD linker stubs

.BOOT           0x00040000        0x0
