Archive member included to satisfy reference by file (symbol)

c:/program files (x86)/atmel/studio/7.0/toolchain/arm/arm-gnu-toolchain/bin/../lib/gcc/arm-none-eabi/6.2.1/thumb/v6-m\libgcc.a(_udivsi3.o)
                              src/ASF/sam0/drivers/system/clock/clock_saml21/clock.o (__aeabi_uidiv)
c:/program files (x86)/atmel/studio/7.0/toolchain/arm/arm-gnu-toolchain/bin/../lib/gcc/arm-none-eabi/6.2.1/thumb/v6-m\libgcc.a(_dvmd_tls.o)
                              c:/program files (x86)/atmel/studio/7.0/toolchain/arm/arm-gnu-toolchain/bin/../lib/gcc/arm-none-eabi/6.2.1/thumb/v6-m\libgcc.a(_udivsi3.o) (__aeabi_idiv0)
c:/program files (x86)/atmel/studio/7.0/toolchain/arm/arm-gnu-toolchain/bin/../lib/gcc/arm-none-eabi/6.2.1/thumb/v6-m\libgcc.a(floatunsisf.o)
                              src/TC_config/config_tc.o (__aeabi_ui2f)
c:/program files (x86)/atmel/studio/7.0/toolchain/arm/arm-gnu-toolchain/bin/../lib/gcc/arm-none-eabi/6.2.1/thumb/v6-m\libgcc.a(_clzsi2.o)
                              c:/program files (x86)/atmel/studio/7.0/toolchain/arm/arm-gnu-toolchain/bin/../lib/gcc/arm-none-eabi/6.2.1/thumb/v6-m\libgcc.a(floatunsisf.o) (__clzsi2)
c:/program files (x86)/atmel/studio/7.0/toolchain/arm/arm-gnu-toolchain/bin/../lib/gcc/arm-none-eabi/6.2.1/../../../../arm-none-eabi/lib/thumb/v6-m\libc_nano.a(lib_a-exit.o)
                              c:/program files (x86)/atmel/studio/7.0/toolchain/arm/arm-gnu-toolchain/bin/../lib/gcc/arm-none-eabi/6.2.1/../../../../arm-none-eabi/lib/thumb/v6-m/crt0.o (exit)
c:/program files (x86)/atmel/studio/7.0/toolchain/arm/arm-gnu-toolchain/bin/../lib/gcc/arm-none-eabi/6.2.1/../../../../arm-none-eabi/lib/thumb/v6-m\libc_nano.a(lib_a-impure.o)
                              c:/program files (x86)/atmel/studio/7.0/toolchain/arm/arm-gnu-toolchain/bin/../lib/gcc/arm-none-eabi/6.2.1/../../../../arm-none-eabi/lib/thumb/v6-m\libc_nano.a(lib_a-exit.o) (_global_impure_ptr)
c:/program files (x86)/atmel/studio/7.0/toolchain/arm/arm-gnu-toolchain/bin/../lib/gcc/arm-none-eabi/6.2.1/../../../../arm-none-eabi/lib/thumb/v6-m\libc_nano.a(lib_a-init.o)
                              c:/program files (x86)/atmel/studio/7.0/toolchain/arm/arm-gnu-toolchain/bin/../lib/gcc/arm-none-eabi/6.2.1/../../../../arm-none-eabi/lib/thumb/v6-m/crt0.o (__libc_init_array)
c:/program files (x86)/atmel/studio/7.0/toolchain/arm/arm-gnu-toolchain/bin/../lib/gcc/arm-none-eabi/6.2.1/../../../../arm-none-eabi/lib/thumb/v6-m\libc_nano.a(lib_a-memcpy-stub.o)
                              src/ASF/sam0/drivers/adc/adc_sam_l_c/adc.o (memcpy)
c:/program files (x86)/atmel/studio/7.0/toolchain/arm/arm-gnu-toolchain/bin/../lib/gcc/arm-none-eabi/6.2.1/../../../../arm-none-eabi/lib/thumb/v6-m\libc_nano.a(lib_a-memset.o)
                              c:/program files (x86)/atmel/studio/7.0/toolchain/arm/arm-gnu-toolchain/bin/../lib/gcc/arm-none-eabi/6.2.1/../../../../arm-none-eabi/lib/thumb/v6-m/crt0.o (memset)

Allocating common symbols
Common symbol       size              file

_tc_instances       0x14              src/ASF/sam0/drivers/tc/tc_interrupt.o
tc_instance         0x1c              src/TC_config/config_tc.o
adc_instance        0x8               src/ADC/configure_adc.o

Discarded input sections

 .text          0x00000000        0x0 c:/program files (x86)/atmel/studio/7.0/toolchain/arm/arm-gnu-toolchain/bin/../lib/gcc/arm-none-eabi/6.2.1/thumb/v6-m/crti.o
 .data          0x00000000        0x0 c:/program files (x86)/atmel/studio/7.0/toolchain/arm/arm-gnu-toolchain/bin/../lib/gcc/arm-none-eabi/6.2.1/thumb/v6-m/crti.o
 .bss           0x00000000        0x0 c:/program files (x86)/atmel/studio/7.0/toolchain/arm/arm-gnu-toolchain/bin/../lib/gcc/arm-none-eabi/6.2.1/thumb/v6-m/crti.o
 .data          0x00000000        0x4 c:/program files (x86)/atmel/studio/7.0/toolchain/arm/arm-gnu-toolchain/bin/../lib/gcc/arm-none-eabi/6.2.1/thumb/v6-m/crtbegin.o
 .text          0x00000000       0x78 c:/program files (x86)/atmel/studio/7.0/toolchain/arm/arm-gnu-toolchain/bin/../lib/gcc/arm-none-eabi/6.2.1/../../../../arm-none-eabi/lib/thumb/v6-m/crt0.o
 .data          0x00000000        0x0 c:/program files (x86)/atmel/studio/7.0/toolchain/arm/arm-gnu-toolchain/bin/../lib/gcc/arm-none-eabi/6.2.1/../../../../arm-none-eabi/lib/thumb/v6-m/crt0.o
 .bss           0x00000000        0x0 c:/program files (x86)/atmel/studio/7.0/toolchain/arm/arm-gnu-toolchain/bin/../lib/gcc/arm-none-eabi/6.2.1/../../../../arm-none-eabi/lib/thumb/v6-m/crt0.o
 .ARM.extab     0x00000000        0x0 c:/program files (x86)/atmel/studio/7.0/toolchain/arm/arm-gnu-toolchain/bin/../lib/gcc/arm-none-eabi/6.2.1/../../../../arm-none-eabi/lib/thumb/v6-m/crt0.o
 .ARM.exidx     0x00000000        0x8 c:/program files (x86)/atmel/studio/7.0/toolchain/arm/arm-gnu-toolchain/bin/../lib/gcc/arm-none-eabi/6.2.1/../../../../arm-none-eabi/lib/thumb/v6-m/crt0.o
 .ARM.attributes
[...]
Memory Configuration

Name             Origin             Length             Attributes
rom              0x00000000         0x00040000         xr
ram              0x20000000         0x00008000         xrw
lpram            0x30000000         0x00002000         xrw
*default*        0x00000000         0xffffffff

Linker script and memory map

LOAD c:/program files (x86)/atmel/studio/7.0/toolchain/arm/arm-gnu-toolchain/bin/../lib/gcc/arm-none-eabi/6.2.1/thumb/v6-m/crti.o
LOAD c:/program files (x86)/atmel/studio/7.0/toolchain/arm/arm-gnu-toolchain/bin/../lib/gcc/arm-none-eabi/6.2.1/thumb/v6-m/crtbegin.o
LOAD c:/program files (x86)/atmel/studio/7.0/toolchain/arm/arm-gnu-toolchain/bin/../lib/gcc/arm-none-eabi/6.2.1/../../../../arm-none-eabi/lib/thumb/v6-m/crt0.o
LOAD src/ADC/configure_adc.o
LOAD src/ASF/sam0/drivers/adc/adc_sam_l_c/adc.o
LOAD src/ASF/sam0/drivers/tc/tc_interrupt.o
LOAD src/ASF/sam0/drivers/tc/tc_sam_l_c/tc.o
LOAD src/TC_config/config_tc.o
LOAD src/ASF/common/utils/interrupt/interrupt_sam_nvic.o
LOAD src/ASF/sam0/boards/saml21_xplained_pro_b/board_init.o
LOAD src/ASF/sam0/drivers/port/port.o
LOAD src/ASF/sam0/drivers/system/clock/clock_saml21/clock.o
LOAD src/ASF/sam0/drivers/system/clock/clock_saml21/gclk.o
LOAD src/ASF/sam0/drivers/system/interrupt/system_interrupt.o
LOAD src/ASF/sam0/drivers/system/pinmux/pinmux.o
LOAD src/ASF/sam0/drivers/system/system.o
LOAD src/ASF/sam0/utils/cmsis/saml21/source/gcc/startup_saml21.o
LOAD src/ASF/sam0/utils/cmsis/saml21/source/system_saml21.o
LOAD src/ASF/sam0/utils/syscalls/gcc/syscalls.o
LOAD src/main.o
START GROUP
LOAD ../src/ASF/thirdparty/CMSIS/Lib/GCC\libarm_cortexM0l_math.a
LOAD c:/program files (x86)/atmel/studio/7.0/toolchain/arm/arm-gnu-toolchain/bin/../lib/gcc/arm-none-eabi/6.2.1/../../../../arm-none-eabi/lib/thumb/v6-m\libm.a
END GROUP
START GROUP
LOAD c:/program files (x86)/atmel/studio/7.0/toolchain/arm/arm-gnu-toolchain/bin/../lib/gcc/arm-none-eabi/6.2.1/thumb/v6-m\libgcc.a
LOAD c:/program files (x86)/atmel/studio/7.0/toolchain/arm/arm-gnu-toolchain/bin/../lib/gcc/arm-none-eabi/6.2.1/../../../../arm-none-eabi/lib/thumb/v6-m\libc_nano.a
END GROUP
START GROUP
LOAD c:/program files (x86)/atmel/studio/7.0/toolchain/arm/arm-gnu-toolchain/bin/../lib/gcc/arm-none-eabi/6.2.1/thumb/v6-m\libgcc.a
LOAD c:/program files (x86)/atmel/studio/7.0/toolchain/arm/arm-gnu-toolchain/bin/../lib/gcc/arm-none-eabi/6.2.1/../../../../arm-none-eabi/lib/thumb/v6-m\libc_nano.a
END GROUP
LOAD c:/program files (x86)/atmel/studio/7.0/toolchain/arm/arm-gnu-toolchain/bin/../lib/gcc/arm-none-eabi/6.2.1/thumb/v6-m/crtend.o
LOAD c:/program files (x86)/atmel/studio/7.0/toolchain/arm/arm-gnu-toolchain/bin/../lib/gcc/arm-none-eabi/6.2.1/thumb/v6-m/crtn.o
                0x00002000                STACK_SIZE = DEFINED (STACK_SIZE)?STACK_SIZE:DEFINED (__stack_size__)?__stack_size__:0x2000

.text           0x00000000     0x1744
                0x00000000                . = ALIGN (0x4)
                0x00000000                _sfixed = .
 *(.vectors .vectors.*)
 .vectors       0x00000000       0xb4 src/ASF/sam0/utils/cmsis/saml21/source/gcc/startup_saml21.o
                0x00000000                exception_table
 *(.text .text.* .gnu.linkonce.t.*)
 .text          0x000000b4       0x60 c:/program files (x86)/atmel/studio/7.0/toolchain/arm/arm-gnu-toolchain/bin/../lib/gcc/arm-none-eabi/6.2.1/thumb/v6-m/crtbegin.o
 .text.configure_adc
                0x00000114       0x50 src/ADC/configure_adc.o
                0x00000114                configure_adc
 .text.adc_get_config_defaults
                0x00000164       0x44 src/ASF/sam0/drivers/adc/adc_sam_l_c/adc.o
                0x00000164                adc_get_config_defaults
 .text.adc_init
                0x000001a8      0x390 src/ASF/sam0/drivers/adc/adc_sam_l_c/adc.o
                0x000001a8                adc_init
 .text.tc_register_callback
                0x00000538       0x32 src/ASF/sam0/drivers/tc/tc_interrupt.o
                0x00000538                tc_register_callback
 *fill*         0x0000056a        0x2 
 .text._tc_interrupt_handler
                0x0000056c       0x64 src/ASF/sam0/drivers/tc/tc_interrupt.o
                0x0000056c                _tc_interrupt_handler
 .text.TC0_Handler
                0x000005d0       0x10 src/ASF/sam0/drivers/tc/tc_interrupt.o
                0x000005d0                TC0_Handler
 .text.TC1_Handler
                0x000005e0       0x10 src/ASF/sam0/drivers/tc/tc_interrupt.o
                0x000005e0                TC1_Handler
 .text.TC2_Handler
                0x000005f0       0x10 src/ASF/sam0/drivers/tc/tc_interrupt.o
                0x000005f0                TC2_Handler
 .text.TC3_Handler
                0x00000600       0x10 src/ASF/sam0/drivers/tc/tc_interrupt.o
                0x00000600                TC3_Handler
 .text.TC4_Handler
                0x00000610       0x10 src/ASF/sam0/drivers/tc/tc_interrupt.o
                0x00000610                TC4_Handler
 .text._tc_get_inst_index
                0x00000620       0x3c src/ASF/sam0/drivers/tc/tc_sam_l_c/tc.o
                0x00000620                _tc_get_inst_index
 .text.tc_init  0x0000065c      0x2f0 src/ASF/sam0/drivers/tc/tc_sam_l_c/tc.o
                0x0000065c                tc_init
 .text.tc_callback_FIR
                0x0000094c       0xac src/TC_config/config_tc.o
                0x0000094c                tc_callback_FIR
 .text.configure_tc
                0x000009f8       0x7c src/TC_config/config_tc.o
                0x000009f8                configure_tc
 .text.configure_tc_callbacks
                0x00000a74       0x4c src/TC_config/config_tc.o
                0x00000a74                configure_tc_callbacks
 .text.cpu_irq_enter_critical
                0x00000ac0       0x40 src/ASF/common/utils/interrupt/interrupt_sam_nvic.o
                0x00000ac0                cpu_irq_enter_critical
 .text.cpu_irq_leave_critical
                0x00000b00       0x30 src/ASF/common/utils/interrupt/interrupt_sam_nvic.o
                0x00000b00                cpu_irq_leave_critical
 .text.system_board_init
                0x00000b30       0x38 src/ASF/sam0/boards/saml21_xplained_pro_b/board_init.o
                0x00000b30                board_init
                0x00000b30                system_board_init
 .text.port_pin_set_config
                0x00000b68       0x24 src/ASF/sam0/drivers/port/port.o
                0x00000b68                port_pin_set_config
 .text.system_clock_source_get_hz
                0x00000b8c       0x94 src/ASF/sam0/drivers/system/clock/clock_saml21/clock.o
                0x00000b8c                system_clock_source_get_hz
 .text.system_clock_source_xosc32k_set_config
                0x00000c20       0x9c src/ASF/sam0/drivers/system/clock/clock_saml21/clock.o
                0x00000c20                system_clock_source_xosc32k_set_config
 .text.system_clock_source_enable
                0x00000cbc       0xcc src/ASF/sam0/drivers/system/clock/clock_saml21/clock.o
                0x00000cbc                system_clock_source_enable
 .text.system_clock_init
                0x00000d88      0x138 src/ASF/sam0/drivers/system/clock/clock_saml21/clock.o
                0x00000d88                system_clock_init
 .text.system_gclk_init
                0x00000ec0       0x24 src/ASF/sam0/drivers/system/clock/clock_saml21/gclk.o
                0x00000ec0                system_gclk_init
 .text.system_gclk_gen_set_config
                0x00000ee4       0xac src/ASF/sam0/drivers/system/clock/clock_saml21/gclk.o
                0x00000ee4                system_gclk_gen_set_config
 .text.system_gclk_gen_enable
                0x00000f90       0x40 src/ASF/sam0/drivers/system/clock/clock_saml21/gclk.o
                0x00000f90                system_gclk_gen_enable
 .text.system_gclk_gen_get_hz
                0x00000fd0       0x6c src/ASF/sam0/drivers/system/clock/clock_saml21/gclk.o
                0x00000fd0                system_gclk_gen_get_hz
 .text.system_gclk_chan_enable
                0x0000103c       0x38 src/ASF/sam0/drivers/system/clock/clock_saml21/gclk.o
                0x0000103c                system_gclk_chan_enable
 .text.system_gclk_chan_disable
                0x00001074       0x38 src/ASF/sam0/drivers/system/clock/clock_saml21/gclk.o
                0x00001074                system_gclk_chan_disable
 .text.system_gclk_chan_set_config
                0x000010ac       0x24 src/ASF/sam0/drivers/system/clock/clock_saml21/gclk.o
                0x000010ac                system_gclk_chan_set_config
 .text.system_gclk_chan_get_hz
                0x000010d0       0x30 src/ASF/sam0/drivers/system/clock/clock_saml21/gclk.o
                0x000010d0                system_gclk_chan_get_hz
 .text._system_pinmux_config
                0x00001100       0xa8 src/ASF/sam0/drivers/system/pinmux/pinmux.o
 .text.system_pinmux_pin_set_config
                0x000011a8       0x30 src/ASF/sam0/drivers/system/pinmux/pinmux.o
                0x000011a8                system_pinmux_pin_set_config
 .text._system_dummy_init
                0x000011d8        0x2 src/ASF/sam0/drivers/system/system.o
                0x000011d8                _system_extint_init
                0x000011d8                _system_events_init
                0x000011d8                _system_dummy_init
                0x000011d8                _system_divas_init
 *fill*         0x000011da        0x2 
 .text.system_init
                0x000011dc       0x2c src/ASF/sam0/drivers/system/system.o
                0x000011dc                system_init
 .text.Dummy_Handler
                0x00001208        0x2 src/ASF/sam0/utils/cmsis/saml21/source/gcc/startup_saml21.o
                0x00001208                DMAC_Handler
                0x00001208                TRNG_Handler
                0x00001208                HardFault_Handler
                0x00001208                AC_Handler
                0x00001208                SysTick_Handler
                0x00001208                PendSV_Handler
                0x00001208                NMI_Handler
                0x00001208                SERCOM1_Handler
                0x00001208                ADC_Handler
                0x00001208                TCC1_Handler
                0x00001208                SERCOM2_Handler
                0x00001208                TCC0_Handler
                0x00001208                RTC_Handler
                0x00001208                EIC_Handler
                0x00001208                WDT_Handler
                0x00001208                USB_Handler
                0x00001208                Dummy_Handler
                0x00001208                SERCOM5_Handler
                0x00001208                SVC_Handler
                0x00001208                TCC2_Handler
                0x00001208                EVSYS_Handler
                0x00001208                SERCOM3_Handler
                0x00001208                SERCOM4_Handler
                0x00001208                NVMCTRL_Handler
                0x00001208                SYSTEM_Handler
                0x00001208                SERCOM0_Handler
                0x00001208                DAC_Handler
                0x00001208                PTC_Handler
                0x00001208                AES_Handler
 *fill*         0x0000120a        0x2 
 .text.Reset_Handler
                0x0000120c       0x98 src/ASF/sam0/utils/cmsis/saml21/source/gcc/startup_saml21.o
                0x0000120c                Reset_Handler
 .text.main     0x000012a4       0x5c src/main.o
                0x000012a4                main
 .text          0x00001300      0x114 c:/program files (x86)/atmel/studio/7.0/toolchain/arm/arm-gnu-toolchain/bin/../lib/gcc/arm-none-eabi/6.2.1/thumb/v6-m\libgcc.a(_udivsi3.o)
                0x00001300                __aeabi_uidiv
                0x00001300                __udivsi3
                0x0000140c                __aeabi_uidivmod
 .text          0x00001414        0x4 c:/program files (x86)/atmel/studio/7.0/toolchain/arm/arm-gnu-toolchain/bin/../lib/gcc/arm-none-eabi/6.2.1/thumb/v6-m\libgcc.a(_dvmd_tls.o)
                0x00001414                __aeabi_idiv0
                0x00001414                __aeabi_ldiv0
 .text          0x00001418       0x8c c:/program files (x86)/atmel/studio/7.0/toolchain/arm/arm-gnu-toolchain/bin/../lib/gcc/arm-none-eabi/6.2.1/thumb/v6-m\libgcc.a(floatunsisf.o)
                0x00001418                __aeabi_ui2f
 .text          0x000014a4       0x3c c:/program files (x86)/atmel/studio/7.0/toolchain/arm/arm-gnu-toolchain/bin/../lib/gcc/arm-none-eabi/6.2.1/thumb/v6-m\libgcc.a(_clzsi2.o)
                0x000014a4                __clzsi2
 .text.__libc_init_array
                0x000014e0       0x48 c:/program files (x86)/atmel/studio/7.0/toolchain/arm/arm-gnu-toolchain/bin/../lib/gcc/arm-none-eabi/6.2.1/../../../../arm-none-eabi/lib/thumb/v6-m\libc_nano.a(lib_a-init.o)
                0x000014e0                __libc_init_array
 .text.memcpy   0x00001528       0x12 c:/program files (x86)/atmel/studio/7.0/toolchain/arm/arm-gnu-toolchain/bin/../lib/gcc/arm-none-eabi/6.2.1/../../../../arm-none-eabi/lib/thumb/v6-m\libc_nano.a(lib_a-memcpy-stub.o)
                0x00001528                memcpy
 *(.glue_7t)
 .glue_7t       0x0000153a        0x0 linker stubs
 *(.glue_7)
 .glue_7        0x0000153a        0x0 linker stubs
 *(.rodata .rodata* .gnu.linkonce.r.*)
 *fill*         0x0000153a        0x2 
 .rodata.adc_init
                0x0000153c       0xd4 src/ASF/sam0/drivers/adc/adc_sam_l_c/adc.o
 .rodata        0x00001610       0x60 src/ASF/sam0/drivers/adc/adc_sam_l_c/adc.o
 .rodata.tc_init
                0x00001670       0x28 src/ASF/sam0/drivers/tc/tc_sam_l_c/tc.o
 .rodata        0x00001698       0x3c src/ASF/sam0/drivers/tc/tc_sam_l_c/tc.o
 .rodata.tc_interrupt_vectors.14268
                0x000016d4        0x5 src/TC_config/config_tc.o
 *fill*         0x000016d9        0x3 
 .rodata.system_clock_source_get_hz
                0x000016dc       0x24 src/ASF/sam0/drivers/system/clock/clock_saml21/clock.o
 .rodata.system_clock_source_enable
                0x00001700       0x24 src/ASF/sam0/drivers/system/clock/clock_saml21/clock.o
 *(.ARM.extab* .gnu.linkonce.armextab.*)
                0x00001724                . = ALIGN (0x4)
 *(.init)
 .init          0x00001724        0x4 c:/program files (x86)/atmel/studio/7.0/toolchain/arm/arm-gnu-toolchain/bin/../lib/gcc/arm-none-eabi/6.2.1/thumb/v6-m/crti.o
                0x00001724                _init
 .init          0x00001728        0x8 c:/program files (x86)/atmel/studio/7.0/toolchain/arm/arm-gnu-toolchain/bin/../lib/gcc/arm-none-eabi/6.2.1/thumb/v6-m/crtn.o
                0x00001730                . = ALIGN (0x4)
                0x00001730                __preinit_array_start = .
 *(.preinit_array)
                0x00001730                __preinit_array_end = .
                0x00001730                . = ALIGN (0x4)
                0x00001730                __init_array_start = .
 *(SORT(.init_array.*))
 *(.init_array)
 .init_array    0x00001730        0x4 c:/program files (x86)/atmel/studio/7.0/toolchain/arm/arm-gnu-toolchain/bin/../lib/gcc/arm-none-eabi/6.2.1/thumb/v6-m/crtbegin.o
                0x00001734                __init_array_end = .
                0x00001734                . = ALIGN (0x4)
 *crtbegin.o(.ctors)
 *(EXCLUDE_FILE(*crtend.o) .ctors)
 *(SORT(.ctors.*))
 *crtend.o(.ctors)
                0x00001734                . = ALIGN (0x4)
 *(.fini)
 .fini          0x00001734        0x4 c:/program files (x86)/atmel/studio/7.0/toolchain/arm/arm-gnu-toolchain/bin/../lib/gcc/arm-none-eabi/6.2.1/thumb/v6-m/crti.o
                0x00001734                _fini
 .fini          0x00001738        0x8 c:/program files (x86)/atmel/studio/7.0/toolchain/arm/arm-gnu-toolchain/bin/../lib/gcc/arm-none-eabi/6.2.1/thumb/v6-m/crtn.o
                0x00001740                . = ALIGN (0x4)
                0x00001740                __fini_array_start = .
 *(.fini_array)
 .fini_array    0x00001740        0x4 c:/program files (x86)/atmel/studio/7.0/toolchain/arm/arm-gnu-toolchain/bin/../lib/gcc/arm-none-eabi/6.2.1/thumb/v6-m/crtbegin.o
 *(SORT(.fini_array.*))
                0x00001744                __fini_array_end = .
 *crtbegin.o(.dtors)
 *(EXCLUDE_FILE(*crtend.o) .dtors)
 *(SORT(.dtors.*))
 *crtend.o(.dtors)
                0x00001744                . = ALIGN (0x4)
                0x00001744                _efixed = .
                [!provide]                PROVIDE (__exidx_start, .)

.vfp11_veneer   0x00001744        0x0
 .vfp11_veneer  0x00001744        0x0 linker stubs

.v4_bx          0x00001744        0x0
 .v4_bx         0x00001744        0x0 linker stubs

.iplt           0x00001744        0x0
 .iplt          0x00001744        0x0 c:/program files (x86)/atmel/studio/7.0/toolchain/arm/arm-gnu-toolchain/bin/../lib/gcc/arm-none-eabi/6.2.1/thumb/v6-m/crtbegin.o

.eh_frame       0x00001744        0x0
 .eh_frame      0x00001744        0x0 c:/program files (x86)/atmel/studio/7.0/toolchain/arm/arm-gnu-toolchain/bin/../lib/gcc/arm-none-eabi/6.2.1/thumb/v6-m/crtbegin.o

.rel.dyn        0x00001744        0x0
 .rel.iplt      0x00001744        0x0 c:/program files (x86)/atmel/studio/7.0/toolchain/arm/arm-gnu-toolchain/bin/../lib/gcc/arm-none-eabi/6.2.1/thumb/v6-m/crtbegin.o

.jcr            0x00001744        0x0
 .jcr           0x00001744        0x0 c:/program files (x86)/atmel/studio/7.0/toolchain/arm/arm-gnu-toolchain/bin/../lib/gcc/arm-none-eabi/6.2.1/thumb/v6-m/crtbegin.o

.igot.plt       0x00001744        0x0
 .igot.plt      0x00001744        0x0 c:/program files (x86)/atmel/studio/7.0/toolchain/arm/arm-gnu-toolchain/bin/../lib/gcc/arm-none-eabi/6.2.1/thumb/v6-m/crtbegin.o

.ARM.exidx
 *(.ARM.exidx* .gnu.linkonce.armexidx.*)
                [!provide]                PROVIDE (__exidx_end, .)
                0x00001744                . = ALIGN (0x4)
                0x00001744                _etext = .

.relocate       0x20000000        0x4 load address 0x00001744
                0x20000000                . = ALIGN (0x4)
                0x20000000                _srelocate = .
 *(.ramfunc .ramfunc.*)
 *(.data .data.*)
 .data.g_interrupt_enabled
                0x20000000        0x1 src/ASF/common/utils/interrupt/interrupt_sam_nvic.o
                0x20000000                g_interrupt_enabled
                0x20000004                . = ALIGN (0x4)
 *fill*         0x20000001        0x3 
                0x20000004                _erelocate = .

.lpram          0x30000000        0x0
                0x30000000                . = ALIGN (0x8)
                0x30000000                _slpram = .
 *(.lpram .lpram.*)
                0x30000000                . = ALIGN (0x8)
                0x30000000                _elpram = .

.bss            0x20000004      0xa90 load address 0x00001748
                0x20000004                . = ALIGN (0x4)
                0x20000004                _sbss = .
                0x20000004                _szero = .
 *(.bss .bss.*)
 .bss           0x20000004       0x1c c:/program files (x86)/atmel/studio/7.0/toolchain/arm/arm-gnu-toolchain/bin/../lib/gcc/arm-none-eabi/6.2.1/thumb/v6-m/crtbegin.o
 .bss.xbuff     0x20000020      0xa1c src/TC_config/config_tc.o
 .bss.cpu_irq_critical_section_counter
                0x20000a3c        0x4 src/ASF/common/utils/interrupt/interrupt_sam_nvic.o
 .bss.cpu_irq_prev_interrupt_state
                0x20000a40        0x1 src/ASF/common/utils/interrupt/interrupt_sam_nvic.o
 *fill*         0x20000a41        0x3 
 .bss._system_clock_inst
                0x20000a44       0x18 src/ASF/sam0/drivers/system/clock/clock_saml21/clock.o
 *(COMMON)
 COMMON         0x20000a5c        0x8 src/ADC/configure_adc.o
                0x20000a5c                adc_instance
 COMMON         0x20000a64       0x14 src/ASF/sam0/drivers/tc/tc_interrupt.o
                0x20000a64                _tc_instances
 COMMON         0x20000a78       0x1c src/TC_config/config_tc.o
                0x20000a78                tc_instance
                0x20000a94                . = ALIGN (0x4)
                0x20000a94                _ebss = .
                0x20000a94                _ezero = .

.stack          0x20000a94     0x2004 load address 0x000021d8
                0x20000a98                . = ALIGN (0x8)
 *fill*         0x20000a94        0x4 
                0x20000a98                _sstack = .
                0x20002a98                . = (. + STACK_SIZE)
 *fill*         0x20000a98     0x2000 
                0x20002a98                . = ALIGN (0x8)
                0x20002a98                _estack = .
                0x20002a98                . = ALIGN (0x4)
                0x20002a98                _end = .
OUTPUT(SAML21_APP_3.elf elf32-littlearm)

.ARM.attributes
                0x00000000       0x28
 .ARM.attributes
                0x00000000       0x1e c:/program files (x86)/atmel/studio/7.0/toolchain/arm/arm-gnu-toolchain/bin/../lib/gcc/arm-none-eabi/6.2.1/thumb/v6-m/crti.o
 .ARM.attributes
                0x0000001e       0x2c c:/program files (x86)/atmel/studio/7.0/toolchain/arm/arm-gnu-toolchain/bin/../lib/gcc/arm-none-eabi/6.2.1/thumb/v6-m/crtbegin.o
 .ARM.attributes
                0x0000004a       0x32 src/ADC/configure_adc.o
 .ARM.attributes
                0x0000007c       0x32 src/ASF/sam0/drivers/adc/adc_sam_l_c/adc.o
 .ARM.attributes
                0x000000ae       0x32 src/ASF/sam0/drivers/tc/tc_interrupt.o
 .ARM.attributes
                0x000000e0       0x32 src/ASF/sam0/drivers/tc/tc_sam_l_c/tc.o
 .ARM.attributes
                0x00000112       0x32 src/TC_config/config_tc.o
 .ARM.attributes
                0x00000144       0x32 src/ASF/common/utils/interrupt/interrupt_sam_nvic.o
 .ARM.attributes
                0x00000176       0x32 src/ASF/sam0/boards/saml21_xplained_pro_b/board_init.o
 .ARM.attributes
                0x000001a8       0x32 src/ASF/sam0/drivers/port/port.o
 .ARM.attributes
                0x000001da       0x32 src/ASF/sam0/drivers/system/clock/clock_saml21/clock.o
 .ARM.attributes
                0x0000020c       0x32 src/ASF/sam0/drivers/system/clock/clock_saml21/gclk.o
 .ARM.attributes
                0x0000023e       0x32 src/ASF/sam0/drivers/system/pinmux/pinmux.o
 .ARM.attributes
                0x00000270       0x32 src/ASF/sam0/drivers/system/system.o
 .ARM.attributes
                0x000002a2       0x32 src/ASF/sam0/utils/cmsis/saml21/source/gcc/startup_saml21.o
 .ARM.attributes
                0x000002d4       0x32 src/main.o
 .ARM.attributes
                0x00000306       0x1e c:/program files (x86)/atmel/studio/7.0/toolchain/arm/arm-gnu-toolchain/bin/../lib/gcc/arm-none-eabi/6.2.1/thumb/v6-m\libgcc.a(_udivsi3.o)
 .ARM.attributes
                0x00000324       0x1e c:/program files (x86)/atmel/studio/7.0/toolchain/arm/arm-gnu-toolchain/bin/../lib/gcc/arm-none-eabi/6.2.1/thumb/v6-m\libgcc.a(_dvmd_tls.o)
 .ARM.attributes
                0x00000342       0x2c c:/program files (x86)/atmel/studio/7.0/toolchain/arm/arm-gnu-toolchain/bin/../lib/gcc/arm-none-eabi/6.2.1/thumb/v6-m\libgcc.a(floatunsisf.o)
 .ARM.attributes
                0x0000036e       0x1e c:/program files (x86)/atmel/studio/7.0/toolchain/arm/arm-gnu-toolchain/bin/../lib/gcc/arm-none-eabi/6.2.1/thumb/v6-m\libgcc.a(_clzsi2.o)
 .ARM.attributes
                0x0000038c       0x2c c:/program files (x86)/atmel/studio/7.0/toolchain/arm/arm-gnu-toolchain/bin/../lib/gcc/arm-none-eabi/6.2.1/../../../../arm-none-eabi/lib/thumb/v6-m\libc_nano.a(lib_a-init.o)
 .ARM.attributes
                0x000003b8       0x2c c:/program files (x86)/atmel/studio/7.0/toolchain/arm/arm-gnu-toolchain/bin/../lib/gcc/arm-none-eabi/6.2.1/../../../../arm-none-eabi/lib/thumb/v6-m\libc_nano.a(lib_a-memcpy-stub.o)
 .ARM.attributes
                0x000003e4       0x1e c:/program files (x86)/atmel/studio/7.0/toolchain/arm/arm-gnu-toolchain/bin/../lib/gcc/arm-none-eabi/6.2.1/thumb/v6-m/crtn.o

.comment        0x00000000       0x59
 .comment       0x00000000       0x59 src/ADC/configure_adc.o
                                 0x5a (size before relaxing)
 .comment       0x00000059       0x5a src/ASF/sam0/drivers/adc/adc_sam_l_c/adc.o
 .comment       0x00000059       0x5a src/ASF/sam0/drivers/tc/tc_interrupt.o
 .comment       0x00000059       0x5a src/ASF/sam0/drivers/tc/tc_sam_l_c/tc.o
 .comment       0x00000059       0x5a src/TC_config/config_tc.o
 .comment       0x00000059       0x5a src/ASF/common/utils/interrupt/interrupt_sam_nvic.o
 .comment       0x00000059       0x5a src/ASF/sam0/boards/saml21_xplained_pro_b/board_init.o
 .comment       0x00000059       0x5a src/ASF/sam0/drivers/port/port.o
 .comment       0x00000059       0x5a src/ASF/sam0/drivers/system/clock/clock_saml21/clock.o
 .comment       0x00000059       0x5a src/ASF/sam0/drivers/system/clock/clock_saml21/gclk.o
 .comment       0x00000059       0x5a src/ASF/sam0/drivers/system/pinmux/pinmux.o
 .comment       0x00000059       0x5a src/ASF/sam0/drivers/system/system.o
 .comment       0x00000059       0x5a src/ASF/sam0/utils/cmsis/saml21/source/gcc/startup_saml21.o
 .comment       0x00000059       0x5a src/main.o

.debug_info     0x00000000    0x1d717
 .debug_info    0x00000000     0x1e5b src/ADC/configure_adc.o
 .debug_info    0x00001e5b     0x3608 src/ASF/sam0/drivers/adc/adc_sam_l_c/adc.o
 .debug_info    0x00005463     0x1f3a src/ASF/sam0/drivers/tc/tc_interrupt.o
 .debug_info    0x0000739d     0x32f6 src/ASF/sam0/drivers/tc/tc_sam_l_c/tc.o
 .debug_info    0x0000a693     0x3d3b src/TC_config/config_tc.o
 .debug_info    0x0000e3ce      0xafb src/ASF/common/utils/interrupt/interrupt_sam_nvic.o
 .debug_info    0x0000eec9     0x139c src/ASF/sam0/boards/saml21_xplained_pro_b/board_init.o
 .debug_info    0x00010265     0x13a5 src/ASF/sam0/drivers/port/port.o
 .debug_info    0x0001160a     0x437d src/ASF/sam0/drivers/system/clock/clock_saml21/clock.o
 .debug_info    0x00015987     0x1de3 src/ASF/sam0/drivers/system/clock/clock_saml21/gclk.o
 .debug_info    0x0001776a     0x14e4 src/ASF/sam0/drivers/system/pinmux/pinmux.o
 .debug_info    0x00018c4e      0xa67 src/ASF/sam0/drivers/system/system.o
 .debug_info    0x000196b5      0xa2f src/ASF/sam0/utils/cmsis/saml21/source/gcc/startup_saml21.o
 .debug_info    0x0001a0e4     0x3633 src/main.o

.debug_abbrev   0x00000000     0x2dd8
 .debug_abbrev  0x00000000      0x30c src/ADC/configure_adc.o
 .debug_abbrev  0x0000030c      0x487 src/ASF/sam0/drivers/adc/adc_sam_l_c/adc.o
 .debug_abbrev  0x00000793      0x2ff src/ASF/sam0/drivers/tc/tc_interrupt.o
 .debug_abbrev  0x00000a92      0x417 src/ASF/sam0/drivers/tc/tc_sam_l_c/tc.o
 .debug_abbrev  0x00000ea9      0x440 src/TC_config/config_tc.o
 .debug_abbrev  0x000012e9      0x22c src/ASF/common/utils/interrupt/interrupt_sam_nvic.o
 .debug_abbrev  0x00001515      0x2dc src/ASF/sam0/boards/saml21_xplained_pro_b/board_init.o
 .debug_abbrev  0x000017f1      0x298 src/ASF/sam0/drivers/port/port.o
 .debug_abbrev  0x00001a89      0x463 src/ASF/sam0/drivers/system/clock/clock_saml21/clock.o
 .debug_abbrev  0x00001eec      0x405 src/ASF/sam0/drivers/system/clock/clock_saml21/gclk.o
 .debug_abbrev  0x000022f1      0x37b src/ASF/sam0/drivers/system/pinmux/pinmux.o
 .debug_abbrev  0x0000266c      0x1e1 src/ASF/sam0/drivers/system/system.o
 .debug_abbrev  0x0000284d      0x1e4 src/ASF/sam0/utils/cmsis/saml21/source/gcc/startup_saml21.o
 .debug_abbrev  0x00002a31      0x3a7 src/main.o

.debug_loc      0x00000000     0x367e
 .debug_loc     0x00000000       0x99 src/ADC/configure_adc.o
 .debug_loc     0x00000099      0x6b8 src/ASF/sam0/drivers/adc/adc_sam_l_c/adc.o
 .debug_loc     0x00000751      0x1c8 src/ASF/sam0/drivers/tc/tc_interrupt.o
 .debug_loc     0x00000919     0x1213 src/ASF/sam0/drivers/tc/tc_sam_l_c/tc.o
 .debug_loc     0x00001b2c      0x3d3 src/TC_config/config_tc.o
 .debug_loc     0x00001eff       0x8b src/ASF/sam0/boards/saml21_xplained_pro_b/board_init.o
 .debug_loc     0x00001f8a      0x13d src/ASF/sam0/drivers/port/port.o
 .debug_loc     0x000020c7      0xcc4 src/ASF/sam0/drivers/system/clock/clock_saml21/clock.o
 .debug_loc     0x00002d8b      0x4dd src/ASF/sam0/drivers/system/clock/clock_saml21/gclk.o
 .debug_loc     0x00003268      0x36d src/ASF/sam0/drivers/system/pinmux/pinmux.o
 .debug_loc     0x000035d5       0x20 src/ASF/sam0/drivers/system/system.o
 .debug_loc     0x000035f5       0x40 src/ASF/sam0/utils/cmsis/saml21/source/gcc/startup_saml21.o
 .debug_loc     0x00003635       0x49 src/main.o

.debug_aranges  0x00000000      0x358
 .debug_aranges
                0x00000000       0x20 src/ADC/configure_adc.o
 .debug_aranges
                0x00000020       0x38 src/ASF/sam0/drivers/adc/adc_sam_l_c/adc.o
 .debug_aranges
                0x00000058       0x58 src/ASF/sam0/drivers/tc/tc_interrupt.o
 .debug_aranges
                0x000000b0       0x58 src/ASF/sam0/drivers/tc/tc_sam_l_c/tc.o
 .debug_aranges
                0x00000108       0x30 src/TC_config/config_tc.o
 .debug_aranges
                0x00000138       0x28 src/ASF/common/utils/interrupt/interrupt_sam_nvic.o
 .debug_aranges
                0x00000160       0x20 src/ASF/sam0/boards/saml21_xplained_pro_b/board_init.o
 .debug_aranges
                0x00000180       0x28 src/ASF/sam0/drivers/port/port.o
 .debug_aranges
                0x000001a8       0x80 src/ASF/sam0/drivers/system/clock/clock_saml21/clock.o
 .debug_aranges
                0x00000228       0x80 src/ASF/sam0/drivers/system/clock/clock_saml21/gclk.o
 .debug_aranges
                0x000002a8       0x40 src/ASF/sam0/drivers/system/pinmux/pinmux.o
 .debug_aranges
                0x000002e8       0x28 src/ASF/sam0/drivers/system/system.o
 .debug_aranges
                0x00000310       0x28 src/ASF/sam0/utils/cmsis/saml21/source/gcc/startup_saml21.o
 .debug_aranges
                0x00000338       0x20 src/main.o

.debug_ranges   0x00000000      0x340
 .debug_ranges  0x00000000       0x10 src/ADC/configure_adc.o
 .debug_ranges  0x00000010       0x88 src/ASF/sam0/drivers/adc/adc_sam_l_c/adc.o
 .debug_ranges  0x00000098       0x48 src/ASF/sam0/drivers/tc/tc_interrupt.o
 .debug_ranges  0x000000e0       0x80 src/ASF/sam0/drivers/tc/tc_sam_l_c/tc.o
 .debug_ranges  0x00000160       0x38 src/TC_config/config_tc.o
 .debug_ranges  0x00000198       0x18 src/ASF/common/utils/interrupt/interrupt_sam_nvic.o
 .debug_ranges  0x000001b0       0x10 src/ASF/sam0/boards/saml21_xplained_pro_b/board_init.o
 .debug_ranges  0x000001c0       0x18 src/ASF/sam0/drivers/port/port.o
 .debug_ranges  0x000001d8       0x70 src/ASF/sam0/drivers/system/clock/clock_saml21/clock.o
 .debug_ranges  0x00000248       0x88 src/ASF/sam0/drivers/system/clock/clock_saml21/gclk.o
 .debug_ranges  0x000002d0       0x30 src/ASF/sam0/drivers/system/pinmux/pinmux.o
 .debug_ranges  0x00000300       0x18 src/ASF/sam0/drivers/system/system.o
 .debug_ranges  0x00000318       0x18 src/ASF/sam0/utils/cmsis/saml21/source/gcc/startup_saml21.o
 .debug_ranges  0x00000330       0x10 src/main.o

.debug_macro    0x00000000    0x1c589
 .debug_macro   0x00000000      0x685 src/ADC/configure_adc.o
 .debug_macro   0x00000685      0x8b6 src/ADC/configure_adc.o
 .debug_macro   0x00000f3b      0x16d src/ADC/configure_adc.o
 .debug_macro   0x000010a8      0x64b src/ADC/configure_adc.o
 .debug_macro   0x000016f3       0x22 src/ADC/configure_adc.o
 .debug_macro   0x00001715       0x87 src/ADC/configure_adc.o
 .debug_macro   0x0000179c       0x51 src/ADC/configure_adc.o
 .debug_macro   0x000017ed       0xef src/ADC/configure_adc.o
 .debug_macro   0x000018dc       0x6a src/ADC/configure_adc.o
 .debug_macro   0x00001946      0x1df src/ADC/configure_adc.o
 .debug_macro   0x00001b25       0x10 src/ADC/configure_adc.o
 .debug_macro   0x00001b35       0x76 src/ADC/configure_adc.o
 .debug_macro   0x00001bab       0x16 src/ADC/configure_adc.o
 .debug_macro   0x00001bc1      0x6e5 src/ADC/configure_adc.o
 .debug_macro   0x000022a6      0xde2 src/ADC/configure_adc.o
 .debug_macro   0x00003088       0x22 src/ADC/configure_adc.o
 .debug_macro   0x000030aa       0x40 src/ADC/configure_adc.o
 .debug_macro   0x000030ea       0x3a src/ADC/configure_adc.o
 .debug_macro   0x00003124       0x1f src/ADC/configure_adc.o
 .debug_macro   0x00003143      0x250 src/ADC/configure_adc.o
 .debug_macro   0x00003393      0x71a src/ADC/configure_adc.o
 .debug_macro   0x00003aad      0x979 src/ADC/configure_adc.o
 .debug_macro   0x00004426      0x2b8 src/ADC/configure_adc.o
 .debug_macro   0x000046de      0x226 src/ADC/configure_adc.o
 .debug_macro   0x00004904      0x4dd src/ADC/configure_adc.o
 .debug_macro   0x00004de1      0xd24 src/ADC/configure_adc.o
 .debug_macro   0x00005b05      0x5b8 src/ADC/configure_adc.o
 .debug_macro   0x000060bd      0x5c3 src/ADC/configure_adc.o
 .debug_macro   0x00006680      0x832 src/ADC/configure_adc.o
 .debug_macro   0x00006eb2      0x297 src/ADC/configure_adc.o
 .debug_macro   0x00007149      0x5de src/ADC/configure_adc.o
 .debug_macro   0x00007727      0x225 src/ADC/configure_adc.o
 .debug_macro   0x0000794c      0x7a3 src/ADC/configure_adc.o
 .debug_macro   0x000080ef      0x174 src/ADC/configure_adc.o
 .debug_macro   0x00008263      0x719 src/ADC/configure_adc.o
 .debug_macro   0x0000897c      0x293 src/ADC/configure_adc.o
 .debug_macro   0x00008c0f      0x702 src/ADC/configure_adc.o
 .debug_macro   0x00009311      0x2e3 src/ADC/configure_adc.o
 .debug_macro   0x000095f4      0x3cb src/ADC/configure_adc.o
 .debug_macro   0x000099bf      0x1ae src/ADC/configure_adc.o
 .debug_macro   0x00009b6d     0x122b src/ADC/configure_adc.o
 .debug_macro   0x0000ad98      0xf4e src/ADC/configure_adc.o
 .debug_macro   0x0000bce6      0x873 src/ADC/configure_adc.o
 .debug_macro   0x0000c559      0xa39 src/ADC/configure_adc.o
 .debug_macro   0x0000cf92      0x8bc src/ADC/configure_adc.o
 .debug_macro   0x0000d84e     0x19cc src/ADC/configure_adc.o
 .debug_macro   0x0000f21a       0xea src/ADC/configure_adc.o
 .debug_macro   0x0000f304     0x13b0 src/ADC/configure_adc.o
 .debug_macro   0x000106b4      0x378 src/ADC/configure_adc.o
 .debug_macro   0x00010a2c       0x7c src/ADC/configure_adc.o
 .debug_macro   0x00010aa8       0xac src/ADC/configure_adc.o
 .debug_macro   0x00010b54       0xca src/ADC/configure_adc.o
 .debug_macro   0x00010c1e       0x4c src/ADC/configure_adc.o
 .debug_macro   0x00010c6a       0x94 src/ADC/configure_adc.o
 .debug_macro   0x00010cfe       0xd6 src/ADC/configure_adc.o
 .debug_macro   0x00010dd4       0xb2 src/ADC/configure_adc.o
 .debug_macro   0x00010e86       0x64 src/ADC/configure_adc.o
 .debug_macro   0x00010eea      0x5d5 src/ADC/configure_adc.o
 .debug_macro   0x000114bf      0x1ab src/ADC/configure_adc.o
 .debug_macro   0x0001166a       0x70 src/ADC/configure_adc.o
 .debug_macro   0x000116da       0xa0 src/ADC/configure_adc.o
 .debug_macro   0x0001177a       0xc4 src/ADC/configure_adc.o
 .debug_macro   0x0001183e       0x28 src/ADC/configure_adc.o
 .debug_macro   0x00011866       0xa0 src/ADC/configure_adc.o
 .debug_macro   0x00011906       0x40 src/ADC/configure_adc.o
 .debug_macro   0x00011946       0x7c src/ADC/configure_adc.o
 .debug_macro   0x000119c2       0x40 src/ADC/configure_adc.o
 .debug_macro   0x00011a02      0x178 src/ADC/configure_adc.o
 .debug_macro   0x00011b7a       0x34 src/ADC/configure_adc.o
 .debug_macro   0x00011bae       0xee src/ADC/configure_adc.o
 .debug_macro   0x00011c9c      0x136 src/ADC/configure_adc.o
 .debug_macro   0x00011dd2      0x136 src/ADC/configure_adc.o
 .debug_macro   0x00011f08      0x136 src/ADC/configure_adc.o
 .debug_macro   0x0001203e      0x136 src/ADC/configure_adc.o
 .debug_macro   0x00012174      0x136 src/ADC/configure_adc.o
 .debug_macro   0x000122aa      0x136 src/ADC/configure_adc.o
 .debug_macro   0x000123e0       0x5e src/ADC/configure_adc.o
 .debug_macro   0x0001243e      0x1a6 src/ADC/configure_adc.o
 .debug_macro   0x000125e4       0xfa src/ADC/configure_adc.o
 .debug_macro   0x000126de       0xfa src/ADC/configure_adc.o
 .debug_macro   0x000127d8       0xfa src/ADC/configure_adc.o
 .debug_macro   0x000128d2       0xfa src/ADC/configure_adc.o
 .debug_macro   0x000129cc       0xfa src/ADC/configure_adc.o
 .debug_macro   0x00012ac6      0x124 src/ADC/configure_adc.o
 .debug_macro   0x00012bea       0xfa src/ADC/configure_adc.o
 .debug_macro   0x00012ce4       0xee src/ADC/configure_adc.o
 .debug_macro   0x00012dd2       0x2e src/ADC/configure_adc.o
 .debug_macro   0x00012e00      0x408 src/ADC/configure_adc.o
 .debug_macro   0x00013208       0x3a src/ADC/configure_adc.o
 .debug_macro   0x00013242      0x433 src/ADC/configure_adc.o
 .debug_macro   0x00013675     0x2353 src/ADC/configure_adc.o
 .debug_macro   0x000159c8       0x90 src/ADC/configure_adc.o
 .debug_macro   0x00015a58       0x52 src/ADC/configure_adc.o
 .debug_macro   0x00015aaa       0x35 src/ADC/configure_adc.o
 .debug_macro   0x00015adf       0x9c src/ADC/configure_adc.o
 .debug_macro   0x00015b7b       0x16 src/ADC/configure_adc.o
 .debug_macro   0x00015b91       0x35 src/ADC/configure_adc.o
 .debug_macro   0x00015bc6      0x330 src/ADC/configure_adc.o
 .debug_macro   0x00015ef6       0x10 src/ADC/configure_adc.o
 .debug_macro   0x00015f06       0x52 src/ADC/configure_adc.o
 .debug_macro   0x00015f58       0x1f src/ADC/configure_adc.o
 .debug_macro   0x00015f77       0x43 src/ADC/configure_adc.o
 .debug_macro   0x00015fba       0x20 src/ADC/configure_adc.o
 .debug_macro   0x00015fda      0x187 src/ADC/configure_adc.o
 .debug_macro   0x00016161       0x10 src/ADC/configure_adc.o
 .debug_macro   0x00016171       0x1c src/ADC/configure_adc.o
 .debug_macro   0x0001618d       0x52 src/ADC/configure_adc.o
 .debug_macro   0x000161df       0x40 src/ADC/configure_adc.o
 .debug_macro   0x0001621f       0x10 src/ADC/configure_adc.o
 .debug_macro   0x0001622f       0x40 src/ADC/configure_adc.o
 .debug_macro   0x0001626f       0xd7 src/ADC/configure_adc.o
 .debug_macro   0x00016346       0x16 src/ADC/configure_adc.o
 .debug_macro   0x0001635c      0x18b src/ADC/configure_adc.o
 .debug_macro   0x000164e7       0x16 src/ADC/configure_adc.o
 .debug_macro   0x000164fd       0x16 src/ADC/configure_adc.o
 .debug_macro   0x00016513       0x29 src/ADC/configure_adc.o
 .debug_macro   0x0001653c       0x51 src/ADC/configure_adc.o
 .debug_macro   0x0001658d       0x3f src/ADC/configure_adc.o
 .debug_macro   0x000165cc      0x3df src/ADC/configure_adc.o
 .debug_macro   0x000169ab       0x18 src/ADC/configure_adc.o
 .debug_macro   0x000169c3       0x19 src/ADC/configure_adc.o
 .debug_macro   0x000169dc      0x2c6 src/ADC/configure_adc.o
 .debug_macro   0x00016ca2      0x917 src/ADC/configure_adc.o
 .debug_macro   0x000175b9       0x82 src/ADC/configure_adc.o
 .debug_macro   0x0001763b       0x1f src/ADC/configure_adc.o
 .debug_macro   0x0001765a       0x2e src/ADC/configure_adc.o
 .debug_macro   0x00017688       0xab src/ADC/configure_adc.o
 .debug_macro   0x00017733      0x5f6 src/ASF/sam0/drivers/adc/adc_sam_l_c/adc.o
 .debug_macro   0x00017d29      0x5fc src/ASF/sam0/drivers/tc/tc_interrupt.o
 .debug_macro   0x00018325       0x43 src/ASF/sam0/drivers/tc/tc_interrupt.o
 .debug_macro   0x00018368       0x66 src/ASF/sam0/drivers/tc/tc_interrupt.o
 .debug_macro   0x000183ce      0x5f9 src/ASF/sam0/drivers/tc/tc_sam_l_c/tc.o
 .debug_macro   0x000189c7      0x69a src/TC_config/config_tc.o
 .debug_macro   0x00019061       0x10 src/TC_config/config_tc.o
 .debug_macro   0x00019071      0x58a src/ASF/common/utils/interrupt/interrupt_sam_nvic.o
 .debug_macro   0x000195fb      0x5c6 src/ASF/sam0/boards/saml21_xplained_pro_b/board_init.o
 .debug_macro   0x00019bc1       0x19 src/ASF/sam0/boards/saml21_xplained_pro_b/board_init.o
 .debug_macro   0x00019bda      0x5a4 src/ASF/sam0/drivers/port/port.o
 .debug_macro   0x0001a17e      0x5f5 src/ASF/sam0/drivers/system/clock/clock_saml21/clock.o
 .debug_macro   0x0001a773      0x29e src/ASF/sam0/drivers/system/clock/clock_saml21/clock.o
 .debug_macro   0x0001aa11      0x5c1 src/ASF/sam0/drivers/system/clock/clock_saml21/gclk.o
 .debug_macro   0x0001afd2      0x59a src/ASF/sam0/drivers/system/pinmux/pinmux.o
 .debug_macro   0x0001b56c       0x12 src/ASF/sam0/drivers/system/pinmux/pinmux.o
 .debug_macro   0x0001b57e      0x5d1 src/ASF/sam0/drivers/system/system.o
 .debug_macro   0x0001bb4f      0x371 src/ASF/sam0/utils/cmsis/saml21/source/gcc/startup_saml21.o
 .debug_macro   0x0001bec0       0x3a src/ASF/sam0/utils/cmsis/saml21/source/gcc/startup_saml21.o
 .debug_macro   0x0001befa      0x68f src/main.o

.debug_line     0x00000000     0x9fe7
 .debug_line    0x00000000      0xced src/ADC/configure_adc.o
 .debug_line    0x00000ced      0xcf2 src/ASF/sam0/drivers/adc/adc_sam_l_c/adc.o
 .debug_line    0x000019df      0xb23 src/ASF/sam0/drivers/tc/tc_interrupt.o
 .debug_line    0x00002502      0xe5c src/ASF/sam0/drivers/tc/tc_sam_l_c/tc.o
 .debug_line    0x0000335e      0xdd8 src/TC_config/config_tc.o
 .debug_line    0x00004136      0x959 src/ASF/common/utils/interrupt/interrupt_sam_nvic.o
 .debug_line    0x00004a8f      0xa02 src/ASF/sam0/boards/saml21_xplained_pro_b/board_init.o
 .debug_line    0x00005491      0x985 src/ASF/sam0/drivers/port/port.o
 .debug_line    0x00005e16      0xd23 src/ASF/sam0/drivers/system/clock/clock_saml21/clock.o
 .debug_line    0x00006b39      0xc8e src/ASF/sam0/drivers/system/clock/clock_saml21/gclk.o
 .debug_line    0x000077c7      0x9d2 src/ASF/sam0/drivers/system/pinmux/pinmux.o
 .debug_line    0x00008199      0xa69 src/ASF/sam0/drivers/system/system.o
 .debug_line    0x00008c02      0x6d1 src/ASF/sam0/utils/cmsis/saml21/source/gcc/startup_saml21.o
 .debug_line    0x000092d3      0xd14 src/main.o

.debug_str      0x00000000    0x9a04e
 .debug_str     0x00000000    0x951b1 src/ADC/configure_adc.o
                              0x95830 (size before relaxing)
 .debug_str     0x000951b1      0x7cc src/ASF/sam0/drivers/adc/adc_sam_l_c/adc.o
                              0x92097 (size before relaxing)
 .debug_str     0x0009597d      0x46c src/ASF/sam0/drivers/tc/tc_interrupt.o
                              0x91444 (size before relaxing)
 .debug_str     0x00095de9      0x451 src/ASF/sam0/drivers/tc/tc_sam_l_c/tc.o
                              0x91c68 (size before relaxing)
 .debug_str     0x0009623a      0x868 src/TC_config/config_tc.o
                              0x95d6f (size before relaxing)
 .debug_str     0x00096aa2       0x94 src/ASF/common/utils/interrupt/interrupt_sam_nvic.o
                              0x904a1 (size before relaxing)
 .debug_str     0x00096b36      0x128 src/ASF/sam0/boards/saml21_xplained_pro_b/board_init.o
                              0x93d9a (size before relaxing)
 .debug_str     0x00096c5e       0x5e src/ASF/sam0/drivers/port/port.o
                              0x90945 (size before relaxing)
 .debug_str     0x00096cbc     0x2a70 src/ASF/sam0/drivers/system/clock/clock_saml21/clock.o
                              0x93a27 (size before relaxing)
 .debug_str     0x0009972c      0x1e0 src/ASF/sam0/drivers/system/clock/clock_saml21/gclk.o
                              0x91160 (size before relaxing)
 .debug_str     0x0009990c      0x179 src/ASF/sam0/drivers/system/pinmux/pinmux.o
                              0x909a1 (size before relaxing)
 .debug_str     0x00099a85       0x47 src/ASF/sam0/drivers/system/system.o
                              0x90531 (size before relaxing)
 .debug_str     0x00099acc      0x3d1 src/ASF/sam0/utils/cmsis/saml21/source/gcc/startup_saml21.o
                              0x7b9b7 (size before relaxing)
 .debug_str     0x00099e9d      0x1b1 src/main.o
                              0x952ca (size before relaxing)

.debug_frame    0x00000000      0x798
 .debug_frame   0x00000000       0x2c src/ADC/configure_adc.o
 .debug_frame   0x0000002c       0x7c src/ASF/sam0/drivers/adc/adc_sam_l_c/adc.o
 .debug_frame   0x000000a8       0xc4 src/ASF/sam0/drivers/tc/tc_interrupt.o
 .debug_frame   0x0000016c       0xbc src/ASF/sam0/drivers/tc/tc_sam_l_c/tc.o
 .debug_frame   0x00000228       0x5c src/TC_config/config_tc.o
 .debug_frame   0x00000284       0x30 src/ASF/common/utils/interrupt/interrupt_sam_nvic.o
 .debug_frame   0x000002b4       0x30 src/ASF/sam0/boards/saml21_xplained_pro_b/board_init.o
 .debug_frame   0x000002e4       0x44 src/ASF/sam0/drivers/port/port.o
 .debug_frame   0x00000328      0x154 src/ASF/sam0/drivers/system/clock/clock_saml21/clock.o
 .debug_frame   0x0000047c      0x150 src/ASF/sam0/drivers/system/clock/clock_saml21/gclk.o
 .debug_frame   0x000005cc       0x98 src/ASF/sam0/drivers/system/pinmux/pinmux.o
 .debug_frame   0x00000664       0x38 src/ASF/sam0/drivers/system/system.o
 .debug_frame   0x0000069c       0x38 src/ASF/sam0/utils/cmsis/saml21/source/gcc/startup_saml21.o
 .debug_frame   0x000006d4       0x28 src/main.o
 .debug_frame   0x000006fc       0x20 c:/program files (x86)/atmel/studio/7.0/toolchain/arm/arm-gnu-toolchain/bin/../lib/gcc/arm-none-eabi/6.2.1/thumb/v6-m\libgcc.a(_udivsi3.o)
 .debug_frame   0x0000071c       0x28 c:/program files (x86)/atmel/studio/7.0/toolchain/arm/arm-gnu-toolchain/bin/../lib/gcc/arm-none-eabi/6.2.1/thumb/v6-m\libgcc.a(floatunsisf.o)
 .debug_frame   0x00000744       0x2c c:/program files (x86)/atmel/studio/7.0/toolchain/arm/arm-gnu-toolchain/bin/../lib/gcc/arm-none-eabi/6.2.1/../../../../arm-none-eabi/lib/thumb/v6-m\libc_nano.a(lib_a-init.o)
 .debug_frame   0x00000770       0x28 c:/program files (x86)/atmel/studio/7.0/toolchain/arm/arm-gnu-toolchain/bin/../lib/gcc/arm-none-eabi/6.2.1/../../../../arm-none-eabi/lib/thumb/v6-m\libc_nano.a(lib_a-memcpy-stub.o)

Cross Reference Table

Symbol                                            File
AC_Handler                                        src/ASF/sam0/utils/cmsis/saml21/source/gcc/startup_saml21.o
ADC_Handler                                       src/ASF/sam0/utils/cmsis/saml21/source/gcc/startup_saml21.o
AES_Handler                                       src/ASF/sam0/utils/cmsis/saml21/source/gcc/startup_saml21.o
DAC_Handler                                       src/ASF/sam0/utils/cmsis/saml21/source/gcc/startup_saml21.o
DMAC_Handler                                      src/ASF/sam0/utils/cmsis/saml21/source/gcc/startup_saml21.o
Dummy_Handler                                     src/ASF/sam0/utils/cmsis/saml21/source/gcc/startup_saml21.o
EIC_Handler                                       src/ASF/sam0/utils/cmsis/saml21/source/gcc/startup_saml21.o
EVSYS_Handler                                     src/ASF/sam0/utils/cmsis/saml21/source/gcc/startup_saml21.o
HardFault_Handler                                 src/ASF/sam0/utils/cmsis/saml21/source/gcc/startup_saml21.o
NMI_Handler                                       src/ASF/sam0/utils/cmsis/saml21/source/gcc/startup_saml21.o
NVMCTRL_Handler                                   src/ASF/sam0/utils/cmsis/saml21/source/gcc/startup_saml21.o
PTC_Handler                                       src/ASF/sam0/utils/cmsis/saml21/source/gcc/startup_saml21.o
PendSV_Handler                                    src/ASF/sam0/utils/cmsis/saml21/source/gcc/startup_saml21.o
RTC_Handler                                       src/ASF/sam0/utils/cmsis/saml21/source/gcc/startup_saml21.o
Reset_Handler                                     src/ASF/sam0/utils/cmsis/saml21/source/gcc/startup_saml21.o
SERCOM0_Handler                                   src/ASF/sam0/utils/cmsis/saml21/source/gcc/startup_saml21.o
SERCOM1_Handler                                   src/ASF/sam0/utils/cmsis/saml21/source/gcc/startup_saml21.o
SERCOM2_Handler                                   src/ASF/sam0/utils/cmsis/saml21/source/gcc/startup_saml21.o
SERCOM3_Handler                                   src/ASF/sam0/utils/cmsis/saml21/source/gcc/startup_saml21.o
SERCOM4_Handler                                   src/ASF/sam0/utils/cmsis/saml21/source/gcc/startup_saml21.o
SERCOM5_Handler                                   src/ASF/sam0/utils/cmsis/saml21/source/gcc/startup_saml21.o
SVC_Handler                                       src/ASF/sam0/utils/cmsis/saml21/source/gcc/startup_saml21.o
SYSTEM_Handler                                    src/ASF/sam0/utils/cmsis/saml21/source/gcc/startup_saml21.o
SysTick_Handler                                   src/ASF/sam0/utils/cmsis/saml21/source/gcc/startup_saml21.o
SystemCoreClock                                   src/ASF/sam0/utils/cmsis/saml21/source/system_saml21.o
SystemCoreClockUpdate                             src/ASF/sam0/utils/cmsis/saml21/source/system_saml21.o
SystemInit                                        src/ASF/sam0/utils/cmsis/saml21/source/system_saml21.o
TC0_Handler                                       src/ASF/sam0/drivers/tc/tc_interrupt.o
TC1_Handler                                       src/ASF/sam0/drivers/tc/tc_interrupt.o
TC2_Handler                                       src/ASF/sam0/drivers/tc/tc_interrupt.o
TC3_Handler                                       src/ASF/sam0/drivers/tc/tc_interrupt.o
TC4_Handler                                       src/ASF/sam0/drivers/tc/tc_interrupt.o
TCC0_Handler                                      src/ASF/sam0/utils/cmsis/saml21/source/gcc/startup_saml21.o
TCC1_Handler                                      src/ASF/sam0/utils/cmsis/saml21/source/gcc/startup_saml21.o
TCC2_Handler                                      src/ASF/sam0/utils/cmsis/saml21/source/gcc/startup_saml21.o
TRNG_Handler                                      src/ASF/sam0/utils/cmsis/saml21/source/gcc/startup_saml21.o
USB_Handler                                       src/ASF/sam0/utils/cmsis/saml21/source/gcc/startup_saml21.o
WDT_Handler                                       src/ASF/sam0/utils/cmsis/saml21/source/gcc/startup_saml21.o
_Jv_RegisterClasses                               c:/program files (x86)/atmel/studio/7.0/toolchain/arm/arm-gnu-toolchain/bin/../lib/gcc/arm-none-eabi/6.2.1/thumb/v6-m/crtbegin.o
__aeabi_idiv0                                     c:/program files (x86)/atmel/studio/7.0/toolchain/arm/arm-gnu-toolchain/bin/../lib/gcc/arm-none-eabi/6.2.1/thumb/v6-m\libgcc.a(_dvmd_tls.o)
                                                  c:/program files (x86)/atmel/studio/7.0/toolchain/arm/arm-gnu-toolchain/bin/../lib/gcc/arm-none-eabi/6.2.1/thumb/v6-m\libgcc.a(_udivsi3.o)
__aeabi_ldiv0                                     c:/program files (x86)/atmel/studio/7.0/toolchain/arm/arm-gnu-toolchain/bin/../lib/gcc/arm-none-eabi/6.2.1/thumb/v6-m\libgcc.a(_dvmd_tls.o)
__aeabi_ui2f                                      c:/program files (x86)/atmel/studio/7.0/toolchain/arm/arm-gnu-toolchain/bin/../lib/gcc/arm-none-eabi/6.2.1/thumb/v6-m\libgcc.a(floatunsisf.o)
                                                  src/TC_config/config_tc.o
__aeabi_uidiv                                     c:/program files (x86)/atmel/studio/7.0/toolchain/arm/arm-gnu-toolchain/bin/../lib/gcc/arm-none-eabi/6.2.1/thumb/v6-m\libgcc.a(_udivsi3.o)
                                                  src/ASF/sam0/drivers/system/clock/clock_saml21/gclk.o
                                                  src/ASF/sam0/drivers/system/clock/clock_saml21/clock.o
__aeabi_uidivmod                                  c:/program files (x86)/atmel/studio/7.0/toolchain/arm/arm-gnu-toolchain/bin/../lib/gcc/arm-none-eabi/6.2.1/thumb/v6-m\libgcc.a(_udivsi3.o)
__bss_end__                                       c:/program files (x86)/atmel/studio/7.0/toolchain/arm/arm-gnu-toolchain/bin/../lib/gcc/arm-none-eabi/6.2.1/../../../../arm-none-eabi/lib/thumb/v6-m/crt0.o
__bss_start__                                     c:/program files (x86)/atmel/studio/7.0/toolchain/arm/arm-gnu-toolchain/bin/../lib/gcc/arm-none-eabi/6.2.1/../../../../arm-none-eabi/lib/thumb/v6-m/crt0.o
__call_exitprocs                                  c:/program files (x86)/atmel/studio/7.0/toolchain/arm/arm-gnu-toolchain/bin/../lib/gcc/arm-none-eabi/6.2.1/../../../../arm-none-eabi/lib/thumb/v6-m\libc_nano.a(lib_a-exit.o)
__clzsi2                                          c:/program files (x86)/atmel/studio/7.0/toolchain/arm/arm-gnu-toolchain/bin/../lib/gcc/arm-none-eabi/6.2.1/thumb/v6-m\libgcc.a(_clzsi2.o)
                                                  c:/program files (x86)/atmel/studio/7.0/toolchain/arm/arm-gnu-toolchain/bin/../lib/gcc/arm-none-eabi/6.2.1/thumb/v6-m\libgcc.a(floatunsisf.o)
__deregister_frame_info                           c:/program files (x86)/atmel/studio/7.0/toolchain/arm/arm-gnu-toolchain/bin/../lib/gcc/arm-none-eabi/6.2.1/thumb/v6-m/crtbegin.o
__dso_handle                                      c:/program files (x86)/atmel/studio/7.0/toolchain/arm/arm-gnu-toolchain/bin/../lib/gcc/arm-none-eabi/6.2.1/thumb/v6-m/crtbegin.o
__init_array_end                                  c:/program files (x86)/atmel/studio/7.0/toolchain/arm/arm-gnu-toolchain/bin/../lib/gcc/arm-none-eabi/6.2.1/../../../../arm-none-eabi/lib/thumb/v6-m\libc_nano.a(lib_a-init.o)
__init_array_start                                c:/program files (x86)/atmel/studio/7.0/toolchain/arm/arm-gnu-toolchain/bin/../lib/gcc/arm-none-eabi/6.2.1/../../../../arm-none-eabi/lib/thumb/v6-m\libc_nano.a(lib_a-init.o)
__libc_fini_array                                 c:/program files (x86)/atmel/studio/7.0/toolchain/arm/arm-gnu-toolchain/bin/../lib/gcc/arm-none-eabi/6.2.1/../../../../arm-none-eabi/lib/thumb/v6-m/crt0.o
__libc_init_array                                 c:/program files (x86)/atmel/studio/7.0/toolchain/arm/arm-gnu-toolchain/bin/../lib/gcc/arm-none-eabi/6.2.1/../../../../arm-none-eabi/lib/thumb/v6-m\libc_nano.a(lib_a-init.o)
                                                  src/ASF/sam0/utils/cmsis/saml21/source/gcc/startup_saml21.o
                                                  c:/program files (x86)/atmel/studio/7.0/toolchain/arm/arm-gnu-toolchain/bin/../lib/gcc/arm-none-eabi/6.2.1/../../../../arm-none-eabi/lib/thumb/v6-m/crt0.o
__preinit_array_end                               c:/program files (x86)/atmel/studio/7.0/toolchain/arm/arm-gnu-toolchain/bin/../lib/gcc/arm-none-eabi/6.2.1/../../../../arm-none-eabi/lib/thumb/v6-m\libc_nano.a(lib_a-init.o)
__preinit_array_start                             c:/program files (x86)/atmel/studio/7.0/toolchain/arm/arm-gnu-toolchain/bin/../lib/gcc/arm-none-eabi/6.2.1/../../../../arm-none-eabi/lib/thumb/v6-m\libc_nano.a(lib_a-init.o)
__register_frame_info                             c:/program files (x86)/atmel/studio/7.0/toolchain/arm/arm-gnu-toolchain/bin/../lib/gcc/arm-none-eabi/6.2.1/thumb/v6-m/crtbegin.o
__sf_fake_stderr                                  c:/program files (x86)/atmel/studio/7.0/toolchain/arm/arm-gnu-toolchain/bin/../lib/gcc/arm-none-eabi/6.2.1/../../../../arm-none-eabi/lib/thumb/v6-m\libc_nano.a(lib_a-impure.o)
__sf_fake_stdin                                   c:/program files (x86)/atmel/studio/7.0/toolchain/arm/arm-gnu-toolchain/bin/../lib/gcc/arm-none-eabi/6.2.1/../../../../arm-none-eabi/lib/thumb/v6-m\libc_nano.a(lib_a-impure.o)
__sf_fake_stdout                                  c:/program files (x86)/atmel/studio/7.0/toolchain/arm/arm-gnu-toolchain/bin/../lib/gcc/arm-none-eabi/6.2.1/../../../../arm-none-eabi/lib/thumb/v6-m\libc_nano.a(lib_a-impure.o)
__stack                                           c:/program files (x86)/atmel/studio/7.0/toolchain/arm/arm-gnu-toolchain/bin/../lib/gcc/arm-none-eabi/6.2.1/../../../../arm-none-eabi/lib/thumb/v6-m/crt0.o
__udivsi3                                         c:/program files (x86)/atmel/studio/7.0/toolchain/arm/arm-gnu-toolchain/bin/../lib/gcc/arm-none-eabi/6.2.1/thumb/v6-m\libgcc.a(_udivsi3.o)
_adc_biascomp_addr                                src/ASF/sam0/drivers/adc/adc_sam_l_c/adc.o
_adc_biascomp_pos                                 src/ASF/sam0/drivers/adc/adc_sam_l_c/adc.o
_adc_biasrefbuf_addr                              src/ASF/sam0/drivers/adc/adc_sam_l_c/adc.o
_adc_biasrefbuf_pos                               src/ASF/sam0/drivers/adc/adc_sam_l_c/adc.o
_adc_extchannel_msb                               src/ASF/sam0/drivers/adc/adc_sam_l_c/adc.o
_adc_gclk_ids                                     src/ASF/sam0/drivers/adc/adc_sam_l_c/adc.o
_adc_get_inst_index                               src/ASF/sam0/drivers/adc/adc_sam_l_c/adc.o
_close                                            src/ASF/sam0/utils/syscalls/gcc/syscalls.o
_end                                              src/ASF/sam0/utils/syscalls/gcc/syscalls.o
_erelocate                                        src/ASF/sam0/utils/cmsis/saml21/source/gcc/startup_saml21.o
_estack                                           src/ASF/sam0/utils/cmsis/saml21/source/gcc/startup_saml21.o
_etext                                            src/ASF/sam0/utils/cmsis/saml21/source/gcc/startup_saml21.o
_exit                                             src/ASF/sam0/utils/syscalls/gcc/syscalls.o
                                                  c:/program files (x86)/atmel/studio/7.0/toolchain/arm/arm-gnu-toolchain/bin/../lib/gcc/arm-none-eabi/6.2.1/../../../../arm-none-eabi/lib/thumb/v6-m\libc_nano.a(lib_a-exit.o)
_ezero                                            src/ASF/sam0/utils/cmsis/saml21/source/gcc/startup_saml21.o
_fini                                             c:/program files (x86)/atmel/studio/7.0/toolchain/arm/arm-gnu-toolchain/bin/../lib/gcc/arm-none-eabi/6.2.1/thumb/v6-m/crti.o
_fstat                                            src/ASF/sam0/utils/syscalls/gcc/syscalls.o
_getpid                                           src/ASF/sam0/utils/syscalls/gcc/syscalls.o
_global_impure_ptr                                c:/program files (x86)/atmel/studio/7.0/toolchain/arm/arm-gnu-toolchain/bin/../lib/gcc/arm-none-eabi/6.2.1/../../../../arm-none-eabi/lib/thumb/v6-m\libc_nano.a(lib_a-impure.o)
                                                  c:/program files (x86)/atmel/studio/7.0/toolchain/arm/arm-gnu-toolchain/bin/../lib/gcc/arm-none-eabi/6.2.1/../../../../arm-none-eabi/lib/thumb/v6-m\libc_nano.a(lib_a-exit.o)
_impure_ptr                                       c:/program files (x86)/atmel/studio/7.0/toolchain/arm/arm-gnu-toolchain/bin/../lib/gcc/arm-none-eabi/6.2.1/../../../../arm-none-eabi/lib/thumb/v6-m\libc_nano.a(lib_a-impure.o)
_init                                             c:/program files (x86)/atmel/studio/7.0/toolchain/arm/arm-gnu-toolchain/bin/../lib/gcc/arm-none-eabi/6.2.1/thumb/v6-m/crti.o
                                                  c:/program files (x86)/atmel/studio/7.0/toolchain/arm/arm-gnu-toolchain/bin/../lib/gcc/arm-none-eabi/6.2.1/../../../../arm-none-eabi/lib/thumb/v6-m\libc_nano.a(lib_a-init.o)
_isatty                                           src/ASF/sam0/utils/syscalls/gcc/syscalls.o
_kill                                             src/ASF/sam0/utils/syscalls/gcc/syscalls.o
_lseek                                            src/ASF/sam0/utils/syscalls/gcc/syscalls.o
_mainCRTStartup                                   c:/program files (x86)/atmel/studio/7.0/toolchain/arm/arm-gnu-toolchain/bin/../lib/gcc/arm-none-eabi/6.2.1/../../../../arm-none-eabi/lib/thumb/v6-m/crt0.o
_sbrk                                             src/ASF/sam0/utils/syscalls/gcc/syscalls.o
_sfixed                                           src/ASF/sam0/utils/cmsis/saml21/source/gcc/startup_saml21.o
_srelocate                                        src/ASF/sam0/utils/cmsis/saml21/source/gcc/startup_saml21.o
_start                                            c:/program files (x86)/atmel/studio/7.0/toolchain/arm/arm-gnu-toolchain/bin/../lib/gcc/arm-none-eabi/6.2.1/../../../../arm-none-eabi/lib/thumb/v6-m/crt0.o
_system_divas_init                                src/ASF/sam0/drivers/system/system.o
_system_dummy_init                                src/ASF/sam0/drivers/system/system.o
_system_events_init                               src/ASF/sam0/drivers/system/system.o
_system_extint_init                               src/ASF/sam0/drivers/system/system.o
_szero                                            src/ASF/sam0/utils/cmsis/saml21/source/gcc/startup_saml21.o
_tc_get_inst_index                                src/ASF/sam0/drivers/tc/tc_sam_l_c/tc.o
                                                  src/TC_config/config_tc.o
_tc_instances                                     src/ASF/sam0/drivers/tc/tc_interrupt.o
                                                  src/ASF/sam0/drivers/tc/tc_sam_l_c/tc.o
_tc_interrupt_handler                             src/ASF/sam0/drivers/tc/tc_interrupt.o
adc_get_config_defaults                           src/ASF/sam0/drivers/adc/adc_sam_l_c/adc.o
                                                  src/ADC/configure_adc.o
adc_init                                          src/ASF/sam0/drivers/adc/adc_sam_l_c/adc.o
                                                  src/ADC/configure_adc.o
adc_instance                                      src/main.o
                                                  src/TC_config/config_tc.o
                                                  src/ADC/configure_adc.o
adc_set_window_mode                               src/ASF/sam0/drivers/adc/adc_sam_l_c/adc.o
atexit                                            c:/program files (x86)/atmel/studio/7.0/toolchain/arm/arm-gnu-toolchain/bin/../lib/gcc/arm-none-eabi/6.2.1/../../../../arm-none-eabi/lib/thumb/v6-m/crt0.o
board_init                                        src/ASF/sam0/boards/saml21_xplained_pro_b/board_init.o
configure_adc                                     src/ADC/configure_adc.o
                                                  src/main.o
configure_tc                                      src/TC_config/config_tc.o
                                                  src/main.o
configure_tc_callbacks                            src/TC_config/config_tc.o
                                                  src/main.o
cpu_irq_enter_critical                            src/ASF/common/utils/interrupt/interrupt_sam_nvic.o
                                                  src/ASF/sam0/drivers/system/clock/clock_saml21/gclk.o
cpu_irq_leave_critical                            src/ASF/common/utils/interrupt/interrupt_sam_nvic.o
                                                  src/ASF/sam0/drivers/system/clock/clock_saml21/gclk.o
exception_table                                   src/ASF/sam0/utils/cmsis/saml21/source/gcc/startup_saml21.o
exit                                              c:/program files (x86)/atmel/studio/7.0/toolchain/arm/arm-gnu-toolchain/bin/../lib/gcc/arm-none-eabi/6.2.1/../../../../arm-none-eabi/lib/thumb/v6-m\libc_nano.a(lib_a-exit.o)
                                                  c:/program files (x86)/atmel/studio/7.0/toolchain/arm/arm-gnu-toolchain/bin/../lib/gcc/arm-none-eabi/6.2.1/../../../../arm-none-eabi/lib/thumb/v6-m/crt0.o
g_interrupt_enabled                               src/ASF/common/utils/interrupt/interrupt_sam_nvic.o
                                                  src/main.o
hardware_init_hook                                c:/program files (x86)/atmel/studio/7.0/toolchain/arm/arm-gnu-toolchain/bin/../lib/gcc/arm-none-eabi/6.2.1/../../../../arm-none-eabi/lib/thumb/v6-m/crt0.o
link                                              src/ASF/sam0/utils/syscalls/gcc/syscalls.o
main                                              src/main.o
                                                  src/ASF/sam0/utils/cmsis/saml21/source/gcc/startup_saml21.o
                                                  c:/program files (x86)/atmel/studio/7.0/toolchain/arm/arm-gnu-toolchain/bin/../lib/gcc/arm-none-eabi/6.2.1/../../../../arm-none-eabi/lib/thumb/v6-m/crt0.o
memcpy                                            c:/program files (x86)/atmel/studio/7.0/toolchain/arm/arm-gnu-toolchain/bin/../lib/gcc/arm-none-eabi/6.2.1/../../../../arm-none-eabi/lib/thumb/v6-m\libc_nano.a(lib_a-memcpy-stub.o)
                                                  src/ASF/sam0/drivers/adc/adc_sam_l_c/adc.o
memset                                            c:/program files (x86)/atmel/studio/7.0/toolchain/arm/arm-gnu-toolchain/bin/../lib/gcc/arm-none-eabi/6.2.1/../../../../arm-none-eabi/lib/thumb/v6-m\libc_nano.a(lib_a-memset.o)
                                                  c:/program files (x86)/atmel/studio/7.0/toolchain/arm/arm-gnu-toolchain/bin/../lib/gcc/arm-none-eabi/6.2.1/../../../../arm-none-eabi/lib/thumb/v6-m/crt0.o
port_group_set_config                             src/ASF/sam0/drivers/port/port.o
port_pin_set_config                               src/ASF/sam0/drivers/port/port.o
                                                  src/ASF/sam0/boards/saml21_xplained_pro_b/board_init.o
software_init_hook                                c:/program files (x86)/atmel/studio/7.0/toolchain/arm/arm-gnu-toolchain/bin/../lib/gcc/arm-none-eabi/6.2.1/../../../../arm-none-eabi/lib/thumb/v6-m/crt0.o
system_board_init                                 src/ASF/sam0/boards/saml21_xplained_pro_b/board_init.o
system_clock_init                                 src/ASF/sam0/drivers/system/clock/clock_saml21/clock.o
system_clock_source_dfll_set_config               src/ASF/sam0/drivers/system/clock/clock_saml21/clock.o
system_clock_source_disable                       src/ASF/sam0/drivers/system/clock/clock_saml21/clock.o
system_clock_source_dpll_set_config               src/ASF/sam0/drivers/system/clock/clock_saml21/clock.o
system_clock_source_enable                        src/ASF/sam0/drivers/system/clock/clock_saml21/clock.o
system_clock_source_get_hz                        src/ASF/sam0/drivers/system/clock/clock_saml21/clock.o
                                                  src/ASF/sam0/drivers/system/clock/clock_saml21/gclk.o
system_clock_source_is_ready                      src/ASF/sam0/drivers/system/clock/clock_saml21/clock.o
system_clock_source_osc16m_set_config             src/ASF/sam0/drivers/system/clock/clock_saml21/clock.o
system_clock_source_osc32k_set_config             src/ASF/sam0/drivers/system/clock/clock_saml21/clock.o
system_clock_source_osculp32k_set_config          src/ASF/sam0/drivers/system/clock/clock_saml21/clock.o
system_clock_source_write_calibration             src/ASF/sam0/drivers/system/clock/clock_saml21/clock.o
system_clock_source_xosc32k_set_config            src/ASF/sam0/drivers/system/clock/clock_saml21/clock.o
system_clock_source_xosc_set_config               src/ASF/sam0/drivers/system/clock/clock_saml21/clock.o
system_gclk_chan_disable                          src/ASF/sam0/drivers/system/clock/clock_saml21/gclk.o
system_gclk_chan_enable                           src/ASF/sam0/drivers/system/clock/clock_saml21/gclk.o
                                                  src/ASF/sam0/drivers/tc/tc_sam_l_c/tc.o
                                                  src/ASF/sam0/drivers/adc/adc_sam_l_c/adc.o
system_gclk_chan_get_hz                           src/ASF/sam0/drivers/system/clock/clock_saml21/gclk.o
                                                  src/ASF/sam0/drivers/system/clock/clock_saml21/clock.o
system_gclk_chan_is_enabled                       src/ASF/sam0/drivers/system/clock/clock_saml21/gclk.o
system_gclk_chan_is_locked                        src/ASF/sam0/drivers/system/clock/clock_saml21/gclk.o
system_gclk_chan_lock                             src/ASF/sam0/drivers/system/clock/clock_saml21/gclk.o
system_gclk_chan_set_config                       src/ASF/sam0/drivers/system/clock/clock_saml21/gclk.o
                                                  src/ASF/sam0/drivers/tc/tc_sam_l_c/tc.o
                                                  src/ASF/sam0/drivers/adc/adc_sam_l_c/adc.o
system_gclk_gen_disable                           src/ASF/sam0/drivers/system/clock/clock_saml21/gclk.o
system_gclk_gen_enable                            src/ASF/sam0/drivers/system/clock/clock_saml21/gclk.o
                                                  src/ASF/sam0/drivers/system/clock/clock_saml21/clock.o
system_gclk_gen_get_hz                            src/ASF/sam0/drivers/system/clock/clock_saml21/gclk.o
                                                  src/ASF/sam0/drivers/system/clock/clock_saml21/clock.o
system_gclk_gen_is_enabled                        src/ASF/sam0/drivers/system/clock/clock_saml21/gclk.o
system_gclk_gen_set_config                        src/ASF/sam0/drivers/system/clock/clock_saml21/gclk.o
                                                  src/ASF/sam0/drivers/system/clock/clock_saml21/clock.o
system_gclk_init                                  src/ASF/sam0/drivers/system/clock/clock_saml21/gclk.o
                                                  src/ASF/sam0/drivers/system/clock/clock_saml21/clock.o
system_init                                       src/ASF/sam0/drivers/system/system.o
                                                  src/main.o
system_interrupt_clear_pending                    src/ASF/sam0/drivers/system/interrupt/system_interrupt.o
system_interrupt_get_priority                     src/ASF/sam0/drivers/system/interrupt/system_interrupt.o
system_interrupt_is_pending                       src/ASF/sam0/drivers/system/interrupt/system_interrupt.o
system_interrupt_set_pending                      src/ASF/sam0/drivers/system/interrupt/system_interrupt.o
system_interrupt_set_priority                     src/ASF/sam0/drivers/system/interrupt/system_interrupt.o
system_pinmux_group_set_config                    src/ASF/sam0/drivers/system/pinmux/pinmux.o
                                                  src/ASF/sam0/drivers/port/port.o
system_pinmux_group_set_input_sample_mode         src/ASF/sam0/drivers/system/pinmux/pinmux.o
system_pinmux_group_set_output_strength           src/ASF/sam0/drivers/system/pinmux/pinmux.o
system_pinmux_pin_set_config                      src/ASF/sam0/drivers/system/pinmux/pinmux.o
                                                  src/ASF/sam0/drivers/port/port.o
                                                  src/ASF/sam0/drivers/tc/tc_sam_l_c/tc.o
                                                  src/ASF/sam0/drivers/adc/adc_sam_l_c/adc.o
tc_callback_FIR                                   src/TC_config/config_tc.o
tc_get_capture_value                              src/ASF/sam0/drivers/tc/tc_sam_l_c/tc.o
tc_get_count_value                                src/ASF/sam0/drivers/tc/tc_sam_l_c/tc.o
tc_init                                           src/ASF/sam0/drivers/tc/tc_sam_l_c/tc.o
                                                  src/TC_config/config_tc.o
tc_instance                                       src/main.o
                                                  src/TC_config/config_tc.o
tc_register_callback                              src/ASF/sam0/drivers/tc/tc_interrupt.o
                                                  src/TC_config/config_tc.o
tc_reset                                          src/ASF/sam0/drivers/tc/tc_sam_l_c/tc.o
tc_set_compare_value                              src/ASF/sam0/drivers/tc/tc_sam_l_c/tc.o
tc_set_count_value                                src/ASF/sam0/drivers/tc/tc_sam_l_c/tc.o
tc_set_top_value                                  src/ASF/sam0/drivers/tc/tc_sam_l_c/tc.o
tc_unregister_callback                            src/ASF/sam0/drivers/tc/tc_interrupt.o
