Archive member included to satisfy reference by file (symbol)

c:/program files (x86)/atmel/studio/7.0/toolchain/avr8/avr8-gnu-toolchain/bin/../lib/gcc/avr/5.4.0/avrxmega7\libgcc.a(_exit.o)
                              C:/Program Files (x86)/Atmel/Studio/7.0/Packs/atmel/XMEGAA_DFP/1.1.68/gcc/dev/atxmega128a1/avrxmega7/crtatxmega128a1.o (exit)

Discarded input sections

 .data          0x00000000        0x0 C:/Program Files (x86)/Atmel/Studio/7.0/Packs/atmel/XMEGAA_DFP/1.1.68/gcc/dev/atxmega128a1/avrxmega7/crtatxmega128a1.o
 .bss           0x00000000        0x0 C:/Program Files (x86)/Atmel/Studio/7.0/Packs/atmel/XMEGAA_DFP/1.1.68/gcc/dev/atxmega128a1/avrxmega7/crtatxmega128a1.o
 .group         0x00000000        0x8 src/ASF/common/services/clock/xmega/sysclk.o
 .group         0x00000000        0x8 src/ASF/common/services/clock/xmega/sysclk.o
 .group         0x00000000        0x8 src/ASF/common/services/clock/xmega/sysclk.o
 .group         0x00000000        0x8 src/ASF/common/services/clock/xmega/sysclk.o
 .group         0x00000000        0x8 src/ASF/common/services/clock/xmega/sysclk.o
 .group         0x00000000        0x8 src/ASF/common/services/clock/xmega/sysclk.o
 .group         0x00000000        0x8 src/ASF/common/services/clock/xmega/sysclk.o
 .group         0x00000000        0x8 src/ASF/common/services/clock/xmega/sysclk.o
 .group         0x00000000        0x8 src/ASF/common/services/clock/xmega/sysclk.o
 .group         0x00000000        0x8 src/ASF/common/services/clock/xmega/sysclk.o
 .group         0x00000000        0x8 src/ASF/common/services/clock/xmega/sysclk.o
 .group         0x00000000        0x8 src/ASF/common/services/clock/xmega/sysclk.o
 .group         0x00000000        0x8 src/ASF/common/services/clock/xmega/sysclk.o
 .group         0x00000000        0x8 src/ASF/common/services/clock/xmega/sysclk.o
 .group         0x00000000        0x8 src/ASF/common/services/clock/xmega/sysclk.o
 .group         0x00000000        0x8 src/ASF/common/services/clock/xmega/sysclk.o
 .group         0x00000000        0x8 src/ASF/common/services/clock/xmega/sysclk.o
 .group         0x00000000        0x8 src/ASF/common/services/clock/xmega/sysclk.o
 .group         0x00000000        0x8 src/ASF/common/services/clock/xmega/sysclk.o
 .group         0x00000000        0x8 src/ASF/common/services/clock/xmega/sysclk.o
 .group         0x00000000        0x8 src/ASF/common/services/clock/xmega/sysclk.o
 .group         0x00000000        0x8 src/ASF/common/services/clock/xmega/sysclk.o
 .group         0x00000000        0x8 src/ASF/common/services/clock/xmega/sysclk.o
 .group         0x00000000        0x8 src/ASF/common/services/clock/xmega/sysclk.o
 .group         0x00000000        0x8 src/ASF/common/services/clock/xmega/sysclk.o
 .group         0x00000000        0x8 src/ASF/common/services/clock/xmega/sysclk.o
 .group         0x00000000        0x8 src/ASF/common/services/clock/xmega/sysclk.o
 .group         0x00000000        0x8 src/ASF/common/services/clock/xmega/sysclk.o
 .group         0x00000000        0x8 src/ASF/common/services/clock/xmega/sysclk.o
 .group         0x00000000        0x8 src/ASF/common/services/clock/xmega/sysclk.o
 .group         0x00000000        0x8 src/ASF/common/services/clock/xmega/sysclk.o
 .group         0x00000000        0x8 src/ASF/common/services/clock/xmega/sysclk.o
 .group         0x00000000        0x8 src/ASF/common/services/clock/xmega/sysclk.o
 .group         0x00000000        0x8 src/ASF/common/services/clock/xmega/sysclk.o
 .group         0x00000000        0x8 src/ASF/common/services/clock/xmega/sysclk.o
 .group         0x00000000        0x8 src/ASF/common/services/clock/xmega/sysclk.o
 .group         0x00000000        0x8 src/ASF/common/services/clock/xmega/sysclk.o
 .text          0x00000000        0x0 src/ASF/common/services/clock/xmega/sysclk.o
 .data          0x00000000        0x0 src/ASF/common/services/clock/xmega/sysclk.o
 .bss           0x00000000        0x0 src/ASF/common/services/clock/xmega/sysclk.o
 .text.sysclk_enable_module
                0x00000000       0x2c src/ASF/common/services/clock/xmega/sysclk.o
 .text.sysclk_disable_module
                0x00000000       0x2a src/ASF/common/services/clock/xmega/sysclk.o
 .group         0x00000000        0x8 src/ASF/common/services/ioport/xmega/ioport_compat.o
 .group         0x00000000        0x8 src/ASF/common/services/ioport/xmega/ioport_compat.o
 .group         0x00000000        0x8 src/ASF/common/services/ioport/xmega/ioport_compat.o
 .group         0x00000000        0x8 src/ASF/common/services/ioport/xmega/ioport_compat.o
 .group         0x00000000        0x8 src/ASF/common/services/ioport/xmega/ioport_compat.o
 .group         0x00000000        0x8 src/ASF/common/services/ioport/xmega/ioport_compat.o
 .group         0x00000000        0x8 src/ASF/common/services/ioport/xmega/ioport_compat.o
 .group         0x00000000        0x8 src/ASF/common/services/ioport/xmega/ioport_compat.o
 .group         0x00000000        0x8 src/ASF/common/services/ioport/xmega/ioport_compat.o
 .group         0x00000000        0x8 src/ASF/common/services/ioport/xmega/ioport_compat.o
 .group         0x00000000        0x8 src/ASF/common/services/ioport/xmega/ioport_compat.o
 .group         0x00000000        0x8 src/ASF/common/services/ioport/xmega/ioport_compat.o
 .group         0x00000000        0x8 src/ASF/common/services/ioport/xmega/ioport_compat.o
 .group         0x00000000        0x8 src/ASF/common/services/ioport/xmega/ioport_compat.o
 .group         0x00000000        0x8 src/ASF/common/services/ioport/xmega/ioport_compat.o
 .group         0x00000000        0x8 src/ASF/common/services/ioport/xmega/ioport_compat.o
 .group         0x00000000        0x8 src/ASF/common/services/ioport/xmega/ioport_compat.o
 .group         0x00000000        0x8 src/ASF/common/services/ioport/xmega/ioport_compat.o
 .group         0x00000000        0x8 src/ASF/common/services/ioport/xmega/ioport_compat.o
 .group         0x00000000        0x8 src/ASF/common/services/ioport/xmega/ioport_compat.o
 .group         0x00000000        0x8 src/ASF/common/services/ioport/xmega/ioport_compat.o
 .group         0x00000000        0x8 src/ASF/common/services/ioport/xmega/ioport_compat.o
 .group         0x00000000        0x8 src/ASF/common/services/ioport/xmega/ioport_compat.o
 .group         0x00000000        0x8 src/ASF/common/services/ioport/xmega/ioport_compat.o
 .group         0x00000000        0x8 src/ASF/common/services/ioport/xmega/ioport_compat.o
 .group         0x00000000        0x8 src/ASF/common/services/ioport/xmega/ioport_compat.o
 .group         0x00000000        0x8 src/ASF/common/services/ioport/xmega/ioport_compat.o
 .group         0x00000000        0x8 src/ASF/common/services/ioport/xmega/ioport_compat.o
 .group         0x00000000        0x8 src/ASF/common/services/ioport/xmega/ioport_compat.o
 .group         0x00000000        0x8 src/ASF/common/services/ioport/xmega/ioport_compat.o
 .group         0x00000000        0x8 src/ASF/common/services/ioport/xmega/ioport_compat.o
 .group         0x00000000        0x8 src/ASF/common/services/ioport/xmega/ioport_compat.o
 .group         0x00000000        0x8 src/ASF/common/services/ioport/xmega/ioport_compat.o
 .text          0x00000000        0x0 src/ASF/common/services/ioport/xmega/ioport_compat.o
 .data          0x00000000        0x0 src/ASF/common/services/ioport/xmega/ioport_compat.o
 .bss           0x00000000        0x0 src/ASF/common/services/ioport/xmega/ioport_compat.o
 .debug_macro   0x00000000      0xa90 src/ASF/common/services/ioport/xmega/ioport_compat.o
 .debug_macro   0x00000000      0x64b src/ASF/common/services/ioport/xmega/ioport_compat.o
 .debug_macro   0x00000000       0x10 src/ASF/common/services/ioport/xmega/ioport_compat.o
 .debug_macro   0x00000000      0x1c9 src/ASF/common/services/ioport/xmega/ioport_compat.o
 .debug_macro   0x00000000      0x2fc src/ASF/common/services/ioport/xmega/ioport_compat.o
 .debug_macro   0x00000000       0x9e src/ASF/common/services/ioport/xmega/ioport_compat.o
 .debug_macro   0x00000000     0x53c9 src/ASF/common/services/ioport/xmega/ioport_compat.o
 .debug_macro   0x00000000       0x9a src/ASF/common/services/ioport/xmega/ioport_compat.o
 .debug_macro   0x00000000       0xf1 src/ASF/common/services/ioport/xmega/ioport_compat.o
 .debug_macro   0x00000000       0x34 src/ASF/common/services/ioport/xmega/ioport_compat.o
 .debug_macro   0x00000000       0x16 src/ASF/common/services/ioport/xmega/ioport_compat.o
 .debug_macro   0x00000000       0x18 src/ASF/common/services/ioport/xmega/ioport_compat.o
 .debug_macro   0x00000000       0x5e src/ASF/common/services/ioport/xmega/ioport_compat.o
 .debug_macro   0x00000000       0x10 src/ASF/common/services/ioport/xmega/ioport_compat.o
 .debug_macro   0x00000000       0x22 src/ASF/common/services/ioport/xmega/ioport_compat.o
 .debug_macro   0x00000000      0x16d src/ASF/common/services/ioport/xmega/ioport_compat.o
 .debug_macro   0x00000000       0x1c src/ASF/common/services/ioport/xmega/ioport_compat.o
 .debug_macro   0x00000000       0x35 src/ASF/common/services/ioport/xmega/ioport_compat.o
 .debug_macro   0x00000000       0x66 src/ASF/common/services/ioport/xmega/ioport_compat.o
 .debug_macro   0x00000000       0x97 src/ASF/common/services/ioport/xmega/ioport_compat.o
 .debug_macro   0x00000000       0x17 src/ASF/common/services/ioport/xmega/ioport_compat.o
 .debug_macro   0x00000000      0x250 src/ASF/common/services/ioport/xmega/ioport_compat.o
 .debug_macro   0x00000000       0x76 src/ASF/common/services/ioport/xmega/ioport_compat.o
 .debug_macro   0x00000000       0x16 src/ASF/common/services/ioport/xmega/ioport_compat.o
 .debug_macro   0x00000000      0x6e3 src/ASF/common/services/ioport/xmega/ioport_compat.o
 .debug_macro   0x00000000       0x10 src/ASF/common/services/ioport/xmega/ioport_compat.o
 .debug_macro   0x00000000      0x175 src/ASF/common/services/ioport/xmega/ioport_compat.o
 .debug_macro   0x00000000       0x40 src/ASF/common/services/ioport/xmega/ioport_compat.o
 .debug_macro   0x00000000       0x69 src/ASF/common/services/ioport/xmega/ioport_compat.o
 .debug_macro   0x00000000       0x32 src/ASF/common/services/ioport/xmega/ioport_compat.o
 .debug_macro   0x00000000       0xe4 src/ASF/common/services/ioport/xmega/ioport_compat.o
 .group         0x00000000        0x8 src/ASF/xmega/boards/xplain/init.o
 .group         0x00000000        0x8 src/ASF/xmega/boards/xplain/init.o
 .group         0x00000000        0x8 src/ASF/xmega/boards/xplain/init.o
 .group         0x00000000        0x8 src/ASF/xmega/boards/xplain/init.o
 .group         0x00000000        0x8 src/ASF/xmega/boards/xplain/init.o
 .group         0x00000000        0x8 src/ASF/xmega/boards/xplain/init.o
 .group         0x00000000        0x8 src/ASF/xmega/boards/xplain/init.o
 .group         0x00000000        0x8 src/ASF/xmega/boards/xplain/init.o
 .group         0x00000000        0x8 src/ASF/xmega/boards/xplain/init.o
 .group         0x00000000        0x8 src/ASF/xmega/boards/xplain/init.o
 .group         0x00000000        0x8 src/ASF/xmega/boards/xplain/init.o
 .group         0x00000000        0x8 src/ASF/xmega/boards/xplain/init.o
 .group         0x00000000        0x8 src/ASF/xmega/boards/xplain/init.o
 .group         0x00000000        0x8 src/ASF/xmega/boards/xplain/init.o
 .group         0x00000000        0x8 src/ASF/xmega/boards/xplain/init.o
 .group         0x00000000        0x8 src/ASF/xmega/boards/xplain/init.o
 .group         0x00000000        0x8 src/ASF/xmega/boards/xplain/init.o
 .group         0x00000000        0x8 src/ASF/xmega/boards/xplain/init.o
 .group         0x00000000        0x8 src/ASF/xmega/boards/xplain/init.o
 .group         0x00000000        0x8 src/ASF/xmega/boards/xplain/init.o
 .group         0x00000000        0x8 src/ASF/xmega/boards/xplain/init.o
 .group         0x00000000        0x8 src/ASF/xmega/boards/xplain/init.o
 .group         0x00000000        0x8 src/ASF/xmega/boards/xplain/init.o
 .group         0x00000000        0x8 src/ASF/xmega/boards/xplain/init.o
 .group         0x00000000        0x8 src/ASF/xmega/boards/xplain/init.o
 .group         0x00000000        0x8 src/ASF/xmega/boards/xplain/init.o
 .group         0x00000000        0x8 src/ASF/xmega/boards/xplain/init.o
 .group         0x00000000        0x8 src/ASF/xmega/boards/xplain/init.o
 .group         0x00000000        0x8 src/ASF/xmega/boards/xplain/init.o
 .group         0x00000000        0x8 src/ASF/xmega/boards/xplain/init.o
 .group         0x00000000        0x8 src/ASF/xmega/boards/xplain/init.o
 .group         0x00000000        0x8 src/ASF/xmega/boards/xplain/init.o
 .group         0x00000000        0x8 src/ASF/xmega/boards/xplain/init.o
 .group         0x00000000        0x8 src/ASF/xmega/boards/xplain/init.o
 .group         0x00000000        0x8 src/ASF/xmega/boards/xplain/init.o
 .text          0x00000000        0x0 src/ASF/xmega/boards/xplain/init.o
 .data          0x00000000        0x0 src/ASF/xmega/boards/xplain/init.o
 .bss           0x00000000        0x0 src/ASF/xmega/boards/xplain/init.o
 .debug_macro   0x00000000      0xa90 src/ASF/xmega/boards/xplain/init.o
 .debug_macro   0x00000000       0x10 src/ASF/xmega/boards/xplain/init.o
 .debug_macro   0x00000000      0x1c9 src/ASF/xmega/boards/xplain/init.o
 .debug_macro   0x00000000      0x2fc src/ASF/xmega/boards/xplain/init.o
 .debug_macro   0x00000000       0x9e src/ASF/xmega/boards/xplain/init.o
 .debug_macro   0x00000000     0x53c9 src/ASF/xmega/boards/xplain/init.o
 .debug_macro   0x00000000       0x9a src/ASF/xmega/boards/xplain/init.o
 .debug_macro   0x00000000       0xf1 src/ASF/xmega/boards/xplain/init.o
 .debug_macro   0x00000000       0x34 src/ASF/xmega/boards/xplain/init.o
 .debug_macro   0x00000000       0x16 src/ASF/xmega/boards/xplain/init.o
 .debug_macro   0x00000000       0x18 src/ASF/xmega/boards/xplain/init.o
 .debug_macro   0x00000000       0x5e src/ASF/xmega/boards/xplain/init.o
 .debug_macro   0x00000000       0x10 src/ASF/xmega/boards/xplain/init.o
 .debug_macro   0x00000000       0x22 src/ASF/xmega/boards/xplain/init.o
 .debug_macro   0x00000000      0x16d src/ASF/xmega/boards/xplain/init.o
 .debug_macro   0x00000000       0x1c src/ASF/xmega/boards/xplain/init.o
 .debug_macro   0x00000000       0x35 src/ASF/xmega/boards/xplain/init.o
 .debug_macro   0x00000000       0x66 src/ASF/xmega/boards/xplain/init.o
 .debug_macro   0x00000000      0x64b src/ASF/xmega/boards/xplain/init.o
 .debug_macro   0x00000000       0x97 src/ASF/xmega/boards/xplain/init.o
 .debug_macro   0x00000000       0x17 src/ASF/xmega/boards/xplain/init.o
 .debug_macro   0x00000000      0x250 src/ASF/xmega/boards/xplain/init.o
 .debug_macro   0x00000000       0x76 src/ASF/xmega/boards/xplain/init.o
 .debug_macro   0x00000000       0x16 src/ASF/xmega/boards/xplain/init.o
 .debug_macro   0x00000000      0x6e3 src/ASF/xmega/boards/xplain/init.o
 .debug_macro   0x00000000       0x10 src/ASF/xmega/boards/xplain/init.o
 .debug_macro   0x00000000      0x175 src/ASF/xmega/boards/xplain/init.o
 .debug_macro   0x00000000       0x40 src/ASF/xmega/boards/xplain/init.o
 .debug_macro   0x00000000       0x69 src/ASF/xmega/boards/xplain/init.o
 .debug_macro   0x00000000       0x32 src/ASF/xmega/boards/xplain/init.o
 .debug_macro   0x00000000       0xe4 src/ASF/xmega/boards/xplain/init.o
 .debug_macro   0x00000000      0x11d src/ASF/xmega/boards/xplain/init.o
 .debug_macro   0x00000000       0x9a src/ASF/xmega/boards/xplain/init.o
 .debug_macro   0x00000000      0x109 src/ASF/xmega/boards/xplain/init.o
 .text          0x00000000        0x0 src/ASF/xmega/drivers/cpu/ccp.o
 .data          0x00000000        0x0 src/ASF/xmega/drivers/cpu/ccp.o
 .bss           0x00000000        0x0 src/ASF/xmega/drivers/cpu/ccp.o
 .group         0x00000000        0x8 src/ioport_example3.o
 .group         0x00000000        0x8 src/ioport_example3.o
 .group         0x00000000        0x8 src/ioport_example3.o
 .group         0x00000000        0x8 src/ioport_example3.o
 .group         0x00000000        0x8 src/ioport_example3.o
 .group         0x00000000        0x8 src/ioport_example3.o
 .group         0x00000000        0x8 src/ioport_example3.o
 .group         0x00000000        0x8 src/ioport_example3.o
 .group         0x00000000        0x8 src/ioport_example3.o
 .group         0x00000000        0x8 src/ioport_example3.o
 .group         0x00000000        0x8 src/ioport_example3.o
 .group         0x00000000        0x8 src/ioport_example3.o
 .group         0x00000000        0x8 src/ioport_example3.o
 .group         0x00000000        0x8 src/ioport_example3.o
 .group         0x00000000        0x8 src/ioport_example3.o
 .group         0x00000000        0x8 src/ioport_example3.o
 .group         0x00000000        0x8 src/ioport_example3.o
 .group         0x00000000        0x8 src/ioport_example3.o
 .group         0x00000000        0x8 src/ioport_example3.o
 .group         0x00000000        0x8 src/ioport_example3.o
 .group         0x00000000        0x8 src/ioport_example3.o
 .group         0x00000000        0x8 src/ioport_example3.o
 .group         0x00000000        0x8 src/ioport_example3.o
 .group         0x00000000        0x8 src/ioport_example3.o
 .group         0x00000000        0x8 src/ioport_example3.o
 .group         0x00000000        0x8 src/ioport_example3.o
 .group         0x00000000        0x8 src/ioport_example3.o
 .group         0x00000000        0x8 src/ioport_example3.o
 .group         0x00000000        0x8 src/ioport_example3.o
 .group         0x00000000        0x8 src/ioport_example3.o
 .group         0x00000000        0x8 src/ioport_example3.o
 .group         0x00000000        0x8 src/ioport_example3.o
 .group         0x00000000        0x8 src/ioport_example3.o
 .group         0x00000000        0x8 src/ioport_example3.o
 .group         0x00000000        0x8 src/ioport_example3.o
 .group         0x00000000        0x8 src/ioport_example3.o
 .group         0x00000000        0x8 src/ioport_example3.o
 .group         0x00000000        0x8 src/ioport_example3.o
 .group         0x00000000        0x8 src/ioport_example3.o
 .group         0x00000000        0x8 src/ioport_example3.o
 .group         0x00000000        0x8 src/ioport_example3.o
 .group         0x00000000        0x8 src/ioport_example3.o
 .group         0x00000000        0x8 src/ioport_example3.o
 .text          0x00000000        0x0 src/ioport_example3.o
 .data          0x00000000        0x0 src/ioport_example3.o
 .bss           0x00000000        0x0 src/ioport_example3.o
 .debug_macro   0x00000000      0xa90 src/ioport_example3.o
 .debug_macro   0x00000000       0x10 src/ioport_example3.o
 .debug_macro   0x00000000      0x1c9 src/ioport_example3.o
 .debug_macro   0x00000000      0x2fc src/ioport_example3.o
 .debug_macro   0x00000000       0x9e src/ioport_example3.o
 .debug_macro   0x00000000     0x53c9 src/ioport_example3.o
 .debug_macro   0x00000000       0x9a src/ioport_example3.o
 .debug_macro   0x00000000       0xf1 src/ioport_example3.o
 .debug_macro   0x00000000       0x34 src/ioport_example3.o
 .debug_macro   0x00000000       0x16 src/ioport_example3.o
 .debug_macro   0x00000000       0x18 src/ioport_example3.o
 .debug_macro   0x00000000       0x5e src/ioport_example3.o
 .debug_macro   0x00000000       0x10 src/ioport_example3.o
 .debug_macro   0x00000000       0x22 src/ioport_example3.o
 .debug_macro   0x00000000      0x16d src/ioport_example3.o
 .debug_macro   0x00000000       0x1c src/ioport_example3.o
 .debug_macro   0x00000000       0x35 src/ioport_example3.o
 .debug_macro   0x00000000       0x66 src/ioport_example3.o
 .debug_macro   0x00000000      0x64b src/ioport_example3.o
 .debug_macro   0x00000000       0x97 src/ioport_example3.o
 .debug_macro   0x00000000       0x17 src/ioport_example3.o
 .debug_macro   0x00000000      0x250 src/ioport_example3.o
 .debug_macro   0x00000000       0x76 src/ioport_example3.o
 .debug_macro   0x00000000       0x16 src/ioport_example3.o
 .debug_macro   0x00000000      0x6e3 src/ioport_example3.o
 .debug_macro   0x00000000       0x10 src/ioport_example3.o
 .debug_macro   0x00000000      0x175 src/ioport_example3.o
 .debug_macro   0x00000000       0x40 src/ioport_example3.o
 .debug_macro   0x00000000       0x69 src/ioport_example3.o
 .debug_macro   0x00000000       0x32 src/ioport_example3.o
 .debug_macro   0x00000000       0xe4 src/ioport_example3.o
 .debug_macro   0x00000000       0x9a src/ioport_example3.o
 .debug_macro   0x00000000      0x109 src/ioport_example3.o
 .debug_macro   0x00000000      0x2c6 src/ioport_example3.o
 .debug_macro   0x00000000      0x11d src/ioport_example3.o
 .debug_macro   0x00000000       0x10 src/ioport_example3.o
 .debug_macro   0x00000000       0x7d src/ioport_example3.o
 .debug_macro   0x00000000       0x2f src/ioport_example3.o
 .debug_macro   0x00000000      0x14d src/ioport_example3.o
 .text          0x00000000        0x0 c:/program files (x86)/atmel/studio/7.0/toolchain/avr8/avr8-gnu-toolchain/bin/../lib/gcc/avr/5.4.0/avrxmega7\libgcc.a(_exit.o)
 .data          0x00000000        0x0 c:/program files (x86)/atmel/studio/7.0/toolchain/avr8/avr8-gnu-toolchain/bin/../lib/gcc/avr/5.4.0/avrxmega7\libgcc.a(_exit.o)
 .bss           0x00000000        0x0 c:/program files (x86)/atmel/studio/7.0/toolchain/avr8/avr8-gnu-toolchain/bin/../lib/gcc/avr/5.4.0/avrxmega7\libgcc.a(_exit.o)
 .text.libgcc.mul
                0x00000000        0x0 c:/program files (x86)/atmel/studio/7.0/toolchain/avr8/avr8-gnu-toolchain/bin/../lib/gcc/avr/5.4.0/avrxmega7\libgcc.a(_exit.o)
 .text.libgcc.div
                0x00000000        0x0 c:/program files (x86)/atmel/studio/7.0/toolchain/avr8/avr8-gnu-toolchain/bin/../lib/gcc/avr/5.4.0/avrxmega7\libgcc.a(_exit.o)
 .text.libgcc   0x00000000        0x0 c:/program files (x86)/atmel/studio/7.0/toolchain/avr8/avr8-gnu-toolchain/bin/../lib/gcc/avr/5.4.0/avrxmega7\libgcc.a(_exit.o)
 .text.libgcc.prologue
                0x00000000        0x0 c:/program files (x86)/atmel/studio/7.0/toolchain/avr8/avr8-gnu-toolchain/bin/../lib/gcc/avr/5.4.0/avrxmega7\libgcc.a(_exit.o)
 .text.libgcc.builtins
                0x00000000        0x0 c:/program files (x86)/atmel/studio/7.0/toolchain/avr8/avr8-gnu-toolchain/bin/../lib/gcc/avr/5.4.0/avrxmega7\libgcc.a(_exit.o)
 .text.libgcc.fmul
                0x00000000        0x0 c:/program files (x86)/atmel/studio/7.0/toolchain/avr8/avr8-gnu-toolchain/bin/../lib/gcc/avr/5.4.0/avrxmega7\libgcc.a(_exit.o)
 .text.libgcc.fixed
                0x00000000        0x0 c:/program files (x86)/atmel/studio/7.0/toolchain/avr8/avr8-gnu-toolchain/bin/../lib/gcc/avr/5.4.0/avrxmega7\libgcc.a(_exit.o)

Memory Configuration

Name             Origin             Length             Attributes
text             0x00000000         0x00100000         xr
data             0x00802000         0x0000ffa0         rw !x
eeprom           0x00810000         0x00010000         rw !x
fuse             0x00820000         0x00000006         rw !x
lock             0x00830000         0x00000400         rw !x
signature        0x00840000         0x00000400         rw !x
user_signatures  0x00850000         0x00000400         rw !x
*default*        0x00000000         0xffffffff

Linker script and memory map

LOAD C:/Program Files (x86)/Atmel/Studio/7.0/Packs/atmel/XMEGAA_DFP/1.1.68/gcc/dev/atxmega128a1/avrxmega7/crtatxmega128a1.o
LOAD src/ASF/common/services/clock/xmega/sysclk.o
LOAD src/ASF/common/services/ioport/xmega/ioport_compat.o
LOAD src/ASF/xmega/boards/xplain/init.o
LOAD src/ASF/xmega/drivers/cpu/ccp.o
LOAD src/ioport_example3.o
START GROUP
LOAD c:/program files (x86)/atmel/studio/7.0/toolchain/avr8/avr8-gnu-toolchain/bin/../lib/gcc/avr/5.4.0/../../../../avr/lib/avrxmega7\libm.a
END GROUP
Address of section .BOOT set to 0x20000
START GROUP
LOAD c:/program files (x86)/atmel/studio/7.0/toolchain/avr8/avr8-gnu-toolchain/bin/../lib/gcc/avr/5.4.0/avrxmega7\libgcc.a
LOAD c:/program files (x86)/atmel/studio/7.0/toolchain/avr8/avr8-gnu-toolchain/bin/../lib/gcc/avr/5.4.0/../../../../avr/lib/avrxmega7\libm.a
LOAD c:/program files (x86)/atmel/studio/7.0/toolchain/avr8/avr8-gnu-toolchain/bin/../lib/gcc/avr/5.4.0/../../../../avr/lib/avrxmega7\libc.a
LOAD C:/Program Files (x86)/Atmel/Studio/7.0/Packs/atmel/XMEGAA_DFP/1.1.68/gcc/dev/atxmega128a1/avrxmega7\libatxmega128a1.a
END GROUP
                0x00100000                __TEXT_REGION_LENGTH__ = DEFINED (__TEXT_REGION_LENGTH__)?__TEXT_REGION_LENGTH__:0x100000
                0x0000ffa0                __DATA_REGION_LENGTH__ = DEFINED (__DATA_REGION_LENGTH__)?__DATA_REGION_LENGTH__:0xffa0
                0x00010000                __EEPROM_REGION_LENGTH__ = DEFINED (__EEPROM_REGION_LENGTH__)?__EEPROM_REGION_LENGTH__:0x10000
                [0x00000006]                __FUSE_REGION_LENGTH__ = DEFINED (__FUSE_REGION_LENGTH__)?__FUSE_REGION_LENGTH__:0x400
                0x00000400                __LOCK_REGION_LENGTH__ = DEFINED (__LOCK_REGION_LENGTH__)?__LOCK_REGION_LENGTH__:0x400
                0x00000400                __SIGNATURE_REGION_LENGTH__ = DEFINED (__SIGNATURE_REGION_LENGTH__)?__SIGNATURE_REGION_LENGTH__:0x400
                0x00000400                __USER_SIGNATURE_REGION_LENGTH__ = DEFINED (__USER_SIGNATURE_REGION_LENGTH__)?__USER_SIGNATURE_REGION_LENGTH__:0x400

.hash
 *(.hash)

.dynsym
 *(.dynsym)

.dynstr
 *(.dynstr)

.gnu.version
 *(.gnu.version)

.gnu.version_d
 *(.gnu.version_d)

.gnu.version_r
 *(.gnu.version_r)

.rel.init
 *(.rel.init)

.rela.init
 *(.rela.init)

.rel.text
 *(.rel.text)
 *(.rel.text.*)
 *(.rel.gnu.linkonce.t*)

.rela.text
 *(.rela.text)
 *(.rela.text.*)
 *(.rela.gnu.linkonce.t*)

.rel.fini
 *(.rel.fini)

.rela.fini
 *(.rela.fini)

.rel.rodata
 *(.rel.rodata)
 *(.rel.rodata.*)
 *(.rel.gnu.linkonce.r*)

.rela.rodata
 *(.rela.rodata)
 *(.rela.rodata.*)
 *(.rela.gnu.linkonce.r*)

.rel.data
 *(.rel.data)
 *(.rel.data.*)
 *(.rel.gnu.linkonce.d*)

.rela.data
 *(.rela.data)
 *(.rela.data.*)
 *(.rela.gnu.linkonce.d*)

.rel.ctors
 *(.rel.ctors)

.rela.ctors
 *(.rela.ctors)

.rel.dtors
 *(.rel.dtors)

.rela.dtors
 *(.rela.dtors)

.rel.got
 *(.rel.got)

.rela.got
 *(.rela.got)

.rel.bss
 *(.rel.bss)

.rela.bss
 *(.rela.bss)

.rel.plt
 *(.rel.plt)

.rela.plt
 *(.rela.plt)

.text           0x00000000      0x3e8
 *(.vectors)
 .vectors       0x00000000      0x1f4 C:/Program Files (x86)/Atmel/Studio/7.0/Packs/atmel/XMEGAA_DFP/1.1.68/gcc/dev/atxmega128a1/avrxmega7/crtatxmega128a1.o
                0x00000000                __vector_default
                0x00000000                __vectors
 *(.vectors)
 *(.progmem.gcc*)
                0x000001f4                . = ALIGN (0x2)
                0x000001f4                __trampolines_start = .
 *(.trampolines)
 .trampolines   0x000001f4        0x0 linker stubs
 *(.trampolines*)
                0x000001f4                __trampolines_end = .
 *libprintf_flt.a:*(.progmem.data)
 *libc.a:*(.progmem.data)
 *(.progmem*)
                0x000001f4                . = ALIGN (0x2)
 *(.jumptables)
 *(.jumptables*)
 *(.lowtext)
 *(.lowtext*)
                0x000001f4                __ctors_start = .
 *(.ctors)
                0x000001f4                __ctors_end = .
                0x000001f4                __dtors_start = .
 *(.dtors)
                0x000001f4                __dtors_end = .
 SORT(*)(.ctors)
 SORT(*)(.dtors)
 *(.init0)
 .init0         0x000001f4        0x0 C:/Program Files (x86)/Atmel/Studio/7.0/Packs/atmel/XMEGAA_DFP/1.1.68/gcc/dev/atxmega128a1/avrxmega7/crtatxmega128a1.o
                0x000001f4                __init
 *(.init0)
 *(.init1)
 *(.init1)
 *(.init2)
 .init2         0x000001f4       0x18 C:/Program Files (x86)/Atmel/Studio/7.0/Packs/atmel/XMEGAA_DFP/1.1.68/gcc/dev/atxmega128a1/avrxmega7/crtatxmega128a1.o
 *(.init2)
 *(.init3)
 *(.init3)
 *(.init4)
 *(.init4)
 *(.init5)
 *(.init5)
 *(.init6)
 *(.init6)
 *(.init7)
 *(.init7)
 *(.init8)
 *(.init8)
 *(.init9)
 .init9         0x0000020c        0x4 C:/Program Files (x86)/Atmel/Studio/7.0/Packs/atmel/XMEGAA_DFP/1.1.68/gcc/dev/atxmega128a1/avrxmega7/crtatxmega128a1.o
 *(.init9)
 *(.text)
 .text          0x00000210        0x2 C:/Program Files (x86)/Atmel/Studio/7.0/Packs/atmel/XMEGAA_DFP/1.1.68/gcc/dev/atxmega128a1/avrxmega7/crtatxmega128a1.o
                0x00000210                __vector_38
                0x00000210                __vector_104
                0x00000210                __vector_22
                0x00000210                __vector_63
                0x00000210                __vector_28
                0x00000210                __vector_67
                0x00000210                __vector_1
                0x00000210                __vector_119
                0x00000210                __vector_32
                0x00000210                __vector_75
                0x00000210                __vector_71
                0x00000210                __vector_91
                0x00000210                __vector_34
                0x00000210                __vector_62
                0x00000210                __vector_77
                0x00000210                __vector_102
                0x00000210                __vector_24
                0x00000210                __vector_12
                0x00000210                __vector_55
                0x00000210                __vector_69
                0x00000210                __vector_81
                0x00000210                __vector_90
                0x00000210                __vector_46
                0x00000210                __bad_interrupt
                0x00000210                __vector_122
                0x00000210                __vector_72
                0x00000210                __vector_114
                0x00000210                __vector_6
                0x00000210                __vector_110
                0x00000210                __vector_31
                0x00000210                __vector_92
                0x00000210                __vector_35
                0x00000210                __vector_78
                0x00000210                __vector_74
                0x00000210                __vector_117
                0x00000210                __vector_39
                0x00000210                __vector_107
                0x00000210                __vector_3
                0x00000210                __vector_105
                0x00000210                __vector_98
                0x00000210                __vector_23
                0x00000210                __vector_68
                0x00000210                __vector_30
                0x00000210                __vector_73
                0x00000210                __vector_45
                0x00000210                __vector_25
                0x00000210                __vector_93
                0x00000210                __vector_61
                0x00000210                __vector_11
                0x00000210                __vector_54
                0x00000210                __vector_99
                0x00000210                __vector_13
                0x00000210                __vector_17
                0x00000210                __vector_19
                0x00000210                __vector_56
                0x00000210                __vector_7
                0x00000210                __vector_49
                0x00000210                __vector_123
                0x00000210                __vector_41
                0x00000210                __vector_86
                0x00000210                __vector_100
                0x00000210                __vector_101
                0x00000210                __vector_64
                0x00000210                __vector_88
                0x00000210                __vector_109
                0x00000210                __vector_43
                0x00000210                __vector_27
                0x00000210                __vector_5
                0x00000210                __vector_113
                0x00000210                __vector_33
                0x00000210                __vector_76
                0x00000210                __vector_115
                0x00000210                __vector_47
                0x00000210                __vector_52
                0x00000210                __vector_37
                0x00000210                __vector_95
                0x00000210                __vector_103
                0x00000210                __vector_96
                0x00000210                __vector_89
                0x00000210                __vector_108
                0x00000210                __vector_4
                0x00000210                __vector_44
                0x00000210                __vector_82
                0x00000210                __vector_106
                0x00000210                __vector_118
                0x00000210                __vector_51
                0x00000210                __vector_9
                0x00000210                __vector_2
                0x00000210                __vector_21
                0x00000210                __vector_15
                0x00000210                __vector_66
                0x00000210                __vector_36
                0x00000210                __vector_79
                0x00000210                __vector_58
                0x00000210                __vector_70
                0x00000210                __vector_83
                0x00000210                __vector_29
                0x00000210                __vector_60
                0x00000210                __vector_121
                0x00000210                __vector_40
                0x00000210                __vector_85
                0x00000210                __vector_94
                0x00000210                __vector_8
                0x00000210                __vector_26
                0x00000210                __vector_48
                0x00000210                __vector_124
                0x00000210                __vector_116
                0x00000210                __vector_112
                0x00000210                __vector_111
                0x00000210                __vector_80
                0x00000210                __vector_14
                0x00000210                __vector_84
                0x00000210                __vector_57
                0x00000210                __vector_53
                0x00000210                __vector_10
                0x00000210                __vector_50
                0x00000210                __vector_16
                0x00000210                __vector_59
                0x00000210                __vector_18
                0x00000210                __vector_97
                0x00000210                __vector_20
                0x00000210                __vector_42
                0x00000210                __vector_87
                0x00000210                __vector_65
                0x00000210                __vector_120
                0x00000212                . = ALIGN (0x2)
 *(.text.*)
 .text.sysclk_init
                0x00000212       0x6a src/ASF/common/services/clock/xmega/sysclk.o
                0x00000212                sysclk_init
 .text.ioport_configure_port_pin
                0x0000027c       0x4e src/ASF/common/services/ioport/xmega/ioport_compat.o
                0x0000027c                ioport_configure_port_pin
 .text.board_init
                0x000002ca       0xc2 src/ASF/xmega/boards/xplain/init.o
                0x000002ca                board_init
 .text.ccp_write_io
                0x0000038c        0xc src/ASF/xmega/drivers/cpu/ccp.o
                0x0000038c                ccp_write_io
 .text.main     0x00000398       0x4c src/ioport_example3.o
                0x00000398                main
                0x000003e4                . = ALIGN (0x2)
 *(.fini9)
 .fini9         0x000003e4        0x0 c:/program files (x86)/atmel/studio/7.0/toolchain/avr8/avr8-gnu-toolchain/bin/../lib/gcc/avr/5.4.0/avrxmega7\libgcc.a(_exit.o)
                0x000003e4                _exit
                0x000003e4                exit
 *(.fini9)
 *(.fini8)
 *(.fini8)
 *(.fini7)
 *(.fini7)
 *(.fini6)
 *(.fini6)
 *(.fini5)
 *(.fini5)
 *(.fini4)
 *(.fini4)
 *(.fini3)
 *(.fini3)
 *(.fini2)
 *(.fini2)
 *(.fini1)
 *(.fini1)
 *(.fini0)
 .fini0         0x000003e4        0x4 c:/program files (x86)/atmel/studio/7.0/toolchain/avr8/avr8-gnu-toolchain/bin/../lib/gcc/avr/5.4.0/avrxmega7\libgcc.a(_exit.o)
 *(.fini0)
                0x000003e8                _etext = .

.data           0x00802000        0x0 load address 0x000003e8
                [!provide]                PROVIDE (__data_start, .)
 *(.data)
 *(.data*)
 *(.rodata)
 *(.rodata*)
 *(.gnu.linkonce.d*)
                0x00802000                . = ALIGN (0x2)
                0x00802000                _edata = .
                [!provide]                PROVIDE (__data_end, .)

.bss            0x00802000        0x0
                [!provide]                PROVIDE (__bss_start, .)
 *(.bss)
 *(.bss*)
 *(COMMON)
                [!provide]                PROVIDE (__bss_end, .)
                0x000003e8                __data_load_start = LOADADDR (.data)
                0x000003e8                __data_load_end = (__data_load_start + SIZEOF (.data))

.noinit         0x00802000        0x0
                [!provide]                PROVIDE (__noinit_start, .)
 *(.noinit*)
                [!provide]                PROVIDE (__noinit_end, .)
                0x00802000                _end = .
                [!provide]                PROVIDE (__heap_start, .)

.eeprom         0x00810000        0x0
 *(.eeprom*)
                0x00810000                __eeprom_end = .

.fuse
 *(.fuse)
 *(.lfuse)
 *(.hfuse)
 *(.efuse)

.lock
 *(.lock*)

.signature
 *(.signature*)

.user_signatures
 *(.user_signatures*)

.stab
 *(.stab)

.stabstr
 *(.stabstr)

.stab.excl
 *(.stab.excl)

.stab.exclstr
 *(.stab.exclstr)

.stab.index
 *(.stab.index)

.stab.indexstr
 *(.stab.indexstr)

.comment        0x00000000       0x30
 *(.comment)
 .comment       0x00000000       0x30 src/ASF/common/services/clock/xmega/sysclk.o
                                 0x31 (size before relaxing)
 .comment       0x00000030       0x31 src/ASF/common/services/ioport/xmega/ioport_compat.o
 .comment       0x00000030       0x31 src/ASF/xmega/boards/xplain/init.o
 .comment       0x00000030       0x31 src/ioport_example3.o

.note.gnu.avr.deviceinfo
                0x00000000       0x40
 .note.gnu.avr.deviceinfo
                0x00000000       0x40 C:/Program Files (x86)/Atmel/Studio/7.0/Packs/atmel/XMEGAA_DFP/1.1.68/gcc/dev/atxmega128a1/avrxmega7/crtatxmega128a1.o

.note.gnu.build-id
 *(.note.gnu.build-id)

.debug
 *(.debug)

.line
 *(.line)

.debug_srcinfo
 *(.debug_srcinfo)

.debug_sfnames
 *(.debug_sfnames)

.debug_aranges  0x00000000       0xb0
 *(.debug_aranges)
 .debug_aranges
                0x00000000       0x30 src/ASF/common/services/clock/xmega/sysclk.o
 .debug_aranges
                0x00000030       0x20 src/ASF/common/services/ioport/xmega/ioport_compat.o
 .debug_aranges
                0x00000050       0x20 src/ASF/xmega/boards/xplain/init.o
 .debug_aranges
                0x00000070       0x20 src/ASF/xmega/drivers/cpu/ccp.o
 .debug_aranges
                0x00000090       0x20 src/ioport_example3.o

.debug_pubnames
 *(.debug_pubnames)

.debug_info     0x00000000     0x4c63
 *(.debug_info .gnu.linkonce.wi.*)
 .debug_info    0x00000000     0x354c C:/Program Files (x86)/Atmel/Studio/7.0/Packs/atmel/XMEGAA_DFP/1.1.68/gcc/dev/atxmega128a1/avrxmega7/crtatxmega128a1.o
 .debug_info    0x0000354c      0x64c src/ASF/common/services/clock/xmega/sysclk.o
 .debug_info    0x00003b98      0x121 src/ASF/common/services/ioport/xmega/ioport_compat.o
 .debug_info    0x00003cb9      0x809 src/ASF/xmega/boards/xplain/init.o
 .debug_info    0x000044c2       0xa8 src/ASF/xmega/drivers/cpu/ccp.o
 .debug_info    0x0000456a      0x6f9 src/ioport_example3.o

.debug_abbrev   0x00000000     0x38b9
 *(.debug_abbrev)
 .debug_abbrev  0x00000000     0x327a C:/Program Files (x86)/Atmel/Studio/7.0/Packs/atmel/XMEGAA_DFP/1.1.68/gcc/dev/atxmega128a1/avrxmega7/crtatxmega128a1.o
 .debug_abbrev  0x0000327a      0x23a src/ASF/common/services/clock/xmega/sysclk.o
 .debug_abbrev  0x000034b4       0x95 src/ASF/common/services/ioport/xmega/ioport_compat.o
 .debug_abbrev  0x00003549      0x14a src/ASF/xmega/boards/xplain/init.o
 .debug_abbrev  0x00003693       0x14 src/ASF/xmega/drivers/cpu/ccp.o
 .debug_abbrev  0x000036a7      0x212 src/ioport_example3.o

.debug_line     0x00000000     0x19f5
 *(.debug_line .debug_line.* .debug_line_end)
 .debug_line    0x00000000      0x3a9 C:/Program Files (x86)/Atmel/Studio/7.0/Packs/atmel/XMEGAA_DFP/1.1.68/gcc/dev/atxmega128a1/avrxmega7/crtatxmega128a1.o
 .debug_line    0x000003a9      0x5c3 src/ASF/common/services/clock/xmega/sysclk.o
 .debug_line    0x0000096c      0x4b2 src/ASF/common/services/ioport/xmega/ioport_compat.o
 .debug_line    0x00000e1e      0x4c3 src/ASF/xmega/boards/xplain/init.o
 .debug_line    0x000012e1       0x6e src/ASF/xmega/drivers/cpu/ccp.o
 .debug_line    0x0000134f      0x6a6 src/ioport_example3.o

.debug_frame    0x00000000       0xfc
 *(.debug_frame)
 .debug_frame   0x00000000       0x74 src/ASF/common/services/clock/xmega/sysclk.o
 .debug_frame   0x00000074       0x30 src/ASF/common/services/ioport/xmega/ioport_compat.o
 .debug_frame   0x000000a4       0x24 src/ASF/xmega/boards/xplain/init.o
 .debug_frame   0x000000c8       0x34 src/ioport_example3.o

.debug_str      0x00000000    0x29913
 *(.debug_str)
 .debug_str     0x00000000     0x23b9 C:/Program Files (x86)/Atmel/Studio/7.0/Packs/atmel/XMEGAA_DFP/1.1.68/gcc/dev/atxmega128a1/avrxmega7/crtatxmega128a1.o
 .debug_str     0x000023b9    0x26740 src/ASF/common/services/clock/xmega/sysclk.o
                              0x26f2d (size before relaxing)
 .debug_str     0x00028af9      0x6c9 src/ASF/common/services/ioport/xmega/ioport_compat.o
                              0x259f7 (size before relaxing)
 .debug_str     0x000291c2      0x1cb src/ASF/xmega/boards/xplain/init.o
                              0x26a04 (size before relaxing)
 .debug_str     0x0002938d      0x586 src/ioport_example3.o
                              0x27986 (size before relaxing)

.debug_loc      0x00000000      0x63d
 *(.debug_loc)
 .debug_loc     0x00000000      0x249 src/ASF/common/services/clock/xmega/sysclk.o
 .debug_loc     0x00000249       0x66 src/ASF/common/services/ioport/xmega/ioport_compat.o
 .debug_loc     0x000002af      0x2a0 src/ASF/xmega/boards/xplain/init.o
 .debug_loc     0x0000054f       0xee src/ioport_example3.o

.debug_macinfo
 *(.debug_macinfo)

.debug_weaknames
 *(.debug_weaknames)

.debug_funcnames
 *(.debug_funcnames)

.debug_typenames
 *(.debug_typenames)

.debug_varnames
 *(.debug_varnames)

.debug_pubtypes
 *(.debug_pubtypes)

.debug_ranges   0x00000000       0x80
 *(.debug_ranges)
 .debug_ranges  0x00000000       0x20 src/ASF/common/services/clock/xmega/sysclk.o
 .debug_ranges  0x00000020       0x10 src/ASF/common/services/ioport/xmega/ioport_compat.o
 .debug_ranges  0x00000030       0x10 src/ASF/xmega/boards/xplain/init.o
 .debug_ranges  0x00000040       0x40 src/ioport_example3.o

.debug_macro    0x00000000     0x8ecd
 *(.debug_macro)
 .debug_macro   0x00000000      0x1d2 src/ASF/common/services/clock/xmega/sysclk.o
 .debug_macro   0x000001d2      0xa90 src/ASF/common/services/clock/xmega/sysclk.o
 .debug_macro   0x00000c62       0x10 src/ASF/common/services/clock/xmega/sysclk.o
 .debug_macro   0x00000c72      0x1c9 src/ASF/common/services/clock/xmega/sysclk.o
 .debug_macro   0x00000e3b      0x2fc src/ASF/common/services/clock/xmega/sysclk.o
 .debug_macro   0x00001137       0x9e src/ASF/common/services/clock/xmega/sysclk.o
 .debug_macro   0x000011d5     0x53c9 src/ASF/common/services/clock/xmega/sysclk.o
 .debug_macro   0x0000659e       0x9a src/ASF/common/services/clock/xmega/sysclk.o
 .debug_macro   0x00006638       0xf1 src/ASF/common/services/clock/xmega/sysclk.o
 .debug_macro   0x00006729       0x34 src/ASF/common/services/clock/xmega/sysclk.o
 .debug_macro   0x0000675d       0x16 src/ASF/common/services/clock/xmega/sysclk.o
 .debug_macro   0x00006773       0x18 src/ASF/common/services/clock/xmega/sysclk.o
 .debug_macro   0x0000678b       0x5e src/ASF/common/services/clock/xmega/sysclk.o
 .debug_macro   0x000067e9       0x10 src/ASF/common/services/clock/xmega/sysclk.o
 .debug_macro   0x000067f9       0x22 src/ASF/common/services/clock/xmega/sysclk.o
 .debug_macro   0x0000681b      0x16d src/ASF/common/services/clock/xmega/sysclk.o
 .debug_macro   0x00006988       0x1c src/ASF/common/services/clock/xmega/sysclk.o
 .debug_macro   0x000069a4       0x35 src/ASF/common/services/clock/xmega/sysclk.o
 .debug_macro   0x000069d9       0x66 src/ASF/common/services/clock/xmega/sysclk.o
 .debug_macro   0x00006a3f      0x64b src/ASF/common/services/clock/xmega/sysclk.o
 .debug_macro   0x0000708a       0x97 src/ASF/common/services/clock/xmega/sysclk.o
 .debug_macro   0x00007121       0x17 src/ASF/common/services/clock/xmega/sysclk.o
 .debug_macro   0x00007138      0x250 src/ASF/common/services/clock/xmega/sysclk.o
 .debug_macro   0x00007388       0x76 src/ASF/common/services/clock/xmega/sysclk.o
 .debug_macro   0x000073fe       0x16 src/ASF/common/services/clock/xmega/sysclk.o
 .debug_macro   0x00007414      0x6e3 src/ASF/common/services/clock/xmega/sysclk.o
 .debug_macro   0x00007af7       0x10 src/ASF/common/services/clock/xmega/sysclk.o
 .debug_macro   0x00007b07      0x175 src/ASF/common/services/clock/xmega/sysclk.o
 .debug_macro   0x00007c7c       0x40 src/ASF/common/services/clock/xmega/sysclk.o
 .debug_macro   0x00007cbc       0x69 src/ASF/common/services/clock/xmega/sysclk.o
 .debug_macro   0x00007d25       0x32 src/ASF/common/services/clock/xmega/sysclk.o
 .debug_macro   0x00007d57       0xe4 src/ASF/common/services/clock/xmega/sysclk.o
 .debug_macro   0x00007e3b       0x10 src/ASF/common/services/clock/xmega/sysclk.o
 .debug_macro   0x00007e4b      0x2c6 src/ASF/common/services/clock/xmega/sysclk.o
 .debug_macro   0x00008111      0x11d src/ASF/common/services/clock/xmega/sysclk.o
 .debug_macro   0x0000822e       0x7d src/ASF/common/services/clock/xmega/sysclk.o
 .debug_macro   0x000082ab       0x2f src/ASF/common/services/clock/xmega/sysclk.o
 .debug_macro   0x000082da      0x14d src/ASF/common/services/clock/xmega/sysclk.o
 .debug_macro   0x00008427      0x195 src/ASF/common/services/ioport/xmega/ioport_compat.o
 .debug_macro   0x000085bc       0x9a src/ASF/common/services/ioport/xmega/ioport_compat.o
 .debug_macro   0x00008656      0x109 src/ASF/common/services/ioport/xmega/ioport_compat.o
 .debug_macro   0x0000875f      0x1bc src/ASF/xmega/boards/xplain/init.o
 .debug_macro   0x0000891b      0x2c0 src/ASF/xmega/boards/xplain/init.o
 .debug_macro   0x00008bdb      0x24c src/ioport_example3.o
 .debug_macro   0x00008e27       0x34 src/ioport_example3.o
 .debug_macro   0x00008e5b       0x40 src/ioport_example3.o
 .debug_macro   0x00008e9b       0x1c src/ioport_example3.o
 .debug_macro   0x00008eb7       0x16 src/ioport_example3.o
OUTPUT(IOPORT_EXAMPLE31.elf elf32-avr)
LOAD linker stubs

.BOOT           0x00020000        0x0
